06-12 19:03:42.841  1329  1385 D e       : updateAppStatus: status = 192
06-12 19:03:42.872  1329  2389 D LaunchDownloadThread: reportProgress: 
06-12 19:03:42.883  1329  1385 D e       : updateAppStatus: status = 192
06-12 19:03:42.945  1329  1385 D e       : updateAppStatus: status = 192
06-12 19:03:42.961  1329  1385 D e       : updateAppStatus: status = 192
06-12 19:03:43.369  1329  2376 D LaunchDownloadThread: reportProgress: 
06-12 19:03:43.393  1329  2389 D LaunchDownloadThread: reportProgress: 
06-12 19:03:43.470  1329  2376 D LaunchDownloadThread: reportProgress: 
06-12 19:03:43.521  1329  2389 D LaunchDownloadThread: reportProgress: 
06-12 19:03:43.547  1329  1385 D e       : updateAppStatus: status = 192
06-12 19:03:43.577  1329  1385 D e       : updateAppStatus: status = 192
06-12 19:03:43.578  1329  1385 D EventBus: No subscribers registered for event class com.mumu.store.data.PkgData
06-12 19:03:43.578  1329  1385 D EventBus: No subscribers registered for event class org.greenrobot.eventbus.h
06-12 19:03:43.580   949  1109 I create_screen: InstallationUpdatedTask: mOp = 2
06-12 19:03:43.584  1329  1385 D AppStoreModel: onDownloadProgress: pkgData = 神仙道3（赢电竞外设） percent = 87.0   index = -1
06-12 19:03:43.603  1329  2389 D LaunchDownloadThread: reportProgress: 
06-12 19:03:43.606  1329  1385 D e       : updateAppStatus: status = 192
06-12 19:03:43.632  1329  2376 D LaunchDownloadThread: reportProgress: 
06-12 19:03:43.691  1329  1385 D e       : updateAppStatus: status = 192
06-12 19:03:43.697   949   949 I Launcher: Deferring update until onResume
06-12 19:03:43.725  1329  1385 D e       : updateAppStatus: status = 192
06-12 19:03:43.740  1329  1385 D e       : updateAppStatus: status = 192
06-12 19:03:44.243  1329  2376 D LaunchDownloadThread: reportProgress: 
06-12 19:03:44.266  1329  2389 D LaunchDownloadThread: reportProgress: 
06-12 19:03:44.347  1329  2376 D LaunchDownloadThread: reportProgress: 
06-12 19:03:44.481  1329  1385 D e       : updateAppStatus: status = 192
06-12 19:03:44.542  1329  2389 D LaunchDownloadThread: reportProgress: 
06-12 19:03:44.759  1329  1385 D e       : updateAppStatus: status = 192
06-12 19:03:44.766  1329  1385 D e       : updateAppStatus: status = 192
06-12 19:03:44.814  1329  1385 D e       : updateAppStatus: status = 192
06-12 19:03:44.816  1329  2376 D LaunchDownloadThread: reportProgress: 
06-12 19:03:44.881  1329  2389 D LaunchDownloadThread: reportProgress: 
06-12 19:03:44.969  1329  2376 D LaunchDownloadThread: reportProgress: 
06-12 19:03:45.009  1329  2389 D LaunchDownloadThread: reportProgress: 
06-12 19:03:45.032  1329  1385 D e       : updateAppStatus: status = 192
06-12 19:03:45.055  1329  1385 D e       : updateAppStatus: status = 192
06-12 19:03:45.076  1329  2376 D LaunchDownloadThread: reportProgress: 
06-12 19:03:45.118  1329  2389 D LaunchDownloadThread: reportProgress: 
06-12 19:03:45.127  1329  1385 D e       : updateAppStatus: status = 192
06-12 19:03:45.145  1329  1385 D e       : updateAppStatus: status = 192
06-12 19:03:45.203  1329  1385 D e       : updateAppStatus: status = 192
06-12 19:03:45.216  1329  1385 D e       : updateAppStatus: status = 192
06-12 19:03:45.769  1329  2376 D LaunchDownloadThread: reportProgress: 
06-12 19:03:45.819  1329  2389 D LaunchDownloadThread: reportProgress: 
06-12 19:03:45.889  1329  2376 D LaunchDownloadThread: reportProgress: 
06-12 19:03:45.904  1329  2389 D LaunchDownloadThread: reportProgress: 
06-12 19:03:45.947  1329  1385 D e       : updateAppStatus: status = 192
06-12 19:03:46.002  1329  1385 D e       : updateAppStatus: status = 192
06-12 19:03:46.166  1329  1385 D e       : updateAppStatus: status = 192
06-12 19:03:46.169  1329  1385 D e       : updateAppStatus: status = 192
06-12 19:03:46.433  1329  2376 D LaunchDownloadThread: reportProgress: 
06-12 19:03:46.434  1329  2389 D LaunchDownloadThread: reportProgress: 
06-12 19:03:46.517  1329  1385 D e       : updateAppStatus: status = 192
06-12 19:03:46.534  1329  2389 D LaunchDownloadThread: reportProgress: 
06-12 19:03:46.542  1329  1385 D e       : updateAppStatus: status = 192
06-12 19:03:46.542  1329  1385 D EventBus: No subscribers registered for event class com.mumu.store.data.PkgData
06-12 19:03:46.542  1329  1385 D EventBus: No subscribers registered for event class org.greenrobot.eventbus.h
06-12 19:03:46.544   949  1109 I create_screen: InstallationUpdatedTask: mOp = 2
06-12 19:03:46.549  1329  1385 D AppStoreModel: onDownloadProgress: pkgData = 神仙道3（赢电竞外设） percent = 88.0   index = -1
06-12 19:03:46.601  1329  2376 D LaunchDownloadThread: reportProgress: 
06-12 19:03:46.689  1329  2389 D LaunchDownloadThread: reportProgress: 
06-12 19:03:46.694  1329  1385 D e       : updateAppStatus: status = 192
06-12 19:03:47.078   949   949 I Launcher: Deferring update until onResume
06-12 19:03:47.384  1329  2389 D LaunchDownloadThread: reportProgress: 
06-12 19:03:47.600   595  1048 D NetlinkSocketObserver: NeighborEvent{elapsedMs=3972680, 10.0.2.2, [525400123502], RTM_NEWNEIGH, NUD_REACHABLE}
06-12 19:03:47.614  1329  1385 D e       : updateAppStatus: status = 192
06-12 19:03:47.710  1329  2376 D LaunchDownloadThread: reportProgress: 
06-12 19:03:47.844  1329  1385 D e       : updateAppStatus: status = 192
06-12 19:03:47.956  1329  2389 D LaunchDownloadThread: reportProgress: 
06-12 19:03:48.045  1329  2376 D LaunchDownloadThread: reportProgress: 
06-12 19:03:48.110  1329  1385 D e       : updateAppStatus: status = 192
06-12 19:03:48.118  1329  2389 D LaunchDownloadThread: reportProgress: 
06-12 19:03:48.124  1329  1385 D e       : updateAppStatus: status = 192
06-12 19:03:48.130  1329  2376 D LaunchDownloadThread: reportProgress: 
06-12 19:03:48.153  1329  1385 D e       : updateAppStatus: status = 192
06-12 19:03:48.170  1329  2389 D LaunchDownloadThread: reportProgress: 
06-12 19:03:48.181  1329  2376 D LaunchDownloadThread: reportProgress: 
06-12 19:03:48.194  1329  1385 D e       : updateAppStatus: status = 192
06-12 19:03:48.217  1329  2389 D LaunchDownloadThread: reportProgress: 
06-12 19:03:48.223  1329  1385 D e       : updateAppStatus: status = 192
06-12 19:03:48.230  1329  2376 D LaunchDownloadThread: reportProgress: 
06-12 19:03:48.249  1329  1385 D e       : updateAppStatus: status = 192
06-12 19:03:48.249  1329  1385 D EventBus: No subscribers registered for event class com.mumu.store.data.PkgData
06-12 19:03:48.249  1329  1385 D EventBus: No subscribers registered for event class org.greenrobot.eventbus.h
06-12 19:03:48.251   949  1109 I create_screen: InstallationUpdatedTask: mOp = 2
06-12 19:03:48.252  1329  1385 D AppStoreModel: onDownloadProgress: pkgData = 我叫MT：经典再现 percent = 30.0   index = -1
06-12 19:03:48.303  1329  2376 D LaunchDownloadThread: reportProgress: 
06-12 19:03:48.392  1329  1385 D e       : updateAppStatus: status = 192
06-12 19:03:48.466  1329  1385 D e       : updateAppStatus: status = 192
06-12 19:03:48.866   949   949 I Launcher: Deferring update until onResume
06-12 19:03:48.872  1329  1385 D e       : updateAppStatus: status = 192
06-12 19:03:48.877  1329  1385 D e       : updateAppStatus: status = 192
06-12 19:03:48.880  1329  1385 D e       : updateAppStatus: status = 192
06-12 19:03:49.037  1329  2377 W art     : Long monitor contention event with owner method=void java.lang.Thread.parkFor$(long) from Thread.java:1208 waiters=0 for 394ms
06-12 19:03:49.045  1329  2389 D LaunchDownloadThread: reportProgress: 
06-12 19:03:49.216  1329  2389 D LaunchDownloadThread: reportProgress: 
06-12 19:03:49.220  1329  2376 D LaunchDownloadThread: reportProgress: 
06-12 19:03:49.240  1329  1385 D e       : updateAppStatus: status = 192
06-12 19:03:49.279  1329  1385 D e       : updateAppStatus: status = 192
06-12 19:03:49.309  1329  1385 D e       : updateAppStatus: status = 192
06-12 19:03:49.473  1329  2389 D LaunchDownloadThread: reportProgress: 
06-12 19:03:49.587  1329  2376 D LaunchDownloadThread: reportProgress: 
06-12 19:03:49.621  1329  2376 D LaunchDownloadThread: reportProgress: 
06-12 19:03:49.636  1329  2389 D LaunchDownloadThread: reportProgress: 
06-12 19:03:49.670  1329  1385 D e       : updateAppStatus: status = 192
06-12 19:03:49.696  1329  2376 D LaunchDownloadThread: reportProgress: 
06-12 19:03:49.734  1329  1385 D e       : updateAppStatus: status = 192
06-12 19:03:49.740  1329  2389 D LaunchDownloadThread: reportProgress: 
06-12 19:03:49.784  1329  1385 D e       : updateAppStatus: status = 192
06-12 19:03:49.802  1329  2376 D LaunchDownloadThread: reportProgress: 
06-12 19:03:49.865  1329  1385 D e       : updateAppStatus: status = 192
06-12 19:03:49.969  1329  1385 D e       : updateAppStatus: status = 192
06-12 19:03:50.019  1329  1385 D e       : updateAppStatus: status = 192
06-12 19:03:50.022  1329  1385 D e       : updateAppStatus: status = 192
06-12 19:03:50.724  1329  2389 D LaunchDownloadThread: reportProgress: 
06-12 19:03:50.741  1329  2376 D LaunchDownloadThread: reportProgress: 
06-12 19:03:50.876  1329  2389 D LaunchDownloadThread: reportProgress: 
06-12 19:03:50.879  1329  1385 D e       : updateAppStatus: status = 192
06-12 19:03:50.882  1329  1385 D e       : updateAppStatus: status = 192
06-12 19:03:51.043  1329  2389 D LaunchDownloadThread: reportProgress: 
06-12 19:03:51.095  1329  1385 D e       : updateAppStatus: status = 192
06-12 19:03:51.179  1329  2376 D LaunchDownloadThread: reportProgress: 
06-12 19:03:51.271   595   605 I art     : Background partial concurrent mark sweep GC freed 8834(450KB) AllocSpace objects, 3(76KB) LOS objects, 33% free, 9MB/14MB, paused 1.071ms total 212.850ms
06-12 19:03:51.320  1329  1385 D e       : updateAppStatus: status = 192
06-12 19:03:51.320  1329  1385 D EventBus: No subscribers registered for event class com.mumu.store.data.PkgData
06-12 19:03:51.320  1329  1385 D EventBus: No subscribers registered for event class org.greenrobot.eventbus.h
06-12 19:03:51.322   949  1109 I create_screen: InstallationUpdatedTask: mOp = 2
06-12 19:03:51.337  1329  1385 D AppStoreModel: onDownloadProgress: pkgData = 神仙道3（赢电竞外设） percent = 89.0   index = -1
06-12 19:03:51.361  1329  2389 D LaunchDownloadThread: reportProgress: 
06-12 19:03:51.517  1329  1385 D e       : updateAppStatus: status = 192
06-12 19:03:51.518   949   949 I Launcher: Deferring update until onResume
06-12 19:03:51.522  1329  2389 D LaunchDownloadThread: reportProgress: 
06-12 19:03:51.612  1329  2376 D LaunchDownloadThread: reportProgress: 
06-12 19:03:51.615  1329  1385 D e       : updateAppStatus: status = 192
06-12 19:03:51.621  1329  1385 D e       : updateAppStatus: status = 192
06-12 19:03:51.904  1329  1385 D e       : updateAppStatus: status = 192
06-12 19:03:52.009   871   871 E wpa_supplicant: wpa driver wired get scan results for ssid: h5Rk4a35QoQ
06-12 19:03:52.225  1329  2389 D LaunchDownloadThread: reportProgress: 
06-12 19:03:52.448  1329  2376 D LaunchDownloadThread: reportProgress: 
06-12 19:03:52.849  1329  2376 D LaunchDownloadThread: reportProgress: 
06-12 19:03:52.862  1329  2389 D LaunchDownloadThread: reportProgress: 
06-12 19:03:52.874  1329  1385 D e       : updateAppStatus: status = 192
06-12 19:03:52.901  1329  2376 D LaunchDownloadThread: reportProgress: 
06-12 19:03:52.907  1329  1385 D e       : updateAppStatus: status = 192
06-12 19:03:52.924  1329  2389 D LaunchDownloadThread: reportProgress: 
06-12 19:03:52.979  1329  1385 D e       : updateAppStatus: status = 192
06-12 19:03:53.114  1329  2376 D LaunchDownloadThread: reportProgress: 
06-12 19:03:53.265  1329  1385 D e       : updateAppStatus: status = 192
06-12 19:03:53.271  1329  2389 D LaunchDownloadThread: reportProgress: 
06-12 19:03:53.299  1329  2376 D LaunchDownloadThread: reportProgress: 
06-12 19:03:53.308  1329  1385 D e       : updateAppStatus: status = 192
06-12 19:03:53.398  1329  2389 D LaunchDownloadThread: reportProgress: 
06-12 19:03:53.870  1329  1385 D e       : updateAppStatus: status = 192
06-12 19:03:53.967  1329  2376 D LaunchDownloadThread: reportProgress: 
06-12 19:03:53.976  1329  1385 D e       : updateAppStatus: status = 192
06-12 19:03:54.008  1329  2389 D LaunchDownloadThread: reportProgress: 
06-12 19:03:54.021  1329  1385 D e       : updateAppStatus: status = 192
06-12 19:03:54.037  1329  2376 D LaunchDownloadThread: reportProgress: 
06-12 19:03:54.053  1329  1385 D e       : updateAppStatus: status = 192
06-12 19:03:54.067  1329  2389 D LaunchDownloadThread: reportProgress: 
06-12 19:03:54.085  1329  1385 D e       : updateAppStatus: status = 192
06-12 19:03:54.251  1329  1385 D e       : updateAppStatus: status = 192
06-12 19:03:54.253  1329  1385 D e       : updateAppStatus: status = 192
06-12 19:03:54.261  1329  1385 D e       : updateAppStatus: status = 192
06-12 19:03:54.268  1329  1385 D e       : updateAppStatus: status = 192
06-12 19:03:54.435  1329  2389 D LaunchDownloadThread: reportProgress: 
06-12 19:03:54.437  1329  2376 D LaunchDownloadThread: reportProgress: 
06-12 19:03:54.585  1329  2396 W art     : Long monitor contention event with owner method=void g.a.a(g.a, long, boolean) from Proguard:4294967295 waiters=1 for 110ms
06-12 19:03:54.837  1329  2376 D LaunchDownloadThread: reportProgress: 
06-12 19:03:55.319  1329  1385 D e       : updateAppStatus: status = 192
06-12 19:03:55.336  1329  2389 D LaunchDownloadThread: reportProgress: 
06-12 19:03:55.358  1329  1385 D e       : updateAppStatus: status = 192
06-12 19:03:55.396  1329  2376 D LaunchDownloadThread: reportProgress: 
06-12 19:03:55.405  1329  2389 D LaunchDownloadThread: reportProgress: 
06-12 19:03:55.412  1329  1385 D e       : updateAppStatus: status = 192
06-12 19:03:55.421  1329  2376 D LaunchDownloadThread: reportProgress: 
06-12 19:03:55.428  1329  1385 D e       : updateAppStatus: status = 192
06-12 19:03:55.498  1329  2389 D LaunchDownloadThread: reportProgress: 
06-12 19:03:55.534  1329  1385 D e       : updateAppStatus: status = 192
06-12 19:03:55.574  1329  1385 D e       : updateAppStatus: status = 192
06-12 19:03:55.587  1329  2376 D LaunchDownloadThread: reportProgress: 
06-12 19:03:55.646  1329  1385 D e       : updateAppStatus: status = 192
06-12 19:03:55.664  1329  2389 D LaunchDownloadThread: reportProgress: 
06-12 19:03:55.849  1329  1385 D e       : updateAppStatus: status = 192
06-12 19:03:55.895  1329  1385 D e       : updateAppStatus: status = 192
06-12 19:03:55.899  1329  1385 D e       : updateAppStatus: status = 192
06-12 19:03:55.942  1329  2389 D LaunchDownloadThread: reportProgress: 
06-12 19:03:55.958  1329  2376 D LaunchDownloadThread: reportProgress: 
06-12 19:03:55.990  1329  1385 D e       : updateAppStatus: status = 192
06-12 19:03:55.994  1329  1385 D e       : updateAppStatus: status = 192
06-12 19:03:56.220  1329  2377 W art     : Long monitor contention event with owner method=void g.a.a(g.a, long, boolean) from Proguard:4294967295 waiters=10 for 184ms
06-12 19:03:56.223  1329  2389 D LaunchDownloadThread: reportProgress: 
06-12 19:03:56.225  1329  2376 D LaunchDownloadThread: reportProgress: 
06-12 19:03:56.353  2431  2564 D WorkerThreadMonitor: Kill MSF check result[ senderSize:0,sendInterval:341527,receiveInterval=21955,addCmdCount=55
06-12 19:03:56.373  1329  2389 D LaunchDownloadThread: reportProgress: 
06-12 19:03:56.389  1329  2376 D LaunchDownloadThread: reportProgress: 
06-12 19:03:56.403  1329  1385 D e       : updateAppStatus: status = 192
06-12 19:03:56.452  1329  1385 D e       : updateAppStatus: status = 192
06-12 19:03:56.485  1329  1385 D e       : updateAppStatus: status = 192
06-12 19:03:56.487  1329  2376 D LaunchDownloadThread: reportProgress: 
06-12 19:03:56.491  1329  1385 D e       : updateAppStatus: status = 192
06-12 19:03:56.580  1329  1385 D e       : updateAppStatus: status = 192
06-12 19:03:56.960  1329  2376 D LaunchDownloadThread: reportProgress: 
06-12 19:03:57.288  1329  2389 D LaunchDownloadThread: reportProgress: 
06-12 19:03:57.343  1329  2389 D LaunchDownloadThread: reportProgress: 
06-12 19:03:57.367   935  2756 D com.netease.nemu_vapi_android.thread.HttpServer: http server response data: {"errcode":0,"message":"OK","return":{"volume":1}}
06-12 19:03:57.507  1329  1385 D e       : updateAppStatus: status = 192
06-12 19:03:57.508  1329  1385 D EventBus: No subscribers registered for event class com.mumu.store.data.PkgData
06-12 19:03:57.508  1329  1385 D EventBus: No subscribers registered for event class org.greenrobot.eventbus.h
06-12 19:03:57.510  1329  1385 D AppStoreModel: onDownloadProgress: pkgData = 神仙道3（赢电竞外设） percent = 90.0   index = -1
06-12 19:03:57.516  1329  2376 D LaunchDownloadThread: reportProgress: 
06-12 19:03:57.518   949  1109 I create_screen: InstallationUpdatedTask: mOp = 2
06-12 19:03:57.539  1329  1385 D e       : updateAppStatus: status = 192
06-12 19:03:57.568  1329  2389 D LaunchDownloadThread: reportProgress: 
06-12 19:03:57.732  1329  2376 D LaunchDownloadThread: reportProgress: 
06-12 19:03:57.737  1329  1385 D e       : updateAppStatus: status = 192
06-12 19:03:57.768  1329  2389 D LaunchDownloadThread: reportProgress: 
06-12 19:03:57.775  1329  1385 D e       : updateAppStatus: status = 192
06-12 19:03:57.782  1329  2376 D LaunchDownloadThread: reportProgress: 
06-12 19:03:57.802  1329  1385 D e       : updateAppStatus: status = 192
06-12 19:03:57.848  1329  2389 D LaunchDownloadThread: reportProgress: 
06-12 19:03:57.888  1329  2376 D LaunchDownloadThread: reportProgress: 
06-12 19:03:57.892   949   949 I Launcher: Deferring update until onResume
06-12 19:03:57.894  1329  1385 D e       : updateAppStatus: status = 192
06-12 19:03:57.988  1329  1385 D e       : updateAppStatus: status = 192
06-12 19:03:58.051  1329  1341 W art     : Suspending all threads took: 13.759ms
06-12 19:03:58.192  1329  1385 D e       : updateAppStatus: status = 192
06-12 19:03:58.225  1329  1385 D e       : updateAppStatus: status = 192
06-12 19:03:58.321  1329  1385 D e       : updateAppStatus: status = 192
06-12 19:03:59.049  1329  2376 D LaunchDownloadThread: reportProgress: 
06-12 19:03:59.170  1329  2389 D LaunchDownloadThread: reportProgress: 
06-12 19:03:59.204  1329  2376 D LaunchDownloadThread: reportProgress: 
06-12 19:03:59.285  1329  1385 D e       : updateAppStatus: status = 192
06-12 19:03:59.315  1329  2389 D LaunchDownloadThread: reportProgress: 
06-12 19:03:59.352  2356  2356 I Choreographer: Skipped 39 frames!  The application may be doing too much work on its main thread.
06-12 19:03:59.406  1329  1385 D e       : updateAppStatus: status = 192
06-12 19:03:59.436  1329  2376 D LaunchDownloadThread: reportProgress: 
06-12 19:03:59.458  1329  2389 D LaunchDownloadThread: reportProgress: 
06-12 19:03:59.481  1329  1385 D e       : updateAppStatus: status = 192
06-12 19:03:59.544  1329  1385 D e       : updateAppStatus: status = 192
06-12 19:03:59.556  1329  2376 D LaunchDownloadThread: reportProgress: 
06-12 19:03:59.559  1329  1385 D e       : updateAppStatus: status = 192
06-12 19:03:59.566  1329  2389 D LaunchDownloadThread: reportProgress: 
06-12 19:03:59.589  1329  1385 D e       : updateAppStatus: status = 192
06-12 19:03:59.601  1329  2376 D LaunchDownloadThread: reportProgress: 
06-12 19:03:59.613  2356  2400 D GuardManager.GuardStateScheduler: [process] filterRealForegroundProcMap: invoked.  realProcMap: {com.tencent.mobileqq=1686567406292}
06-12 19:03:59.758  1329  2389 D LaunchDownloadThread: reportProgress: 
06-12 19:03:59.807  1329  1385 D e       : updateAppStatus: status = 192
06-12 19:03:59.834  1329  1385 D e       : updateAppStatus: status = 192
06-12 19:03:59.863   935  2756 D com.netease.nemu_vapi_android.thread.HttpServer: http server response data: {"errcode":0,"message":"OK"}
06-12 19:03:59.921  1329  1385 D e       : updateAppStatus: status = 192
06-12 19:03:59.945  1329  1385 D e       : updateAppStatus: status = 192
06-12 19:04:00.211  1329  2398 W art     : Long monitor contention event with owner method=void g.a.a(g.a, long, boolean) from Proguard:4294967295 waiters=9 for 114ms
06-12 19:04:00.488   595   748 I InputReader: Reconfiguring input devices.  changes=0x00000004
06-12 19:04:00.488   595   748 I InputReader: Device reconfigured: id=1, name='nemuVM Virtual Input', size 960x540, orientation 0, mode 1, display id 0
06-12 19:04:00.565  1329  2397 W art     : Long monitor contention event with owner method=void g.a.a(g.a, long, boolean) from Proguard:4294967295 waiters=6 for 116ms
06-12 19:04:00.630  1329  2388 W art     : Long monitor contention event with owner method=void g.a.a(g.a, long, boolean) from Proguard:4294967295 waiters=7 for 177ms
06-12 19:04:00.634  1329  2376 D LaunchDownloadThread: reportProgress: 
06-12 19:04:00.663   595  1691 W art     : Long monitor contention event with owner method=void com.android.server.am.ActivityManagerService.activityPaused(android.os.IBinder) from ActivityManagerService.java:6992 waiters=0 for 353ms
06-12 19:04:00.700   595  1270 W art     : Long monitor contention event with owner method=com.android.internal.view.InputBindResult com.android.server.InputMethodManagerService.windowGainedFocus(com.android.internal.view.IInputMethodClient, android.os.IBinder, int, int, int, android.view.inputmethod.EditorInfo, com.android.internal.view.IInputContext) from InputMethodManagerService.java:2202 waiters=0 for 293ms
06-12 19:04:00.701   949   949 I Choreographer: Skipped 34 frames!  The application may be doing too much work on its main thread.
06-12 19:04:00.711   595   648 W art     : Long monitor contention event with owner method=void com.android.server.am.ActivityManagerService.activityPaused(android.os.IBinder) from ActivityManagerService.java:6992 waiters=2 for 276ms
06-12 19:04:00.741   935  2756 D com.netease.nemu_vapi_android.thread.HttpServer: http server response data: {"errcode":0,"message":"OK","return":{"active":"com.mumu.launcher","installed":[{"appName":"QQ","packageName":"com.tencent.mobileqq","version":"8.8.3"},{"appName":"大话西游：归来","packageName":"com.netease.xyfz","version":"1.1.341"}],"recent":[]}}
06-12 19:04:00.827  1329  2389 D LaunchDownloadThread: reportProgress: 
06-12 19:04:00.939  1329  2376 D LaunchDownloadThread: reportProgress: 
06-12 19:04:00.941   949   949 I create_screen: bindAddScreens: orderedScreenIds size = 0
06-12 19:04:01.121  1329  1385 D e       : updateAppStatus: status = 192
06-12 19:04:01.153  1329  2389 D LaunchDownloadThread: reportProgress: 
06-12 19:04:01.180  1329  2376 D LaunchDownloadThread: reportProgress: 
06-12 19:04:01.186  1329  1385 D e       : updateAppStatus: status = 192
06-12 19:04:01.201   949   949 I create_screen: bindAddScreens: orderedScreenIds size = 0
06-12 19:04:01.260  1329  2389 D LaunchDownloadThread: reportProgress: 
06-12 19:04:01.275  1329  1385 D e       : updateAppStatus: status = 192
06-12 19:04:01.369  1329  2376 D LaunchDownloadThread: reportProgress: 
06-12 19:04:01.400  1329  1385 D e       : updateAppStatus: status = 192
06-12 19:04:01.487  1329  1385 D e       : updateAppStatus: status = 192
06-12 19:04:01.490  1329  2389 D LaunchDownloadThread: reportProgress: 
06-12 19:04:01.519   595   605 I art     : Background partial concurrent mark sweep GC freed 9938(517KB) AllocSpace objects, 4(100KB) LOS objects, 33% free, 9MB/14MB, paused 5.582ms total 95.241ms
06-12 19:04:01.572   935  2756 D com.netease.nemu_vapi_android.thread.HttpServer: http server response data: {"errcode":0,"message":"OK","return":{"active":"com.mumu.launcher","installed":[{"appName":"QQ","packageName":"com.tencent.mobileqq","version":"8.8.3"},{"appName":"大话西游：归来","packageName":"com.netease.xyfz","version":"1.1.341"}],"recent":[]}}
06-12 19:04:01.709   935  2762 D com.netease.nemu_vapi_android.thread.HttpServer: http server response data: {"errcode":0,"message":"OK"}
06-12 19:04:01.735   949   985 I art     : Background sticky concurrent mark sweep GC freed 4581(319KB) AllocSpace objects, 18(3MB) LOS objects, 35% free, 6MB/10MB, paused 767us total 105.750ms
06-12 19:04:01.736  1329  2376 D LaunchDownloadThread: reportProgress: 
06-12 19:04:01.768   935  2761 D com.netease.nemu_vapi_android.thread.HttpServer: http server response data: {"errcode":0,"message":"OK"}
06-12 19:04:01.823  1329  1385 D e       : updateAppStatus: status = 192
06-12 19:04:01.939  1329  2389 D LaunchDownloadThread: reportProgress: 
06-12 19:04:01.993  1329  1385 D e       : updateAppStatus: status = 192
06-12 19:04:02.019  1329  1385 D e       : updateAppStatus: status = 192
06-12 19:04:02.031  1329  1385 D e       : updateAppStatus: status = 192
06-12 19:04:02.143  1329  1385 D e       : updateAppStatus: status = 192
06-12 19:04:02.143  1329  1385 D EventBus: No subscribers registered for event class com.mumu.store.data.PkgData
06-12 19:04:02.143  1329  1385 D EventBus: No subscribers registered for event class org.greenrobot.eventbus.h
06-12 19:04:02.158  1329  1385 D AppStoreModel: onDownloadProgress: pkgData = 神仙道3（赢电竞外设） percent = 91.0   index = -1
06-12 19:04:02.175   949  1109 I create_screen: InstallationUpdatedTask: mOp = 2
06-12 19:04:02.228  1329  2376 D LaunchDownloadThread: reportProgress: 
06-12 19:04:02.234  1329  2389 D LaunchDownloadThread: reportProgress: 
06-12 19:04:02.472  1329  2389 D LaunchDownloadThread: reportProgress: 
06-12 19:04:02.533  1329  1385 D e       : updateAppStatus: status = 192
06-12 19:04:02.591  1329  1385 D e       : updateAppStatus: status = 192
06-12 19:04:02.600  1329  2376 D LaunchDownloadThread: reportProgress: 
06-12 19:04:02.612  1329  2389 D LaunchDownloadThread: reportProgress: 
06-12 19:04:02.633  1329  1385 D e       : updateAppStatus: status = 192
06-12 19:04:02.648  1329  2376 D LaunchDownloadThread: reportProgress: 
06-12 19:04:02.673  1329  2389 D LaunchDownloadThread: reportProgress: 
06-12 19:04:02.681  1329  1385 D e       : updateAppStatus: status = 192
06-12 19:04:02.878  1329  2376 D LaunchDownloadThread: reportProgress: 
06-12 19:04:02.887  1329  1385 D e       : updateAppStatus: status = 192
06-12 19:04:02.902  1329  2389 D LaunchDownloadThread: reportProgress: 
06-12 19:04:02.917  1329  1385 D e       : updateAppStatus: status = 192
06-12 19:04:02.977   595   656 I art     : Starting a blocking GC Explicit
06-12 19:04:03.011   595   656 I art     : Explicit concurrent mark sweep GC freed 3030(181KB) AllocSpace objects, 0(0B) LOS objects, 33% free, 9MB/14MB, paused 3.514ms total 32.481ms
06-12 19:04:03.015  1329  1385 D e       : updateAppStatus: status = 192
06-12 19:04:03.090  1329  1385 D e       : updateAppStatus: status = 192
06-12 19:04:03.155  1329  1385 D e       : updateAppStatus: status = 192
06-12 19:04:03.161  1329  2376 D LaunchDownloadThread: reportProgress: 
06-12 19:04:03.433  1329  1385 D e       : updateAppStatus: status = 192
06-12 19:04:03.752  1329  2376 D LaunchDownloadThread: reportProgress: 
06-12 19:04:03.780  1329  2389 D LaunchDownloadThread: reportProgress: 
06-12 19:04:03.835  1329  2376 D LaunchDownloadThread: reportProgress: 
06-12 19:04:03.879  1329  2389 D LaunchDownloadThread: reportProgress: 
06-12 19:04:03.885  1329  1385 D e       : updateAppStatus: status = 192
06-12 19:04:03.942  1329  1385 D e       : updateAppStatus: status = 192
06-12 19:04:03.992  1329  2389 D LaunchDownloadThread: reportProgress: 
06-12 19:04:04.065  1329  1385 D e       : updateAppStatus: status = 192
06-12 19:04:04.151  1329  2376 D LaunchDownloadThread: reportProgress: 
06-12 19:04:04.158  1329  1385 D e       : updateAppStatus: status = 192
06-12 19:04:04.177  1329  1385 D e       : updateAppStatus: status = 192
06-12 19:04:04.193  1329  2389 D LaunchDownloadThread: reportProgress: 
06-12 19:04:04.205  1329  2376 D LaunchDownloadThread: reportProgress: 
06-12 19:04:04.221  1329  1385 D e       : updateAppStatus: status = 192
06-12 19:04:04.237  1329  2389 D LaunchDownloadThread: reportProgress: 
06-12 19:04:04.259  1329  1385 D e       : updateAppStatus: status = 192
06-12 19:04:04.282  1329  1385 D e       : updateAppStatus: status = 192
06-12 19:04:04.298  1329  1385 D e       : updateAppStatus: status = 192
06-12 19:04:04.670  1329  2376 D LaunchDownloadThread: reportProgress: 
06-12 19:04:04.906  1329  1385 D e       : updateAppStatus: status = 192
06-12 19:04:05.326  1329  2376 D LaunchDownloadThread: reportProgress: 
06-12 19:04:05.346  1329  2389 D LaunchDownloadThread: reportProgress: 
06-12 19:04:05.424  1329  2376 D LaunchDownloadThread: reportProgress: 
06-12 19:04:05.451  1329  1385 D e       : updateAppStatus: status = 192
06-12 19:04:05.451  1329  1385 D EventBus: No subscribers registered for event class com.mumu.store.data.PkgData
06-12 19:04:05.451  1329  1385 D EventBus: No subscribers registered for event class org.greenrobot.eventbus.h
06-12 19:04:05.454   949  1109 I create_screen: InstallationUpdatedTask: mOp = 2
06-12 19:04:05.457  1329  1385 D AppStoreModel: onDownloadProgress: pkgData = 我叫MT：经典再现 percent = 31.0   index = -1
06-12 19:04:05.554  1329  2389 D LaunchDownloadThread: reportProgress: 
06-12 19:04:05.576  1329  1385 D e       : updateAppStatus: status = 192
06-12 19:04:05.619  1329  1385 D e       : updateAppStatus: status = 192
06-12 19:04:05.652  1329  2376 D LaunchDownloadThread: reportProgress: 
06-12 19:04:05.743  1329  2389 D LaunchDownloadThread: reportProgress: 
06-12 19:04:05.760  1329  2376 D LaunchDownloadThread: reportProgress: 
06-12 19:04:05.778  1329  1385 D e       : updateAppStatus: status = 192
06-12 19:04:05.805  1329  2389 D LaunchDownloadThread: reportProgress: 
06-12 19:04:05.819  1329  1385 D e       : updateAppStatus: status = 192
06-12 19:04:05.882  1329  1385 D e       : updateAppStatus: status = 192
06-12 19:04:05.889  1329  1385 D e       : updateAppStatus: status = 192
06-12 19:04:06.094  1329  2389 D LaunchDownloadThread: reportProgress: 
06-12 19:04:06.097  1329  1385 D e       : updateAppStatus: status = 192
06-12 19:04:06.175  1329  2376 D LaunchDownloadThread: reportProgress: 
06-12 19:04:06.299  1329  1385 D e       : updateAppStatus: status = 192
06-12 19:04:06.299  1329  1385 D EventBus: No subscribers registered for event class com.mumu.store.data.PkgData
06-12 19:04:06.299  1329  1385 D EventBus: No subscribers registered for event class org.greenrobot.eventbus.h
06-12 19:04:06.301  1329  1385 D AppStoreModel: onDownloadProgress: pkgData = 神仙道3（赢电竞外设） percent = 92.0   index = -1
06-12 19:04:06.302   949  1109 I create_screen: InstallationUpdatedTask: mOp = 2
06-12 19:04:06.314  1329  1385 D e       : updateAppStatus: status = 192
06-12 19:04:06.620  1329  2377 W art     : Long monitor contention event with owner method=void g.a.a(g.a, long, boolean) from Proguard:4294967295 waiters=1 for 128ms
06-12 19:04:06.867  1329  2389 D LaunchDownloadThread: reportProgress: 
06-12 19:04:06.871  1329  2376 D LaunchDownloadThread: reportProgress: 
06-12 19:04:07.015  1329  2389 D LaunchDownloadThread: reportProgress: 
06-12 19:04:07.028  1329  2376 D LaunchDownloadThread: reportProgress: 
06-12 19:04:07.038  1329  1385 D e       : updateAppStatus: status = 192
06-12 19:04:07.078  1329  1385 D e       : updateAppStatus: status = 192
06-12 19:04:07.146  1329  1385 D e       : updateAppStatus: status = 192
06-12 19:04:07.152  1329  1385 D e       : updateAppStatus: status = 192
06-12 19:04:07.167  1329  2376 D LaunchDownloadThread: reportProgress: 
06-12 19:04:07.274  1329  2389 D LaunchDownloadThread: reportProgress: 
06-12 19:04:07.304  1329  2376 D LaunchDownloadThread: reportProgress: 
06-12 19:04:07.329  1329  2389 D LaunchDownloadThread: reportProgress: 
06-12 19:04:07.341  1329  1385 D e       : updateAppStatus: status = 192
06-12 19:04:07.410  1329  1385 D e       : updateAppStatus: status = 192
06-12 19:04:07.466  1329  1385 D e       : updateAppStatus: status = 192
06-12 19:04:07.480  1329  2389 D LaunchDownloadThread: reportProgress: 
06-12 19:04:07.501  1329  1385 D e       : updateAppStatus: status = 192
06-12 19:04:07.665  1329  1385 D e       : updateAppStatus: status = 192
06-12 19:04:07.768  1329  2376 D LaunchDownloadThread: reportProgress: 
06-12 19:04:07.811  1329  2389 D LaunchDownloadThread: reportProgress: 
06-12 19:04:07.831  1329  2387 D ChunkThread: notifyDownloadCompleted: 
06-12 19:04:07.831  1329  2387 D DownloadManager: Download 14 finished with mStatus SUCCESS
06-12 19:04:08.060  1329  1385 D e       : updateAppStatus: status = 192
06-12 19:04:08.210  1329  1385 D e       : updateAppStatus: status = 192
06-12 19:04:08.326  1329  1385 D e       : updateAppStatus: status = 192
06-12 19:04:08.562  1329  2376 D LaunchDownloadThread: reportProgress: 
06-12 19:04:08.745  1329  1385 D e       : updateAppStatus: status = 192
06-12 19:04:08.745  1329  2376 D LaunchDownloadThread: reportProgress: 
06-12 19:04:08.805  1329  2389 D LaunchDownloadThread: reportProgress: 
06-12 19:04:08.824  1329  2376 D LaunchDownloadThread: reportProgress: 
06-12 19:04:08.847  1329  1385 D e       : updateAppStatus: status = 192
06-12 19:04:08.862  1329  2389 D LaunchDownloadThread: reportProgress: 
06-12 19:04:08.866  1329  2376 D LaunchDownloadThread: reportProgress: 
06-12 19:04:08.873  1329  1385 D e       : updateAppStatus: status = 192
06-12 19:04:08.892  1329  1385 D e       : updateAppStatus: status = 192
06-12 19:04:08.914  1329  2389 D LaunchDownloadThread: reportProgress: 
06-12 19:04:08.945  1329  1385 D e       : updateAppStatus: status = 192
06-12 19:04:08.987  1329  1385 D e       : updateAppStatus: status = 192
06-12 19:04:09.000  1329  2389 D LaunchDownloadThread: reportProgress: 
06-12 19:04:09.146  1329  1385 D e       : updateAppStatus: status = 192
06-12 19:04:09.223  1329  1385 D e       : updateAppStatus: status = 192
06-12 19:04:09.282  1329  2376 D LaunchDownloadThread: reportProgress: 
06-12 19:04:09.323  1329  1385 D e       : updateAppStatus: status = 192
06-12 19:04:09.913  1329  2376 D LaunchDownloadThread: reportProgress: 
06-12 19:04:09.964  1329  1385 D e       : updateAppStatus: status = 192
06-12 19:04:10.007  1329  2376 D LaunchDownloadThread: reportProgress: 
06-12 19:04:10.195  1329  1385 D e       : updateAppStatus: status = 192
06-12 19:04:10.296  1329  2389 D LaunchDownloadThread: reportProgress: 
06-12 19:04:10.347  1329  2376 D LaunchDownloadThread: reportProgress: 
06-12 19:04:10.427  1329  2389 D LaunchDownloadThread: reportProgress: 
06-12 19:04:10.458  1329  2376 D LaunchDownloadThread: reportProgress: 
06-12 19:04:10.477  1329  1385 D e       : updateAppStatus: status = 192
06-12 19:04:10.477  1329  1385 D EventBus: No subscribers registered for event class com.mumu.store.data.PkgData
06-12 19:04:10.477  1329  1385 D EventBus: No subscribers registered for event class org.greenrobot.eventbus.h
06-12 19:04:10.479   949  1109 I create_screen: InstallationUpdatedTask: mOp = 2
06-12 19:04:10.483  1329  1385 D AppStoreModel: onDownloadProgress: pkgData = 神仙道3（赢电竞外设） percent = 93.0   index = -1
06-12 19:04:10.492  1329  2389 D LaunchDownloadThread: reportProgress: 
06-12 19:04:10.619  1329  1385 D e       : updateAppStatus: status = 192
06-12 19:04:10.849  1329  2376 D LaunchDownloadThread: reportProgress: 
06-12 19:04:10.982   949   949 W art     : Long monitor contention event with owner method=android.graphics.Bitmap com.bumptech.glide.load.engine.bitmap_recycle.LruBitmapPool.getDirtyOrNull(int, int, android.graphics.Bitmap$Config) from LruBitmapPool.java:4294967295 waiters=0 for 171ms
06-12 19:04:11.130  1329  2389 D LaunchDownloadThread: reportProgress: 
06-12 19:04:11.231  1329  1385 D e       : updateAppStatus: status = 192
06-12 19:04:11.661  1329  1385 D e       : updateAppStatus: status = 192
06-12 19:04:11.736  1329  2376 D LaunchDownloadThread: reportProgress: 
06-12 19:04:11.757  1329  1385 D e       : updateAppStatus: status = 192
06-12 19:04:11.761  1329  1385 D e       : updateAppStatus: status = 192
06-12 19:04:11.764  1329  1385 D e       : updateAppStatus: status = 192
06-12 19:04:11.808  1329  2389 D LaunchDownloadThread: reportProgress: 
06-12 19:04:11.943  1329  1385 D e       : updateAppStatus: status = 192
06-12 19:04:11.962  1329  1385 D e       : updateAppStatus: status = 192
06-12 19:04:11.974  1329  2376 D LaunchDownloadThread: reportProgress: 
06-12 19:04:11.980  1329  2389 D LaunchDownloadThread: reportProgress: 
06-12 19:04:12.021  1329  2376 D LaunchDownloadThread: reportProgress: 
06-12 19:04:12.057  1329  1385 D e       : updateAppStatus: status = 192
06-12 19:04:12.085  1329  2389 D LaunchDownloadThread: reportProgress: 
06-12 19:04:12.105  1329  1385 D e       : updateAppStatus: status = 192
06-12 19:04:12.116  1329  2376 D LaunchDownloadThread: reportProgress: 
06-12 19:04:12.141  1329  1385 D e       : updateAppStatus: status = 192
06-12 19:04:12.248  1329  1385 D e       : updateAppStatus: status = 192
06-12 19:04:12.282  1329  1385 D e       : updateAppStatus: status = 192
06-12 19:04:12.353  1329  2376 D LaunchDownloadThread: reportProgress: 
06-12 19:04:12.419  1329  1385 D e       : updateAppStatus: status = 192
06-12 19:04:12.561  1329  2389 D LaunchDownloadThread: reportProgress: 
06-12 19:04:12.922  1329  1385 D e       : updateAppStatus: status = 192
06-12 19:04:13.301  1329  2376 D LaunchDownloadThread: reportProgress: 
06-12 19:04:13.336  1329  2389 D LaunchDownloadThread: reportProgress: 
06-12 19:04:13.413  1329  1385 D e       : updateAppStatus: status = 192
06-12 19:04:13.416  1329  2376 D LaunchDownloadThread: reportProgress: 
06-12 19:04:13.430  1329  1385 D e       : updateAppStatus: status = 192
06-12 19:04:13.437  1329  2389 D LaunchDownloadThread: reportProgress: 
06-12 19:04:13.461  1329  2376 D LaunchDownloadThread: reportProgress: 
06-12 19:04:13.482  1329  1385 D e       : updateAppStatus: status = 192
06-12 19:04:13.533  1329  1385 D e       : updateAppStatus: status = 192
06-12 19:04:13.573  1329  2376 D LaunchDownloadThread: reportProgress: 
06-12 19:04:13.610  1329  2389 D LaunchDownloadThread: reportProgress: 
06-12 19:04:13.655  1329  1385 D e       : updateAppStatus: status = 192
06-12 19:04:13.794  1329  1385 D e       : updateAppStatus: status = 192
06-12 19:04:13.849  1329  1385 D e       : updateAppStatus: status = 192
06-12 19:04:13.849  1329  1385 D EventBus: No subscribers registered for event class com.mumu.store.data.PkgData
06-12 19:04:13.849  1329  1385 D EventBus: No subscribers registered for event class org.greenrobot.eventbus.h
06-12 19:04:13.862   949  1109 I create_screen: InstallationUpdatedTask: mOp = 2
06-12 19:04:13.864  1329  1385 D AppStoreModel: onDownloadProgress: pkgData = 神仙道3（赢电竞外设） percent = 94.0   index = -1
06-12 19:04:13.899  1329  2376 D LaunchDownloadThread: reportProgress: 
06-12 19:04:14.062  1329  2389 D LaunchDownloadThread: reportProgress: 
06-12 19:04:14.283  1329  1385 D e       : updateAppStatus: status = 192
06-12 19:04:14.298  1329  1385 D e       : updateAppStatus: status = 192
06-12 19:04:14.852  1329  2376 D LaunchDownloadThread: reportProgress: 
06-12 19:04:14.887  1329  2389 D LaunchDownloadThread: reportProgress: 
06-12 19:04:14.956  1329  2376 D LaunchDownloadThread: reportProgress: 
06-12 19:04:14.967  1329  1385 D e       : updateAppStatus: status = 192
06-12 19:04:14.977  1329  2389 D LaunchDownloadThread: reportProgress: 
06-12 19:04:14.999  1329  1385 D e       : updateAppStatus: status = 192
06-12 19:04:15.022  1329  2376 D LaunchDownloadThread: reportProgress: 
06-12 19:04:15.062  1329  1385 D e       : updateAppStatus: status = 192
06-12 19:04:15.078  1329  1385 D e       : updateAppStatus: status = 192
06-12 19:04:15.116  1329  2376 D LaunchDownloadThread: reportProgress: 
06-12 19:04:15.127  1329  1385 D e       : updateAppStatus: status = 192
06-12 19:04:15.127  1329  1385 D EventBus: No subscribers registered for event class com.mumu.store.data.PkgData
06-12 19:04:15.127  1329  1385 D EventBus: No subscribers registered for event class org.greenrobot.eventbus.h
06-12 19:04:15.131  1329  1385 D AppStoreModel: onDownloadProgress: pkgData = 我叫MT：经典再现 percent = 32.0   index = -1
06-12 19:04:15.145   949  1109 I create_screen: InstallationUpdatedTask: mOp = 2
06-12 19:04:15.176  1329  2389 D LaunchDownloadThread: reportProgress: 
06-12 19:04:15.315  1329  1385 D e       : updateAppStatus: status = 192
06-12 19:04:15.349  1329  1385 D e       : updateAppStatus: status = 192
06-12 19:04:15.456  1329  2376 D LaunchDownloadThread: reportProgress: 
06-12 19:04:15.572  1329  2389 D LaunchDownloadThread: reportProgress: 
06-12 19:04:15.672  1329  1385 D e       : updateAppStatus: status = 192
06-12 19:04:15.704  1329  1385 D e       : updateAppStatus: status = 192
06-12 19:04:16.416  1329  2376 D LaunchDownloadThread: reportProgress: 
06-12 19:04:16.454  1329  2389 D LaunchDownloadThread: reportProgress: 
06-12 19:04:16.544  1329  2376 D LaunchDownloadThread: reportProgress: 
06-12 19:04:16.567  1329  2389 D LaunchDownloadThread: reportProgress: 
06-12 19:04:16.598  1329  1385 D e       : updateAppStatus: status = 192
06-12 19:04:16.616  1329  2376 D LaunchDownloadThread: reportProgress: 
06-12 19:04:16.633  1329  1385 D e       : updateAppStatus: status = 192
06-12 19:04:16.687  1329  1385 D e       : updateAppStatus: status = 192
06-12 19:04:16.693  1329  2389 D LaunchDownloadThread: reportProgress: 
06-12 19:04:16.708  1329  2376 D LaunchDownloadThread: reportProgress: 
06-12 19:04:16.726  1329  1385 D e       : updateAppStatus: status = 192
06-12 19:04:16.779  1329  1385 D e       : updateAppStatus: status = 192
06-12 19:04:16.810  1329  1385 D e       : updateAppStatus: status = 192
06-12 19:04:16.811  1329  1385 D EventBus: No subscribers registered for event class com.mumu.store.data.PkgData
06-12 19:04:16.811  1329  1385 D EventBus: No subscribers registered for event class org.greenrobot.eventbus.h
06-12 19:04:16.813  1329  1385 D AppStoreModel: onDownloadProgress: pkgData = 神仙道3（赢电竞外设） percent = 95.0   index = -1
06-12 19:04:16.817   949  1109 I create_screen: InstallationUpdatedTask: mOp = 2
06-12 19:04:16.820  1329  1385 D e       : updateAppStatus: status = 192
06-12 19:04:17.025  1329  2376 D LaunchDownloadThread: reportProgress: 
06-12 19:04:17.071  1329  2389 D LaunchDownloadThread: reportProgress: 
06-12 19:04:17.168  1329  1385 D e       : updateAppStatus: status = 192
06-12 19:04:17.175  1329  1385 D e       : updateAppStatus: status = 192
06-12 19:04:18.017  1329  2389 D LaunchDownloadThread: reportProgress: 
06-12 19:04:18.023  1329  2376 D LaunchDownloadThread: reportProgress: 
06-12 19:04:18.089  1329  2389 D LaunchDownloadThread: reportProgress: 
06-12 19:04:18.110  1329  2376 D LaunchDownloadThread: reportProgress: 
06-12 19:04:18.126  1329  1385 D e       : updateAppStatus: status = 192
06-12 19:04:18.186  1329  2389 D LaunchDownloadThread: reportProgress: 
06-12 19:04:18.202  1329  1385 D e       : updateAppStatus: status = 192
06-12 19:04:18.215  1329  2376 D LaunchDownloadThread: reportProgress: 
06-12 19:04:18.222  1329  1385 D e       : updateAppStatus: status = 192
06-12 19:04:18.244  1329  1385 D e       : updateAppStatus: status = 192
06-12 19:04:18.354  1329  2376 D LaunchDownloadThread: reportProgress: 
06-12 19:04:18.371  1329  1385 D e       : updateAppStatus: status = 192
06-12 19:04:18.490  1329  1385 D e       : updateAppStatus: status = 192
06-12 19:04:18.497   949   949 W ResourceType: No known package when getting name for resource number 0x9c000300
06-12 19:04:18.500  1329  1385 D e       : updateAppStatus: status = 192
06-12 19:04:18.530   949   949 D drawPreviewItem: drawPreviewItem: drawPreviewItem
06-12 19:04:18.530   949   949 D ForbidAppManager: checkShouldForbidCurrentShortcut: pkgName = com.android.settings