06-12 19:01:00.206  1329  1385 D EventBus: No subscribers registered for event class org.greenrobot.eventbus.h
06-12 19:01:00.209  1329  1385 D AppStoreModel: onDownloadProgress: pkgData = 我叫MT：经典再现 percent = 13.0   index = -1
06-12 19:01:00.209   949  1109 I create_screen: InstallationUpdatedTask: mOp = 2
06-12 19:01:00.274  1329  2389 D LaunchDownloadThread: reportProgress: 
06-12 19:01:00.340   949   949 I Launcher: Deferring update until onResume
06-12 19:01:00.394  1329  2376 D LaunchDownloadThread: reportProgress: 
06-12 19:01:00.412  1329  1385 D e       : updateAppStatus: status = 192
06-12 19:01:00.413  1329  1385 D EventBus: No subscribers registered for event class com.mumu.store.data.PkgData
06-12 19:01:00.413  1329  1385 D EventBus: No subscribers registered for event class org.greenrobot.eventbus.h
06-12 19:01:00.414   949  1109 I create_screen: InstallationUpdatedTask: mOp = 2
06-12 19:01:00.418  1329  1385 D AppStoreModel: onDownloadProgress: pkgData = 神仙道3（赢电竞外设） percent = 38.0   index = -1
06-12 19:01:00.497  1329  1385 D e       : updateAppStatus: status = 192
06-12 19:01:00.641  1329  1385 D e       : updateAppStatus: status = 192
06-12 19:01:00.660  1329  2389 D LaunchDownloadThread: reportProgress: 
06-12 19:01:00.667  1329  1385 D e       : updateAppStatus: status = 192
06-12 19:01:00.681   949   949 I Launcher: Deferring update until onResume
06-12 19:01:00.703  1329  1385 D e       : updateAppStatus: status = 192
06-12 19:01:00.808  1329  2376 D LaunchDownloadThread: reportProgress: 
06-12 19:01:00.985  1329  1385 D e       : updateAppStatus: status = 192
06-12 19:01:01.001  1329  2389 D LaunchDownloadThread: reportProgress: 
06-12 19:01:01.100  1329  2376 D LaunchDownloadThread: reportProgress: 
06-12 19:01:01.219  1329  1385 D e       : updateAppStatus: status = 192
06-12 19:01:01.272  1329  1385 D e       : updateAppStatus: status = 192
06-12 19:01:01.399  1329  2389 D LaunchDownloadThread: reportProgress: 
06-12 19:01:01.483  1329  1385 D e       : updateAppStatus: status = 192
06-12 19:01:01.655  1329  2376 D LaunchDownloadThread: reportProgress: 
06-12 19:01:01.700  1329  2389 D LaunchDownloadThread: reportProgress: 
06-12 19:01:01.731  1329  2376 D LaunchDownloadThread: reportProgress: 
06-12 19:01:01.765  1329  1385 D e       : updateAppStatus: status = 192
06-12 19:01:01.774  1329  2389 D LaunchDownloadThread: reportProgress: 
06-12 19:01:01.830  1329  1385 D e       : updateAppStatus: status = 192
06-12 19:01:01.884  1329  2376 D LaunchDownloadThread: reportProgress: 
06-12 19:01:01.989  1329  1385 D e       : updateAppStatus: status = 192
06-12 19:01:02.032  1329  1385 D e       : updateAppStatus: status = 192
06-12 19:01:02.036  1329  1385 D e       : updateAppStatus: status = 192
06-12 19:01:02.198  1329  2389 D LaunchDownloadThread: reportProgress: 
06-12 19:01:02.304  1329  2376 D LaunchDownloadThread: reportProgress: 
06-12 19:01:02.387  1329  1385 D e       : updateAppStatus: status = 192
06-12 19:01:02.389  1329  1385 D EventBus: No subscribers registered for event class com.mumu.store.data.PkgData
06-12 19:01:02.389  1329  1385 D EventBus: No subscribers registered for event class org.greenrobot.eventbus.h
06-12 19:01:02.391   949  1109 I create_screen: InstallationUpdatedTask: mOp = 2
06-12 19:01:02.406  1329  1385 D AppStoreModel: onDownloadProgress: pkgData = 神仙道3（赢电竞外设） percent = 39.0   index = -1
06-12 19:01:02.510  1329  2389 D LaunchDownloadThread: reportProgress: 
06-12 19:01:02.538   949   949 I Launcher: Deferring update until onResume
06-12 19:01:02.634  1329  1385 D e       : updateAppStatus: status = 192
06-12 19:01:02.660  1329  2376 D LaunchDownloadThread: reportProgress: 
06-12 19:01:02.756  1329  1385 D e       : updateAppStatus: status = 192
06-12 19:01:02.778  1329  1385 D e       : updateAppStatus: status = 192
06-12 19:01:02.904  1329  2389 D LaunchDownloadThread: reportProgress: 
06-12 19:01:02.963  1329  1385 D e       : updateAppStatus: status = 192
06-12 19:01:03.181  1329  2376 D LaunchDownloadThread: reportProgress: 
06-12 19:01:03.250  1329  2389 D LaunchDownloadThread: reportProgress: 
06-12 19:01:03.277  1329  2376 D LaunchDownloadThread: reportProgress: 
06-12 19:01:03.318  1329  1385 D e       : updateAppStatus: status = 192
06-12 19:01:03.334  1329  2389 D LaunchDownloadThread: reportProgress: 
06-12 19:01:03.401  1329  1385 D e       : updateAppStatus: status = 192
06-12 19:01:03.408  1329  1385 D e       : updateAppStatus: status = 192
06-12 19:01:03.466  1329  2376 D LaunchDownloadThread: reportProgress: 
06-12 19:01:03.580  1329  1385 D e       : updateAppStatus: status = 192
06-12 19:01:03.583  1329  1385 D e       : updateAppStatus: status = 192
06-12 19:01:03.708  1329  2389 D LaunchDownloadThread: reportProgress: 
06-12 19:01:03.872  1329  1385 D e       : updateAppStatus: status = 192
06-12 19:01:03.872  1329  1385 D EventBus: No subscribers registered for event class com.mumu.store.data.PkgData
06-12 19:01:03.872  1329  1385 D EventBus: No subscribers registered for event class org.greenrobot.eventbus.h
06-12 19:01:03.873   949  1109 I create_screen: InstallationUpdatedTask: mOp = 2
06-12 19:01:03.877  1329  1385 D AppStoreModel: onDownloadProgress: pkgData = 神仙道3（赢电竞外设） percent = 40.0   index = -1
06-12 19:01:03.891  1329  2376 D LaunchDownloadThread: reportProgress: 
06-12 19:01:04.112   595  1048 D NetlinkSocketObserver: NeighborEvent{elapsedMs=3809192, 10.0.2.2, [525400123502], RTM_NEWNEIGH, NUD_STALE}
06-12 19:01:04.426  1329  1385 D e       : updateAppStatus: status = 192
06-12 19:01:04.456  1329  2389 D LaunchDownloadThread: reportProgress: 
06-12 19:01:04.473  1329  2376 D LaunchDownloadThread: reportProgress: 
06-12 19:01:04.495   949   949 I Launcher: Deferring update until onResume
06-12 19:01:04.510  1329  2389 D LaunchDownloadThread: reportProgress: 
06-12 19:01:04.567  1329  1385 D e       : updateAppStatus: status = 192
06-12 19:01:04.584  1329  1385 D e       : updateAppStatus: status = 192
06-12 19:01:04.691  1329  1385 D e       : updateAppStatus: status = 192
06-12 19:01:04.732  1329  2376 D LaunchDownloadThread: reportProgress: 
06-12 19:01:04.740  1329  2389 D LaunchDownloadThread: reportProgress: 
06-12 19:01:04.798  1329  2376 D LaunchDownloadThread: reportProgress: 
06-12 19:01:04.841  1329  2389 D LaunchDownloadThread: reportProgress: 
06-12 19:01:04.863  1329  1385 D e       : updateAppStatus: status = 192
06-12 19:01:04.909  1329  1385 D e       : updateAppStatus: status = 192
06-12 19:01:04.924  1329  1385 D e       : updateAppStatus: status = 192
06-12 19:01:04.939  1329  1385 D e       : updateAppStatus: status = 192
06-12 19:01:04.988  1329  2376 D LaunchDownloadThread: reportProgress: 
06-12 19:01:05.255  1329  1385 D e       : updateAppStatus: status = 192
06-12 19:01:05.325  1329  2376 D LaunchDownloadThread: reportProgress: 
06-12 19:01:05.387  1329  2389 D LaunchDownloadThread: reportProgress: 
06-12 19:01:05.466  1329  1385 D e       : updateAppStatus: status = 192
06-12 19:01:05.507  1329  1385 D e       : updateAppStatus: status = 192
06-12 19:01:05.962  1329  2389 D LaunchDownloadThread: reportProgress: 
06-12 19:01:05.996  1329  2376 D LaunchDownloadThread: reportProgress: 
06-12 19:01:06.060  1329  1341 W art     : Suspending all threads took: 5.307ms
06-12 19:01:06.084  1329  2389 D LaunchDownloadThread: reportProgress: 
06-12 19:01:06.129  1329  1385 D e       : updateAppStatus: status = 192
06-12 19:01:06.385  1329  2376 D LaunchDownloadThread: reportProgress: 
06-12 19:01:06.402  1329  2389 D LaunchDownloadThread: reportProgress: 
06-12 19:01:06.464  1329  1385 D e       : updateAppStatus: status = 192
06-12 19:01:06.470  1329  2376 D LaunchDownloadThread: reportProgress: 
06-12 19:01:06.489  1329  1385 D e       : updateAppStatus: status = 192
06-12 19:01:06.498  1329  2389 D LaunchDownloadThread: reportProgress: 
06-12 19:01:06.521  1329  2376 D LaunchDownloadThread: reportProgress: 
06-12 19:01:06.534  1329  1385 D e       : updateAppStatus: status = 192
06-12 19:01:06.553  1329  1385 D e       : updateAppStatus: status = 192
06-12 19:01:06.553  1329  1385 D EventBus: No subscribers registered for event class com.mumu.store.data.PkgData
06-12 19:01:06.553  1329  1385 D EventBus: No subscribers registered for event class org.greenrobot.eventbus.h
06-12 19:01:06.562  1329  1385 D AppStoreModel: onDownloadProgress: pkgData = 神仙道3（赢电竞外设） percent = 41.0   index = -1
06-12 19:01:06.565   949  1109 I create_screen: InstallationUpdatedTask: mOp = 2
06-12 19:01:06.593  1329  1385 D e       : updateAppStatus: status = 192
06-12 19:01:06.593  1329  1385 D EventBus: No subscribers registered for event class com.mumu.store.data.PkgData
06-12 19:01:06.593  1329  1385 D EventBus: No subscribers registered for event class org.greenrobot.eventbus.h
06-12 19:01:06.604  1329  1385 D AppStoreModel: onDownloadProgress: pkgData = 我叫MT：经典再现 percent = 14.0   index = -1
06-12 19:01:06.607  1329  1385 D e       : updateAppStatus: status = 192
06-12 19:01:06.651  1329  1385 D e       : updateAppStatus: status = 192
06-12 19:01:06.809   949   949 I Launcher: Deferring update until onResume
06-12 19:01:06.809   949  1109 I create_screen: InstallationUpdatedTask: mOp = 2
06-12 19:01:06.980  1329  2389 D LaunchDownloadThread: reportProgress: 
06-12 19:01:07.010  1329  2376 D LaunchDownloadThread: reportProgress: 
06-12 19:01:07.039   949   949 I Launcher: Deferring update until onResume
06-12 19:01:07.131  1329  1385 D e       : updateAppStatus: status = 192
06-12 19:01:07.134  1329  1385 D e       : updateAppStatus: status = 192
06-12 19:01:07.469  1329  2389 D LaunchDownloadThread: reportProgress: 
06-12 19:01:07.511  1329  2376 D LaunchDownloadThread: reportProgress: 
06-12 19:01:07.581  1329  2389 D LaunchDownloadThread: reportProgress: 
06-12 19:01:07.590  1329  1385 D e       : updateAppStatus: status = 192
06-12 19:01:07.888  1329  2376 D LaunchDownloadThread: reportProgress: 
06-12 19:01:07.913  1329  1385 D e       : updateAppStatus: status = 192
06-12 19:01:07.985  1329  2389 D LaunchDownloadThread: reportProgress: 
06-12 19:01:08.006  1329  1385 D e       : updateAppStatus: status = 192
06-12 19:01:08.010  1329  2376 D LaunchDownloadThread: reportProgress: 
06-12 19:01:08.033  1329  2389 D LaunchDownloadThread: reportProgress: 
06-12 19:01:08.049  1329  1385 D e       : updateAppStatus: status = 192
06-12 19:01:08.069  1329  2376 D LaunchDownloadThread: reportProgress: 
06-12 19:01:08.118  1329  1385 D e       : updateAppStatus: status = 192
06-12 19:01:08.212  1329  1385 D e       : updateAppStatus: status = 192
06-12 19:01:08.214  1329  1385 D e       : updateAppStatus: status = 192
06-12 19:01:08.296  1329  1385 D e       : updateAppStatus: status = 192
06-12 19:01:08.517  1329  2389 D LaunchDownloadThread: reportProgress: 
06-12 19:01:08.536  1329  2376 D LaunchDownloadThread: reportProgress: 
06-12 19:01:08.642  1329  1385 D e       : updateAppStatus: status = 192
06-12 19:01:08.721  1329  1385 D e       : updateAppStatus: status = 192
06-12 19:01:08.996  1329  2389 D LaunchDownloadThread: reportProgress: 
06-12 19:01:09.045  1329  2376 D LaunchDownloadThread: reportProgress: 
06-12 19:01:09.105  1329  1385 D e       : updateAppStatus: status = 192
06-12 19:01:09.115  1329  2389 D LaunchDownloadThread: reportProgress: 
06-12 19:01:09.122   595  1048 D NetlinkSocketObserver: NeighborEvent{elapsedMs=3814202, 10.0.2.2, [525400123502], RTM_NEWNEIGH, NUD_REACHABLE}
06-12 19:01:09.239  1329  1385 D e       : updateAppStatus: status = 192
06-12 19:01:09.271  1329  1385 D e       : updateAppStatus: status = 192
06-12 19:01:09.271  1329  1385 D EventBus: No subscribers registered for event class com.mumu.store.data.PkgData
06-12 19:01:09.271  1329  1385 D EventBus: No subscribers registered for event class org.greenrobot.eventbus.h
06-12 19:01:09.273   949  1109 I create_screen: InstallationUpdatedTask: mOp = 2
06-12 19:01:09.281  1329  1385 D AppStoreModel: onDownloadProgress: pkgData = 神仙道3（赢电竞外设） percent = 42.0   index = -1
06-12 19:01:09.458  1329  2389 D LaunchDownloadThread: reportProgress: 
06-12 19:01:09.520  1329  2376 D LaunchDownloadThread: reportProgress: 
06-12 19:01:09.578   949   949 I Launcher: Deferring update until onResume
06-12 19:01:09.600  1329  2389 D LaunchDownloadThread: reportProgress: 
06-12 19:01:09.625  1329  2376 D LaunchDownloadThread: reportProgress: 
06-12 19:01:09.656  1329  1385 D e       : updateAppStatus: status = 192
06-12 19:01:09.719  1329  2376 D LaunchDownloadThread: reportProgress: 
06-12 19:01:09.730  1329  1385 D e       : updateAppStatus: status = 192
06-12 19:01:09.732  1329  1385 D e       : updateAppStatus: status = 192
06-12 19:01:09.753  1329  1385 D e       : updateAppStatus: status = 192
06-12 19:01:09.854  1329  1385 D e       : updateAppStatus: status = 192
06-12 19:01:10.039  1329  2389 D LaunchDownloadThread: reportProgress: 
06-12 19:01:10.077  1329  2376 D LaunchDownloadThread: reportProgress: 
06-12 19:01:10.215  1329  1385 D e       : updateAppStatus: status = 192
06-12 19:01:10.285  1329  1385 D e       : updateAppStatus: status = 192
06-12 19:01:10.498  1329  2389 D LaunchDownloadThread: reportProgress: 
06-12 19:01:10.592  1329  2376 D LaunchDownloadThread: reportProgress: 
06-12 19:01:10.656  1329  2389 D LaunchDownloadThread: reportProgress: 
06-12 19:01:10.715  1329  1385 D e       : updateAppStatus: status = 192
06-12 19:01:10.765  1329  1385 D e       : updateAppStatus: status = 192
06-12 19:01:10.768  1329  1385 D e       : updateAppStatus: status = 192
06-12 19:01:10.948  1329  2376 D LaunchDownloadThread: reportProgress: 
06-12 19:01:10.963  1329  2389 D LaunchDownloadThread: reportProgress: 
06-12 19:01:10.979  1329  2376 D LaunchDownloadThread: reportProgress: 
06-12 19:01:10.992  1329  1385 D e       : updateAppStatus: status = 192
06-12 19:01:11.058  1329  1385 D e       : updateAppStatus: status = 192
06-12 19:01:11.062  1329  1385 D e       : updateAppStatus: status = 192
06-12 19:01:11.156  1329  2389 D LaunchDownloadThread: reportProgress: 
06-12 19:01:11.214  1329  2376 D LaunchDownloadThread: reportProgress: 
06-12 19:01:11.421  1329  1385 D e       : updateAppStatus: status = 192
06-12 19:01:11.421  1329  1385 D EventBus: No subscribers registered for event class com.mumu.store.data.PkgData
06-12 19:01:11.421  1329  1385 D EventBus: No subscribers registered for event class org.greenrobot.eventbus.h
06-12 19:01:11.423  1329  1385 D AppStoreModel: onDownloadProgress: pkgData = 神仙道3（赢电竞外设） percent = 43.0   index = -1
06-12 19:01:11.423   949  1109 I create_screen: InstallationUpdatedTask: mOp = 2
06-12 19:01:11.474  1329  1385 D e       : updateAppStatus: status = 192
06-12 19:01:11.585  1329  2389 D LaunchDownloadThread: reportProgress: 
06-12 19:01:11.586  1329  2376 D LaunchDownloadThread: reportProgress: 
06-12 19:01:11.706   949   949 I Launcher: Deferring update until onResume
06-12 19:01:11.720  1329  1385 D e       : updateAppStatus: status = 192
06-12 19:01:11.723  1329  1385 D e       : updateAppStatus: status = 192
06-12 19:01:12.029  1329  2389 D LaunchDownloadThread: reportProgress: 
06-12 19:01:12.173  1329  2376 D LaunchDownloadThread: reportProgress: 
06-12 19:01:12.219  1329  2389 D LaunchDownloadThread: reportProgress: 
06-12 19:01:12.262  1329  1385 D e       : updateAppStatus: status = 192
06-12 19:01:12.318  1329  1385 D e       : updateAppStatus: status = 192
06-12 19:01:12.338  1329  1385 D e       : updateAppStatus: status = 192
06-12 19:01:12.458  1329  2376 D LaunchDownloadThread: reportProgress: 
06-12 19:01:12.509  1329  2389 D LaunchDownloadThread: reportProgress: 
06-12 19:01:12.554  1329  2376 D LaunchDownloadThread: reportProgress: 
06-12 19:01:12.579  1329  1385 D e       : updateAppStatus: status = 192
06-12 19:01:12.654  1329  1385 D e       : updateAppStatus: status = 192
06-12 19:01:12.664  1329  2389 D LaunchDownloadThread: reportProgress: 
06-12 19:01:12.735  1329  1385 D e       : updateAppStatus: status = 192
06-12 19:01:12.752  1329  2376 D LaunchDownloadThread: reportProgress: 
06-12 19:01:12.849  1329  1385 D e       : updateAppStatus: status = 192
06-12 19:01:12.882  1329  1385 D e       : updateAppStatus: status = 192
06-12 19:01:13.108  1329  2376 D LaunchDownloadThread: reportProgress: 
06-12 19:01:13.117  1329  2389 D LaunchDownloadThread: reportProgress: 
06-12 19:01:13.210  1329  1385 D e       : updateAppStatus: status = 192
06-12 19:01:13.212  1329  1385 D e       : updateAppStatus: status = 192
06-12 19:01:13.506  1329  2389 D LaunchDownloadThread: reportProgress: 
06-12 19:01:13.689  1329  1385 D e       : updateAppStatus: status = 192
06-12 19:01:13.698  1329  2376 D LaunchDownloadThread: reportProgress: 
06-12 19:01:13.729  1329  2389 D LaunchDownloadThread: reportProgress: 
06-12 19:01:13.802  1329  1385 D e       : updateAppStatus: status = 192
06-12 19:01:13.806  1329  1385 D e       : updateAppStatus: status = 192
06-12 19:01:13.806  1329  1385 D EventBus: No subscribers registered for event class com.mumu.store.data.PkgData
06-12 19:01:13.806  1329  1385 D EventBus: No subscribers registered for event class org.greenrobot.eventbus.h
06-12 19:01:13.807   949  1109 I create_screen: InstallationUpdatedTask: mOp = 2
06-12 19:01:13.811  1329  1385 D AppStoreModel: onDownloadProgress: pkgData = 神仙道3（赢电竞外设） percent = 44.0   index = -1
06-12 19:01:13.992  1329  2376 D LaunchDownloadThread: reportProgress: 
06-12 19:01:14.130   949   949 I Launcher: Deferring update until onResume
06-12 19:01:14.144  1329  2376 D LaunchDownloadThread: reportProgress: 
06-12 19:01:14.148  1329  2389 D LaunchDownloadThread: reportProgress: 
06-12 19:01:14.165  1329  1385 D e       : updateAppStatus: status = 192
06-12 19:01:14.210  1329  1385 D e       : updateAppStatus: status = 192
06-12 19:01:14.220  1329  1385 D e       : updateAppStatus: status = 192
06-12 19:01:14.256  1329  2376 D LaunchDownloadThread: reportProgress: 
06-12 19:01:14.265  1329  2389 D LaunchDownloadThread: reportProgress: 
06-12 19:01:14.369  1329  1385 D e       : updateAppStatus: status = 192
06-12 19:01:14.373  1329  1385 D e       : updateAppStatus: status = 192
06-12 19:01:14.638  1329  2376 D LaunchDownloadThread: reportProgress: 
06-12 19:01:14.670  1329  2389 D LaunchDownloadThread: reportProgress: 
06-12 19:01:14.738  1329  1385 D e       : updateAppStatus: status = 192
06-12 19:01:14.738  1329  1385 D EventBus: No subscribers registered for event class com.mumu.store.data.PkgData
06-12 19:01:14.739  1329  1385 D EventBus: No subscribers registered for event class org.greenrobot.eventbus.h
06-12 19:01:14.772   949  1109 I create_screen: InstallationUpdatedTask: mOp = 2
06-12 19:01:14.782  1329  1385 D AppStoreModel: onDownloadProgress: pkgData = 我叫MT：经典再现 percent = 15.0   index = -1
06-12 19:01:14.786  1329  1385 D e       : updateAppStatus: status = 192
06-12 19:01:14.982   949   949 I Launcher: Deferring update until onResume
06-12 19:01:15.036  1329  2389 D LaunchDownloadThread: reportProgress: 
06-12 19:01:15.146  1329  1385 D e       : updateAppStatus: status = 192
06-12 19:01:15.234  1329  2389 D LaunchDownloadThread: reportProgress: 
06-12 19:01:15.256  1329  2376 D LaunchDownloadThread: reportProgress: 
06-12 19:01:15.367  1329  1385 D e       : updateAppStatus: status = 192
06-12 19:01:15.370  1329  1385 D e       : updateAppStatus: status = 192
06-12 19:01:15.505  1329  2376 D LaunchDownloadThread: reportProgress: 
06-12 19:01:15.578  1329  1385 D e       : updateAppStatus: status = 192
06-12 19:01:15.605  1329  2389 D LaunchDownloadThread: reportProgress: 
06-12 19:01:15.658  1329  1385 D e       : updateAppStatus: status = 192
06-12 19:01:15.670  1329  2376 D LaunchDownloadThread: reportProgress: 
06-12 19:01:15.744  1329  2389 D LaunchDownloadThread: reportProgress: 
06-12 19:01:15.761  1329  2376 D LaunchDownloadThread: reportProgress: 
06-12 19:01:15.789  1329  1385 D e       : updateAppStatus: status = 192
06-12 19:01:15.877  1329  1385 D e       : updateAppStatus: status = 192
06-12 19:01:15.881  1329  1385 D e       : updateAppStatus: status = 192
06-12 19:01:15.881  1329  1385 D EventBus: No subscribers registered for event class com.mumu.store.data.PkgData
06-12 19:01:15.881  1329  1385 D EventBus: No subscribers registered for event class org.greenrobot.eventbus.h
06-12 19:01:15.883   949  1109 I create_screen: InstallationUpdatedTask: mOp = 2
06-12 19:01:15.884  1329  1385 D AppStoreModel: onDownloadProgress: pkgData = 神仙道3（赢电竞外设） percent = 45.0   index = -1
06-12 19:01:16.096   949   949 I Launcher: Deferring update until onResume
06-12 19:01:16.177  1329  2376 D LaunchDownloadThread: reportProgress: 
06-12 19:01:16.196  1329  2389 D LaunchDownloadThread: reportProgress: 
06-12 19:01:16.314  1329  1385 D e       : updateAppStatus: status = 192
06-12 19:01:16.322  1329  1385 D e       : updateAppStatus: status = 192
06-12 19:01:16.535  1329  2389 D LaunchDownloadThread: reportProgress: 
06-12 19:01:16.692  1329  1385 D e       : updateAppStatus: status = 192
06-12 19:01:16.742  1329  2376 D LaunchDownloadThread: reportProgress: 
06-12 19:01:16.762  1329  2389 D LaunchDownloadThread: reportProgress: 
06-12 19:01:16.818  1329  1385 D e       : updateAppStatus: status = 192
06-12 19:01:16.827  1329  1385 D e       : updateAppStatus: status = 192
06-12 19:01:17.092  1329  2376 D LaunchDownloadThread: reportProgress: 
06-12 19:01:17.115  1329  2389 D LaunchDownloadThread: reportProgress: 
06-12 19:01:17.187  1329  2376 D LaunchDownloadThread: reportProgress: 
06-12 19:01:17.228  1329  1385 D e       : updateAppStatus: status = 192
06-12 19:01:17.231  1329  1385 D e       : updateAppStatus: status = 192
06-12 19:01:17.284  1329  2389 D LaunchDownloadThread: reportProgress: 
06-12 19:01:17.325  1329  2376 D LaunchDownloadThread: reportProgress: 
06-12 19:01:17.375  1329  1385 D e       : updateAppStatus: status = 192
06-12 19:01:17.419  1329  1385 D e       : updateAppStatus: status = 192
06-12 19:01:17.440  1329  1385 D e       : updateAppStatus: status = 192
06-12 19:01:17.706  1329  2389 D LaunchDownloadThread: reportProgress: 
06-12 19:01:17.808  1329  2376 D LaunchDownloadThread: reportProgress: 
06-12 19:01:17.871  1329  1385 D e       : updateAppStatus: status = 192
06-12 19:01:17.977  1329  1385 D e       : updateAppStatus: status = 192
06-12 19:01:18.045  1329  2389 D LaunchDownloadThread: reportProgress: 
06-12 19:01:18.200  1329  1385 D e       : updateAppStatus: status = 192
06-12 19:01:18.201  1329  1385 D EventBus: No subscribers registered for event class com.mumu.store.data.PkgData
06-12 19:01:18.201  1329  1385 D EventBus: No subscribers registered for event class org.greenrobot.eventbus.h
06-12 19:01:18.203   949  1109 I create_screen: InstallationUpdatedTask: mOp = 2
06-12 19:01:18.206  1329  1385 D AppStoreModel: onDownloadProgress: pkgData = 神仙道3（赢电竞外设） percent = 46.0   index = -1
06-12 19:01:18.273  1329  2376 D LaunchDownloadThread: reportProgress: 
06-12 19:01:18.320   595   605 I art     : Background partial concurrent mark sweep GC freed 8004(358KB) AllocSpace objects, 0(0B) LOS objects, 33% free, 9MB/14MB, paused 11.262ms total 149.334ms
06-12 19:01:18.358  1329  2389 D LaunchDownloadThread: reportProgress: 
06-12 19:01:18.408  1329  1385 D e       : updateAppStatus: status = 192
06-12 19:01:18.436  1329  1385 D e       : updateAppStatus: status = 192
06-12 19:01:18.455   949   949 I Launcher: Deferring update until onResume
06-12 19:01:18.581  1329  2376 D LaunchDownloadThread: reportProgress: 
06-12 19:01:18.614  1329  2389 D LaunchDownloadThread: reportProgress: 
06-12 19:01:18.735  1329  1385 D e       : updateAppStatus: status = 192
06-12 19:01:18.811  1329  2376 D LaunchDownloadThread: reportProgress: 
06-12 19:01:18.821  1329  1385 D e       : updateAppStatus: status = 192
06-12 19:01:18.825   595  1048 D NetlinkSocketObserver: NeighborEvent{elapsedMs=3823905, 10.0.2.2, [525400123502], RTM_NEWNEIGH, NUD_STALE}
06-12 19:01:18.836  1329  2389 D LaunchDownloadThread: reportProgress: 
06-12 19:01:18.881  1329  2376 D LaunchDownloadThread: reportProgress: 
06-12 19:01:18.888  1329  1385 D e       : updateAppStatus: status = 192
06-12 19:01:18.943  1329  1385 D e       : updateAppStatus: status = 192
06-12 19:01:18.984  1329  1385 D e       : updateAppStatus: status = 192
06-12 19:01:19.207  1329  2389 D LaunchDownloadThread: reportProgress: 
06-12 19:01:19.346  1329  1385 D e       : updateAppStatus: status = 192
06-12 19:01:19.378  1329  2376 D LaunchDownloadThread: reportProgress: 
06-12 19:01:19.463  1329  1385 D e       : updateAppStatus: status = 192
06-12 19:01:19.556  1329  2389 D LaunchDownloadThread: reportProgress: 
06-12 19:01:19.706  1329  1385 D e       : updateAppStatus: status = 192
06-12 19:01:19.707  1329  1385 D EventBus: No subscribers registered for event class com.mumu.store.data.PkgData
06-12 19:01:19.707  1329  1385 D EventBus: No subscribers registered for event class org.greenrobot.eventbus.h
06-12 19:01:19.709   949  1109 I create_screen: InstallationUpdatedTask: mOp = 2
06-12 19:01:19.713  1329  1385 D AppStoreModel: onDownloadProgress: pkgData = 神仙道3（赢电竞外设） percent = 47.0   index = -1
06-12 19:01:19.872  1329  2389 D LaunchDownloadThread: reportProgress: 
06-12 19:01:19.888  1329  2376 D LaunchDownloadThread: reportProgress: 
06-12 19:01:19.980  1329  1341 W art     : Suspending all threads took: 38.225ms
06-12 19:01:20.007   935  2752 D com.netease.nemu_vapi_android.thread.HttpServer: http server response data: 
06-12 19:01:20.093   949   949 I Launcher: Deferring update until onResume
06-12 19:01:20.133  1329  2389 D LaunchDownloadThread: reportProgress: 
06-12 19:01:20.181  1329  2376 D LaunchDownloadThread: reportProgress: 
06-12 19:01:20.195  1329  1385 D e       : updateAppStatus: status = 192
06-12 19:01:20.237  1329  1385 D e       : updateAppStatus: status = 192
06-12 19:01:20.273  1329  1385 D e       : updateAppStatus: status = 192
06-12 19:01:20.290  1329  1385 D e       : updateAppStatus: status = 192
06-12 19:01:20.321  1329  2376 D LaunchDownloadThread: reportProgress: 
06-12 19:01:20.341  1329  2389 D LaunchDownloadThread: reportProgress: 
06-12 19:01:20.388  1329  1385 D e       : updateAppStatus: status = 192
06-12 19:01:20.389  1329  1385 D EventBus: No subscribers registered for event class com.mumu.store.data.PkgData
06-12 19:01:20.389  1329  1385 D EventBus: No subscribers registered for event class org.greenrobot.eventbus.h
06-12 19:01:20.390   949  1109 I create_screen: InstallationUpdatedTask: mOp = 2
06-12 19:01:20.393  1329  1385 D AppStoreModel: onDownloadProgress: pkgData = 我叫MT：经典再现 percent = 16.0   index = -1
06-12 19:01:20.426  1329  2376 D LaunchDownloadThread: reportProgress: 
06-12 19:01:20.531  1329  1385 D e       : updateAppStatus: status = 192
06-12 19:01:20.570  1329  1385 D e       : updateAppStatus: status = 192
06-12 19:01:20.585   949   949 I Launcher: Deferring update until onResume
06-12 19:01:20.778  1329  2389 D LaunchDownloadThread: reportProgress: 
06-12 19:01:20.818  1329  1385 D e       : updateAppStatus: status = 192
06-12 19:01:20.865  1329  2376 D LaunchDownloadThread: reportProgress: 
06-12 19:01:21.030  1329  1385 D e       : updateAppStatus: status = 192
06-12 19:01:21.079  1329  2389 D LaunchDownloadThread: reportProgress: 
06-12 19:01:21.149  1329  1385 D e       : updateAppStatus: status = 192
06-12 19:01:21.372  1329  2389 D LaunchDownloadThread: reportProgress: 
06-12 19:01:21.393  1329  2376 D LaunchDownloadThread: reportProgress: 
06-12 19:01:21.497  1329  1385 D e       : updateAppStatus: status = 192
06-12 19:01:21.501  1329  1385 D e       : updateAppStatus: status = 192
06-12 19:01:21.652  1329  2389 D LaunchDownloadThread: reportProgress: 
06-12 19:01:21.704  1329  2376 D LaunchDownloadThread: reportProgress: 
06-12 19:01:21.793  1329  1385 D e       : updateAppStatus: status = 192
06-12 19:01:21.793  1329  1385 D EventBus: No subscribers registered for event class com.mumu.store.data.PkgData
06-12 19:01:21.793  1329  1385 D EventBus: No subscribers registered for event class org.greenrobot.eventbus.h
06-12 19:01:21.797   949  1109 I create_screen: InstallationUpdatedTask: mOp = 2
06-12 19:01:21.803  1329  1385 D AppStoreModel: onDownloadProgress: pkgData = 神仙道3（赢电竞外设） percent = 48.0   index = -1
06-12 19:01:21.827  1329  2376 D LaunchDownloadThread: reportProgress: 
06-12 19:01:21.943  1329  2389 D LaunchDownloadThread: reportProgress: 
06-12 19:01:22.016   949   949 I Launcher: Deferring update until onResume
06-12 19:01:22.019  1329  1385 D e       : updateAppStatus: status = 192
06-12 19:01:22.032  1329  2376 D LaunchDownloadThread: reportProgress: 
06-12 19:01:22.058  1329  1385 D e       : updateAppStatus: status = 192
06-12 19:01:22.091  1329  1385 D e       : updateAppStatus: status = 192
06-12 19:01:22.107  1329  1385 D e       : updateAppStatus: status = 192
06-12 19:01:22.318  1329  2389 D LaunchDownloadThread: reportProgress: 
06-12 19:01:22.394  1329  2376 D LaunchDownloadThread: reportProgress: 
06-12 19:01:22.415  1329  1385 D e       : updateAppStatus: status = 192
06-12 19:01:22.498  1329  1385 D e       : updateAppStatus: status = 192
06-12 19:01:22.604  1329  2389 D LaunchDownloadThread: reportProgress: 
06-12 19:01:22.748  1329  1385 D e       : updateAppStatus: status = 192
06-12 19:01:22.920  1329  2389 D LaunchDownloadThread: reportProgress: 
06-12 19:01:22.942  1329  2376 D LaunchDownloadThread: reportProgress: 
06-12 19:01:23.078  1329  1385 D e       : updateAppStatus: status = 192
06-12 19:01:23.083  1329  1385 D e       : updateAppStatus: status = 192
06-12 19:01:23.226  1329  2389 D LaunchDownloadThread: reportProgress: 
06-12 19:01:23.235  1329  2376 D LaunchDownloadThread: reportProgress: 
06-12 19:01:23.306  1329  1385 D e       : updateAppStatus: status = 192
06-12 19:01:23.343  1329  1385 D e       : updateAppStatus: status = 192
06-12 19:01:23.381  1329  2389 D LaunchDownloadThread: reportProgress: 
06-12 19:01:23.416  1329  2376 D LaunchDownloadThread: reportProgress: 
06-12 19:01:23.505  1329  1385 D e       : updateAppStatus: status = 192
06-12 19:01:23.505  1329  1385 D EventBus: No subscribers registered for event class com.mumu.store.data.PkgData
06-12 19:01:23.505  1329  1385 D EventBus: No subscribers registered for event class org.greenrobot.eventbus.h
06-12 19:01:23.511   949  1109 I create_screen: InstallationUpdatedTask: mOp = 2
06-12 19:01:23.512  1329  1385 D AppStoreModel: onDownloadProgress: pkgData = 神仙道3（赢电竞外设） percent = 49.0   index = -1
06-12 19:01:23.515  1329  1385 D e       : updateAppStatus: status = 192
06-12 19:01:23.571  1329  2376 D LaunchDownloadThread: reportProgress: 
06-12 19:01:23.622  1329  2388 W art     : Long monitor contention event with owner method=void g.a.a(g.a, long, boolean) from Proguard:4294967295 waiters=3 for 118ms
06-12 19:01:23.681   949   949 I Launcher: Deferring update until onResume
06-12 19:01:23.744  1329  1385 D e       : updateAppStatus: status = 192
06-12 19:01:23.834   595  1048 D NetlinkSocketObserver: NeighborEvent{elapsedMs=3828912, 10.0.2.2, [525400123502], RTM_NEWNEIGH, NUD_REACHABLE}
06-12 19:01:23.851  1329  2389 D LaunchDownloadThread: reportProgress: 
06-12 19:01:23.901  1329  2376 D LaunchDownloadThread: reportProgress: 
06-12 19:01:24.074  1329  1385 D e       : updateAppStatus: status = 192
06-12 19:01:24.082  1329  1385 D e       : updateAppStatus: status = 192
06-12 19:01:24.130  1329  2389 D LaunchDownloadThread: reportProgress: 
06-12 19:01:24.252  1329  1385 D e       : updateAppStatus: status = 192
06-12 19:01:24.443  1329  2389 D LaunchDownloadThread: reportProgress: 
06-12 19:01:24.468  1329  2376 D LaunchDownloadThread: reportProgress: 
06-12 19:01:24.502  1329  2390 W art     : Long monitor contention event with owner method=boolean g.a.a(g.a) from Proguard:4294967295 waiters=9 for 108ms
06-12 19:01:24.753  1329  2376 D LaunchDownloadThread: reportProgress: 
06-12 19:01:24.837  1329  1385 D e       : updateAppStatus: status = 192
06-12 19:01:24.858  1329  2389 D LaunchDownloadThread: reportProgress: 
06-12 19:01:24.882  1329  2376 D LaunchDownloadThread: reportProgress: 
06-12 19:01:24.899  1329  1385 D e       : updateAppStatus: status = 192
06-12 19:01:24.987  1329  1385 D e       : updateAppStatus: status = 192
06-12 19:01:25.012  1329  2389 D LaunchDownloadThread: reportProgress: 
06-12 19:01:25.168  1329  1385 D e       : updateAppStatus: status = 192
06-12 19:01:25.204  1329  1385 D e       : updateAppStatus: status = 192
06-12 19:01:25.249  1329  1385 D e       : updateAppStatus: status = 192
06-12 19:01:25.353  1329  2389 D LaunchDownloadThread: reportProgress: 
06-12 19:01:25.363  1329  2376 D LaunchDownloadThread: reportProgress: 
06-12 19:01:25.455  1329  2376 D LaunchDownloadThread: reportProgress: 
06-12 19:01:25.522  1329  1385 D e       : updateAppStatus: status = 192
06-12 19:01:25.537  1329  1385 D e       : updateAppStatus: status = 192
06-12 19:01:25.541  1329  1385 D e       : updateAppStatus: status = 192
06-12 19:01:25.667  1329  2389 D LaunchDownloadThread: reportProgress: 
06-12 19:01:25.977  1329  1385 D e       : updateAppStatus: status = 192
06-12 19:01:25.990  1329  2376 D LaunchDownloadThread: reportProgress: 
06-12 19:01:26.005  1329  2389 D LaunchDownloadThread: reportProgress: 
06-12 19:01:26.112  1329  1385 D e       : updateAppStatus: status = 192
06-12 19:01:26.260  1329  1385 D e       : updateAppStatus: status = 192
06-12 19:01:26.261  1329  1385 D EventBus: No subscribers registered for event class com.mumu.store.data.PkgData
06-12 19:01:26.261  1329  1385 D EventBus: No subscribers registered for event class org.greenrobot.eventbus.h
06-12 19:01:26.266   949  1109 I create_screen: InstallationUpdatedTask: mOp = 2
06-12 19:01:26.285  1329  1385 D AppStoreModel: onDownloadProgress: pkgData = 神仙道3（赢电竞外设） percent = 50.0   index = -1
06-12 19:01:26.364  1329  2376 D LaunchDownloadThread: reportProgress: 
06-12 19:01:26.388  1329  2389 D LaunchDownloadThread: reportProgress: 
06-12 19:01:26.415   949   949 I Launcher: Deferring update until onResume
06-12 19:01:26.465  1329  2376 D LaunchDownloadThread: reportProgress: 
06-12 19:01:26.518  1329  2389 D LaunchDownloadThread: reportProgress: 
06-12 19:01:26.533  1329  1385 D e       : updateAppStatus: status = 192
06-12 19:01:26.559  1329  1385 D e       : updateAppStatus: status = 192
06-12 19:01:26.693  1329  2376 D LaunchDownloadThread: reportProgress: 
06-12 19:01:26.705  1329  1385 D e       : updateAppStatus: status = 192
06-12 19:01:26.809  1329  1385 D e       : updateAppStatus: status = 192
06-12 19:01:26.813  1329  1385 D e       : updateAppStatus: status = 192
06-12 19:01:27.050  1329  2389 D LaunchDownloadThread: reportProgress: 
06-12 19:01:27.053  1329  2390 W art     : Long monitor contention event with owner method=void g.a.a(g.a, long, boolean) from Proguard:4294967295 waiters=3 for 139ms
06-12 19:01:27.069  1329  2386 W art     : Long monitor contention event with owner method=void g.a.a(g.a, long, boolean) from Proguard:4294967295 waiters=4 for 153ms
06-12 19:01:27.118  1329  2376 D LaunchDownloadThread: reportProgress: 
06-12 19:01:27.552  1329  2376 D LaunchDownloadThread: reportProgress: 
06-12 19:01:27.681  1329  2389 D LaunchDownloadThread: reportProgress: 
06-12 19:01:27.689  1329  1385 D e       : updateAppStatus: status = 192
06-12 19:01:27.749  1329  1385 D e       : updateAppStatus: status = 192
06-12 19:01:27.803  1329  1385 D e       : updateAppStatus: status = 192
06-12 19:01:27.869  1329  2376 D LaunchDownloadThread: reportProgress: 
06-12 19:01:27.918  1329  2389 D LaunchDownloadThread: reportProgress: 
06-12 19:01:27.968  1329  1385 D e       : updateAppStatus: status = 192
06-12 19:01:28.035  1329  1385 D e       : updateAppStatus: status = 192
06-12 19:01:28.037  1329  2376 D LaunchDownloadThread: reportProgress: 
06-12 19:01:28.053  1329  2389 D LaunchDownloadThread: reportProgress: 
06-12 19:01:28.121  1329  1385 D e       : updateAppStatus: status = 192
06-12 19:01:28.247  1329  2376 D LaunchDownloadThread: reportProgress: 
06-12 19:01:28.250  1329  2389 D LaunchDownloadThread: reportProgress: 
06-12 19:01:28.263  1329  1385 D e       : updateAppStatus: status = 192
06-12 19:01:28.285  1329  1385 D e       : updateAppStatus: status = 192
06-12 19:01:28.353  1329  1385 D e       : updateAppStatus: status = 192
06-12 19:01:28.370  1329  1385 D e       : updateAppStatus: status = 192
06-12 19:01:28.634  1329  2376 D LaunchDownloadThread: reportProgress: 
06-12 19:01:28.654  1329  2389 D LaunchDownloadThread: reportProgress: 
06-12 19:01:28.775  1329  1385 D e       : updateAppStatus: status = 192
06-12 19:01:28.775  1329  1385 D EventBus: No subscribers registered for event class com.mumu.store.data.PkgData
06-12 19:01:28.775  1329  1385 D EventBus: No subscribers registered for event class org.greenrobot.eventbus.h
06-12 19:01:28.778   949  1109 I create_screen: InstallationUpdatedTask: mOp = 2
06-12 19:01:28.786  1329  1385 D AppStoreModel: onDownloadProgress: pkgData = 我叫MT：经典再现 percent = 17.0   index = -1
06-12 19:01:28.850  1329  1385 D e       : updateAppStatus: status = 192
06-12 19:01:28.942   949   949 I Launcher: Deferring update until onResume
06-12 19:01:29.172  1329  2397 W art     : Long monitor contention event with owner method=void g.a.a(g.a, long, boolean) from Proguard:4294967295 waiters=1 for 160ms
06-12 19:01:29.230  1329  2376 D LaunchDownloadThread: reportProgress: 
06-12 19:01:29.234  1329  2390 W art     : Long monitor contention event with owner method=void g.a.a(g.a, long, boolean) from Proguard:4294967295 waiters=2 for 217ms
06-12 19:01:29.235  1329  2389 D LaunchDownloadThread: reportProgress: 
06-12 19:01:29.390  1329  2389 D LaunchDownloadThread: reportProgress: 
06-12 19:01:29.402  1329  1385 D e       : updateAppStatus: status = 192
06-12 19:01:29.415  1329  1385 D e       : updateAppStatus: status = 192
06-12 19:01:29.431  1329  2376 D LaunchDownloadThread: reportProgress: 
06-12 19:01:29.546  1329  1385 D e       : updateAppStatus: status = 192
06-12 19:01:29.603  1329  1385 D e       : updateAppStatus: status = 192
06-12 19:01:29.672  1329  2376 D LaunchDownloadThread: reportProgress: 
06-12 19:01:29.688  1329  2389 D LaunchDownloadThread: reportProgress: 
06-12 19:01:29.772  1329  2389 D LaunchDownloadThread: reportProgress: 
06-12 19:01:29.798  1329  1385 D e       : updateAppStatus: status = 192
06-12 19:01:29.826  1329  2376 D LaunchDownloadThread: reportProgress: 
06-12 19:01:29.868  1329  1385 D e       : updateAppStatus: status = 192
06-12 19:01:29.910  1329  1385 D e       : updateAppStatus: status = 192
06-12 19:01:29.913  1329  1385 D e       : updateAppStatus: status = 192
06-12 19:01:30.163  1329  2376 D LaunchDownloadThread: reportProgress: 
06-12 19:01:30.173  1329  2389 D LaunchDownloadThread: reportProgress: 
06-12 19:01:30.270  1329  1385 D e       : updateAppStatus: status = 192
06-12 19:01:30.278  1329  1385 D e       : updateAppStatus: status = 192
06-12 19:01:30.365  1329  1341 I art     : WaitForGcToComplete blocked for 14.484ms for cause Background
06-12 19:01:30.587  1329  1341 W art     : Suspending all threads took: 14.858ms
06-12 19:01:30.750  1329  2389 D LaunchDownloadThread: reportProgress: 
06-12 19:01:30.765  1329  2376 D LaunchDownloadThread: reportProgress: 
06-12 19:01:30.796  1329  2389 D LaunchDownloadThread: reportProgress: 
06-12 19:01:30.823  1329  1385 D e       : updateAppStatus: status = 192
06-12 19:01:30.921  1329  1385 D e       : updateAppStatus: status = 192
06-12 19:01:30.967  1329  2376 D LaunchDownloadThread: reportProgress: 
06-12 19:01:30.970  1329  1385 D e       : updateAppStatus: status = 192
06-12 19:01:30.971  1329  1385 D EventBus: No subscribers registered for event class com.mumu.store.data.PkgData
06-12 19:01:30.971  1329  1385 D EventBus: No subscribers registered for event class org.greenrobot.eventbus.h
06-12 19:01:30.973   949  1109 I create_screen: InstallationUpdatedTask: mOp = 2
06-12 19:01:30.981  1329  1385 D AppStoreModel: onDownloadProgress: pkgData = 神仙道3（赢电竞外设） percent = 51.0   index = -1
06-12 19:01:31.068  1329  1385 D e       : updateAppStatus: status = 192
06-12 19:01:31.173   949   949 I Launcher: Deferring update until onResume
06-12 19:01:31.185  1329  2389 D LaunchDownloadThread: reportProgress: 
06-12 19:01:31.197  1329  2376 D LaunchDownloadThread: reportProgress: 
06-12 19:01:31.281  1329  2389 D LaunchDownloadThread: reportProgress: 
06-12 19:01:31.336  1329  2376 D LaunchDownloadThread: reportProgress: 
06-12 19:01:31.343  1329  1385 D e       : updateAppStatus: status = 192
06-12 19:01:31.350  1329  1385 D e       : updateAppStatus: status = 192
06-12 19:01:31.353  1329  1385 D e       : updateAppStatus: status = 192
06-12 19:01:31.452  1329  1385 D e       : updateAppStatus: status = 192
06-12 19:01:31.645  1329  1341 W art     : Suspending all threads took: 24.191ms
06-12 19:01:31.719  1329  2389 D LaunchDownloadThread: reportProgress: 
06-12 19:01:31.728  1329  2376 D LaunchDownloadThread: reportProgress: 
06-12 19:01:31.853  1329  1385 D e       : updateAppStatus: status = 192
06-12 19:01:31.858  1329  1385 D e       : updateAppStatus: status = 192
06-12 19:01:32.261  1329  2389 D LaunchDownloadThread: reportProgress: 
06-12 19:01:32.284  1329  2376 D LaunchDownloadThread: reportProgress: 
06-12 19:01:32.350  1329  2389 D LaunchDownloadThread: reportProgress: 
06-12 19:01:32.375  1329  1385 D e       : updateAppStatus: status = 192
06-12 19:01:32.491  1329  1385 D e       : updateAppStatus: status = 192
06-12 19:01:32.494  1329  1385 D e       : updateAppStatus: status = 192
06-12 19:01:32.528  1329  2376 D LaunchDownloadThread: reportProgress: 
06-12 19:01:32.601  1329  1385 D e       : updateAppStatus: status = 192
06-12 19:01:32.724  1329  2376 D LaunchDownloadThread: reportProgress: 
06-12 19:01:32.738  1329  2389 D LaunchDownloadThread: reportProgress: 
06-12 19:01:32.842  1329  1385 D e       : updateAppStatus: status = 192
06-12 19:01:32.861  1329  1385 D e       : updateAppStatus: status = 192
06-12 19:01:32.868  1329  2376 D LaunchDownloadThread: reportProgress: 
06-12 19:01:32.872  1329  2389 D LaunchDownloadThread: reportProgress: 
06-12 19:01:33.014  1329  1385 D e       : updateAppStatus: status = 192
06-12 19:01:33.014  1329  1385 D EventBus: No subscribers registered for event class com.mumu.store.data.PkgData
06-12 19:01:33.014  1329  1385 D EventBus: No subscribers registered for event class org.greenrobot.eventbus.h
06-12 19:01:33.024   949  1109 I create_screen: InstallationUpdatedTask: mOp = 2
06-12 19:01:33.197  1329  1385 D AppStoreModel: onDownloadProgress: pkgData = 神仙道3（赢电竞外设） percent = 52.0   index = -1
06-12 19:01:33.220  1329  1385 D e       : updateAppStatus: status = 192
06-12 19:01:33.288  1329  2390 W art     : Long monitor contention event with owner method=void g.a.a(g.a, long, boolean) from Proguard:4294967295 waiters=1 for 275ms
06-12 19:01:33.303  1329  2376 D LaunchDownloadThread: reportProgress: 
06-12 19:01:33.540  1329  2386 W art     : Long monitor contention event with owner method=void g.a.a(g.a, long, boolean) from Proguard:4294967295 waiters=4 for 303ms
06-12 19:01:33.719  1329  2389 D LaunchDownloadThread: reportProgress: 
06-12 19:01:34.339   949   949 I Launcher: Deferring update until onResume
06-12 19:01:34.365  1329  2389 D LaunchDownloadThread: reportProgress: 
06-12 19:01:34.370  1329  2376 D LaunchDownloadThread: reportProgress: 
06-12 19:01:34.512  1329  1385 D e       : updateAppStatus: status = 192
06-12 19:01:34.533  1329  1385 D e       : updateAppStatus: status = 192
06-12 19:01:34.584  1329  2376 D LaunchDownloadThread: reportProgress: 
06-12 19:01:34.604  1329  2389 D LaunchDownloadThread: reportProgress: 
06-12 19:01:34.629  1329  1385 D e       : updateAppStatus: status = 192
06-12 19:01:34.760  1329  2376 D LaunchDownloadThread: reportProgress: 
06-12 19:01:34.768  1329  1385 D e       : updateAppStatus: status = 192
06-12 19:01:34.773  1329  2389 D LaunchDownloadThread: reportProgress: 
06-12 19:01:34.912  1329  1385 D e       : updateAppStatus: status = 192
06-12 19:01:34.918  1329  2376 D LaunchDownloadThread: reportProgress: 
06-12 19:01:34.949  1329  2389 D LaunchDownloadThread: reportProgress: 
06-12 19:01:34.969  1329  1385 D e       : updateAppStatus: status = 192
06-12 19:01:34.992  1329  2376 D LaunchDownloadThread: reportProgress: 
06-12 19:01:34.998  1329  1385 D e       : updateAppStatus: status = 192
06-12 19:01:35.079  1329  2389 D LaunchDownloadThread: reportProgress: 
06-12 19:01:35.098  1329  1385 D e       : updateAppStatus: status = 192
06-12 19:01:35.295  2356  2400 D GuardManager.GuardStateScheduler: [process] filterRealForegroundProcMap: invoked.  realProcMap: {com.tencent.mobileqq=1686567406292}
06-12 19:01:35.904  1329  1385 D e       : updateAppStatus: status = 192
06-12 19:01:35.926  1329  1385 D e       : updateAppStatus: status = 192
06-12 19:01:35.992  1329  1385 D e       : updateAppStatus: status = 192
06-12 19:01:36.003  1329  1385 D e       : updateAppStatus: status = 192
06-12 19:01:36.128  1329  2389 D LaunchDownloadThread: reportProgress: 
06-12 19:01:36.156  1329  2376 D LaunchDownloadThread: reportProgress: 
06-12 19:01:36.231  1329  2389 D LaunchDownloadThread: reportProgress: 
06-12 19:01:36.330  1329  1385 D e       : updateAppStatus: status = 192
06-12 19:01:36.370  1329  1385 D e       : updateAppStatus: status = 192
06-12 19:01:36.372  1329  2376 D LaunchDownloadThread: reportProgress: 
06-12 19:01:36.601  1329  2389 D LaunchDownloadThread: reportProgress: 
06-12 19:01:36.632  1329  1385 D e       : updateAppStatus: status = 192
06-12 19:01:36.635  1329  2376 D LaunchDownloadThread: reportProgress: 
06-12 19:01:36.672  1329  2389 D LaunchDownloadThread: reportProgress: 
06-12 19:01:36.680  1329  1385 D e       : updateAppStatus: status = 192
06-12 19:01:36.824  1329  2376 D LaunchDownloadThread: reportProgress: 
06-12 19:01:36.864   595   605 I art     : Background partial concurrent mark sweep GC freed 8318(379KB) AllocSpace objects, 0(0B) LOS objects, 33% free, 9MB/14MB, paused 629us total 140.111ms
06-12 19:01:37.063  1329  1385 D e       : updateAppStatus: status = 192
06-12 19:01:37.283  1329  2389 D LaunchDownloadThread: reportProgress: 
06-12 19:01:37.316  1329  1385 D e       : updateAppStatus: status = 192
06-12 19:01:37.320  1329  1385 D e       : updateAppStatus: status = 192
06-12 19:01:37.322  1329  1385 D e       : updateAppStatus: status = 192
06-12 19:01:37.340  1329  2376 D LaunchDownloadThread: reportProgress: 
06-12 19:01:37.498  1329  2376 D LaunchDownloadThread: reportProgress: 
06-12 19:01:37.504  1329  1385 D e       : updateAppStatus: status = 192
06-12 19:01:37.507  1329  1385 D e       : updateAppStatus: status = 192
06-12 19:01:37.709  1329  2389 D LaunchDownloadThread: reportProgress: 
06-12 19:01:37.789  1329  2376 D LaunchDownloadThread: reportProgress: 
06-12 19:01:37.842  1329  2389 D LaunchDownloadThread: reportProgress: 
06-12 19:01:37.881  1329  1385 D e       : updateAppStatus: status = 192
06-12 19:01:37.901  1329  2376 D LaunchDownloadThread: reportProgress: 
06-12 19:01:37.970  1329  1385 D e       : updateAppStatus: status = 192
06-12 19:01:37.979  1329  2389 D LaunchDownloadThread: reportProgress: 
06-12 19:01:38.016  1329  1385 D e       : updateAppStatus: status = 192
06-12 19:01:38.032  1329  2376 D LaunchDownloadThread: reportProgress: 
06-12 19:01:38.082  1329  2389 D LaunchDownloadThread: reportProgress: 
06-12 19:01:38.105  1329  1385 D e       : updateAppStatus: status = 192
06-12 19:01:38.159  1329  1385 D e       : updateAppStatus: status = 192
06-12 19:01:38.180  2356  2407 D QQDtReportHelper: 848QQDT [supplementReportForSwitchAccount] startTimestamp is 0
06-12 19:01:38.217  1329  1385 D e       : updateAppStatus: status = 192
06-12 19:01:38.252  1329  1385 D e       : updateAppStatus: status = 192
06-12 19:01:38.357  1329  1385 D e       : updateAppStatus: status = 192
06-12 19:01:38.806  1329  2389 D LaunchDownloadThread: reportProgress: 
06-12 19:01:38.850  1329  2376 D LaunchDownloadThread: reportProgress: 
06-12 19:01:38.989  1329  1385 D e       : updateAppStatus: status = 192
06-12 19:01:39.084  1329  2376 D LaunchDownloadThread: reportProgress: 
06-12 19:01:39.176  1329  1385 D e       : updateAppStatus: status = 192
06-12 19:01:39.215  1329  2389 D LaunchDownloadThread: reportProgress: 
06-12 19:01:39.285  1329  1385 D e       : updateAppStatus: status = 192
06-12 19:01:39.295  1329  2376 D LaunchDownloadThread: reportProgress: 
