06-12 19:00:21.107  1329  1385 D AppStoreModel: onDownloadProgress: pkgData = 我叫MT：经典再现 percent = 8.0   index = -1
06-12 19:00:21.161  1329  2389 D LaunchDownloadThread: reportProgress: 
06-12 19:00:21.226  1329  2376 D LaunchDownloadThread: reportProgress: 
06-12 19:00:21.331  1329  1385 D e       : updateAppStatus: status = 192
06-12 19:00:21.361  1329  1385 D e       : updateAppStatus: status = 192
06-12 19:00:21.372   949   949 I Launcher: Deferring update until onResume
06-12 19:00:21.685  1329  2389 D LaunchDownloadThread: reportProgress: 
06-12 19:00:21.828  1329  1385 D e       : updateAppStatus: status = 192
06-12 19:00:21.891  1329  2376 D LaunchDownloadThread: reportProgress: 
06-12 19:00:21.976  1329  2389 D LaunchDownloadThread: reportProgress: 
06-12 19:00:22.033  1329  2376 D LaunchDownloadThread: reportProgress: 
06-12 19:00:22.038  1329  1385 D e       : updateAppStatus: status = 192
06-12 19:00:22.062  1329  2389 D LaunchDownloadThread: reportProgress: 
06-12 19:00:22.103  1329  1385 D e       : updateAppStatus: status = 192
06-12 19:00:22.103  1329  1385 D EventBus: No subscribers registered for event class com.mumu.store.data.PkgData
06-12 19:00:22.103  1329  1385 D EventBus: No subscribers registered for event class org.greenrobot.eventbus.h
06-12 19:00:22.105  1329  1385 D AppStoreModel: onDownloadProgress: pkgData = 神仙道3（赢电竞外设） percent = 23.0   index = -1
06-12 19:00:22.105   949  1109 I create_screen: InstallationUpdatedTask: mOp = 2
06-12 19:00:22.207  1329  2376 D LaunchDownloadThread: reportProgress: 
06-12 19:00:22.230  1329  1385 D e       : updateAppStatus: status = 192
06-12 19:00:22.253  1329  2389 D LaunchDownloadThread: reportProgress: 
06-12 19:00:22.259  1329  1385 D e       : updateAppStatus: status = 192
06-12 19:00:22.280   949   949 I Launcher: Deferring update until onResume
06-12 19:00:22.707  1329  1385 D e       : updateAppStatus: status = 192
06-12 19:00:22.711  1329  1385 D e       : updateAppStatus: status = 192
06-12 19:00:22.757  1329  2389 D LaunchDownloadThread: reportProgress: 
06-12 19:00:22.796  1329  2376 D LaunchDownloadThread: reportProgress: 
06-12 19:00:22.863  1329  2376 D LaunchDownloadThread: reportProgress: 
06-12 19:00:22.890  1329  1385 D e       : updateAppStatus: status = 192
06-12 19:00:22.991  1329  1385 D e       : updateAppStatus: status = 192
06-12 19:00:23.014  2356  2400 D GuardManager.GuardStateScheduler: [process] filterRealForegroundProcMap: invoked.  realProcMap: {com.tencent.mobileqq=1686567406292}
06-12 19:00:23.051  1329  1385 D e       : updateAppStatus: status = 192
06-12 19:00:23.208  1329  2389 D LaunchDownloadThread: reportProgress: 
06-12 19:00:23.351  1329  1385 D e       : updateAppStatus: status = 192
06-12 19:00:23.422  1329  2376 D LaunchDownloadThread: reportProgress: 
06-12 19:00:23.493  1329  2389 D LaunchDownloadThread: reportProgress: 
06-12 19:00:23.562  1329  2376 D LaunchDownloadThread: reportProgress: 
06-12 19:00:23.625  1329  2389 D LaunchDownloadThread: reportProgress: 
06-12 19:00:23.631  1329  1385 D e       : updateAppStatus: status = 192
06-12 19:00:23.652  1329  2376 D LaunchDownloadThread: reportProgress: 
06-12 19:00:23.672  1329  1385 D e       : updateAppStatus: status = 192
06-12 19:00:23.743  1329  1385 D e       : updateAppStatus: status = 192
06-12 19:00:23.753  1329  2389 D LaunchDownloadThread: reportProgress: 
06-12 19:00:23.844  1329  1385 D e       : updateAppStatus: status = 192
06-12 19:00:23.947  1329  1385 D e       : updateAppStatus: status = 192
06-12 19:00:23.967  1329  1385 D e       : updateAppStatus: status = 192
06-12 19:00:24.164   595  1048 D NetlinkSocketObserver: NeighborEvent{elapsedMs=3769242, 10.0.2.2, [525400123502], RTM_NEWNEIGH, NUD_REACHABLE}
06-12 19:00:24.260  1329  2389 D LaunchDownloadThread: reportProgress: 
06-12 19:00:24.320  1329  2376 D LaunchDownloadThread: reportProgress: 
06-12 19:00:24.401  1329  1385 D e       : updateAppStatus: status = 192
06-12 19:00:24.409  1329  1385 D e       : updateAppStatus: status = 192
06-12 19:00:24.423  1329  2376 D LaunchDownloadThread: reportProgress: 
06-12 19:00:24.544  1329  1385 D e       : updateAppStatus: status = 192
06-12 19:00:24.730  1329  2389 D LaunchDownloadThread: reportProgress: 
06-12 19:00:24.843  1329  1385 D e       : updateAppStatus: status = 192
06-12 19:00:24.948  1329  2376 D LaunchDownloadThread: reportProgress: 
06-12 19:00:24.995  1329  2389 D LaunchDownloadThread: reportProgress: 
06-12 19:00:25.082  1329  2376 D LaunchDownloadThread: reportProgress: 
06-12 19:00:25.159  1329  1385 D e       : updateAppStatus: status = 192
06-12 19:00:25.166  1329  2389 D LaunchDownloadThread: reportProgress: 
06-12 19:00:25.172  1329  1385 D e       : updateAppStatus: status = 192
06-12 19:00:25.172  1329  1385 D EventBus: No subscribers registered for event class com.mumu.store.data.PkgData
06-12 19:00:25.172  1329  1385 D EventBus: No subscribers registered for event class org.greenrobot.eventbus.h
06-12 19:00:25.173   949  1109 I create_screen: InstallationUpdatedTask: mOp = 2
06-12 19:00:25.176  1329  1385 D AppStoreModel: onDownloadProgress: pkgData = 神仙道3（赢电竞外设） percent = 24.0   index = -1
06-12 19:00:25.299  1329  2376 D LaunchDownloadThread: reportProgress: 
06-12 19:00:25.351   949   949 I Launcher: Deferring update until onResume
06-12 19:00:25.366  1329  2389 D LaunchDownloadThread: reportProgress: 
06-12 19:00:25.376  1329  1385 D e       : updateAppStatus: status = 192
06-12 19:00:25.416  1329  1385 D e       : updateAppStatus: status = 192
06-12 19:00:25.455  1329  1385 D e       : updateAppStatus: status = 192
06-12 19:00:25.463  1329  1385 D e       : updateAppStatus: status = 192
06-12 19:00:25.865  1329  2376 D LaunchDownloadThread: reportProgress: 
06-12 19:00:26.077  1329  1385 D e       : updateAppStatus: status = 192
06-12 19:00:26.099  1329  2389 D LaunchDownloadThread: reportProgress: 
06-12 19:00:26.126  1329  2376 D LaunchDownloadThread: reportProgress: 
06-12 19:00:26.195  1329  1385 D e       : updateAppStatus: status = 192
06-12 19:00:26.206  1329  2389 D LaunchDownloadThread: reportProgress: 
06-12 19:00:26.379  1329  1385 D e       : updateAppStatus: status = 192
06-12 19:00:26.445  1329  2376 D LaunchDownloadThread: reportProgress: 
06-12 19:00:26.642  1329  1385 D e       : updateAppStatus: status = 192
06-12 19:00:26.674  1329  2376 D LaunchDownloadThread: reportProgress: 
06-12 19:00:26.682  1329  2389 D LaunchDownloadThread: reportProgress: 
06-12 19:00:26.694  1329  1385 D e       : updateAppStatus: status = 192
06-12 19:00:26.708  1329  2376 D LaunchDownloadThread: reportProgress: 
06-12 19:00:26.727  1329  1385 D e       : updateAppStatus: status = 192
06-12 19:00:26.755  1329  2389 D LaunchDownloadThread: reportProgress: 
06-12 19:00:26.814  1329  1385 D e       : updateAppStatus: status = 192
06-12 19:00:26.831  1329  1385 D e       : updateAppStatus: status = 192
06-12 19:00:26.854  1329  1385 D e       : updateAppStatus: status = 192
06-12 19:00:26.894  1329  2389 D LaunchDownloadThread: reportProgress: 
06-12 19:00:27.009  1329  1385 D e       : updateAppStatus: status = 192
06-12 19:00:27.498  1329  2376 D LaunchDownloadThread: reportProgress: 
06-12 19:00:27.561  1329  2376 D LaunchDownloadThread: reportProgress: 
06-12 19:00:27.627  1329  2389 D LaunchDownloadThread: reportProgress: 
06-12 19:00:27.640  1329  1385 D e       : updateAppStatus: status = 192
06-12 19:00:27.706  1329  1385 D e       : updateAppStatus: status = 192
06-12 19:00:27.719  1329  1385 D e       : updateAppStatus: status = 192
06-12 19:00:27.719  1329  1385 D EventBus: No subscribers registered for event class com.mumu.store.data.PkgData
06-12 19:00:27.719  1329  1385 D EventBus: No subscribers registered for event class org.greenrobot.eventbus.h
06-12 19:00:27.722   949  1109 I create_screen: InstallationUpdatedTask: mOp = 2
06-12 19:00:27.729  1329  1385 D AppStoreModel: onDownloadProgress: pkgData = 神仙道3（赢电竞外设） percent = 25.0   index = -1
06-12 19:00:27.801  1329  2389 D LaunchDownloadThread: reportProgress: 
06-12 19:00:28.092  1329  2376 D LaunchDownloadThread: reportProgress: 
06-12 19:00:28.175   949   949 I Launcher: Deferring update until onResume
06-12 19:00:28.517  1329  2389 D LaunchDownloadThread: reportProgress: 
06-12 19:00:28.548  1329  2376 D LaunchDownloadThread: reportProgress: 
06-12 19:00:28.964  1329  1385 D e       : updateAppStatus: status = 192
06-12 19:00:28.981  1329  2389 D LaunchDownloadThread: reportProgress: 
06-12 19:00:29.016  1329  2376 D LaunchDownloadThread: reportProgress: 
06-12 19:00:29.027  1329  1385 D e       : updateAppStatus: status = 192
06-12 19:00:29.066  1329  2389 D LaunchDownloadThread: reportProgress: 
06-12 19:00:29.070  1329  1385 D e       : updateAppStatus: status = 192
06-12 19:00:29.092  1329  2376 D LaunchDownloadThread: reportProgress: 
06-12 19:00:29.097  1329  1385 D e       : updateAppStatus: status = 192
06-12 19:00:29.151  1329  1385 D e       : updateAppStatus: status = 192
06-12 19:00:29.155  1329  2389 D LaunchDownloadThread: reportProgress: 
06-12 19:00:29.194  1329  2376 D LaunchDownloadThread: reportProgress: 
06-12 19:00:29.198  1329  1385 D e       : updateAppStatus: status = 192
06-12 19:00:29.331  1329  1385 D e       : updateAppStatus: status = 192
06-12 19:00:29.333  1329  2389 D LaunchDownloadThread: reportProgress: 
06-12 19:00:29.376  1329  1385 D e       : updateAppStatus: status = 192
06-12 19:00:29.449  1329  1385 D e       : updateAppStatus: status = 192
06-12 19:00:29.465  1329  1385 D e       : updateAppStatus: status = 192
06-12 19:00:29.477  1329  1385 D e       : updateAppStatus: status = 192
06-12 19:00:29.612  1329  2376 D LaunchDownloadThread: reportProgress: 
06-12 19:00:29.733  1329  1385 D e       : updateAppStatus: status = 192
06-12 19:00:29.958  1329  2748 W art     : Long monitor contention event with owner method=void g.a.a(g.a, long, boolean) from Proguard:4294967295 waiters=4 for 221ms
06-12 19:00:30.096  1329  2389 D LaunchDownloadThread: reportProgress: 
06-12 19:00:30.188  1329  2376 D LaunchDownloadThread: reportProgress: 
06-12 19:00:30.267  1329  2389 D LaunchDownloadThread: reportProgress: 
06-12 19:00:30.314  1329  2376 D LaunchDownloadThread: reportProgress: 
06-12 19:00:30.338  1329  1385 D e       : updateAppStatus: status = 192
06-12 19:00:30.376  1329  2389 D LaunchDownloadThread: reportProgress: 
06-12 19:00:30.381  1329  1385 D e       : updateAppStatus: status = 192
06-12 19:00:30.501  1329  1385 D e       : updateAppStatus: status = 192
06-12 19:00:30.598  1329  1385 D e       : updateAppStatus: status = 192
06-12 19:00:30.622  1329  1385 D e       : updateAppStatus: status = 192
06-12 19:00:30.678  1329  2389 D LaunchDownloadThread: reportProgress: 
06-12 19:00:30.696  1329  2376 D LaunchDownloadThread: reportProgress: 
06-12 19:00:30.850  1329  1385 D e       : updateAppStatus: status = 192
06-12 19:00:30.881  1329  2389 D LaunchDownloadThread: reportProgress: 
06-12 19:00:30.916  1329  2376 D LaunchDownloadThread: reportProgress: 
06-12 19:00:30.953  1329  1385 D e       : updateAppStatus: status = 192
06-12 19:00:31.082  1329  1385 D e       : updateAppStatus: status = 192
06-12 19:00:31.090  1329  1385 D e       : updateAppStatus: status = 192
06-12 19:00:31.210  1329  2396 W art     : Long monitor contention event with owner method=void g.a.a(g.a, long, boolean) from Proguard:4294967295 waiters=7 for 118ms
06-12 19:00:31.301  1329  2376 D LaunchDownloadThread: reportProgress: 
06-12 19:00:31.506  1329  1385 D e       : updateAppStatus: status = 192
06-12 19:00:31.508  1329  2398 W art     : Long monitor contention event with owner method=void g.a.a(g.a, long, boolean) from Proguard:4294967295 waiters=5 for 296ms
06-12 19:00:31.662  1329  2376 D LaunchDownloadThread: reportProgress: 
06-12 19:00:31.667  1329  2389 D LaunchDownloadThread: reportProgress: 
06-12 19:00:31.697  1329  2376 D LaunchDownloadThread: reportProgress: 
06-12 19:00:31.738  1329  2389 D LaunchDownloadThread: reportProgress: 
06-12 19:00:31.743  1329  1385 D e       : updateAppStatus: status = 192
06-12 19:00:31.783  1329  1385 D e       : updateAppStatus: status = 192
06-12 19:00:31.787  1329  1385 D e       : updateAppStatus: status = 192
06-12 19:00:32.126  1329  2389 D LaunchDownloadThread: reportProgress: 
06-12 19:00:32.129  1329  1385 D e       : updateAppStatus: status = 192
06-12 19:00:32.129  1329  1385 D EventBus: No subscribers registered for event class com.mumu.store.data.PkgData
06-12 19:00:32.130  1329  1385 D EventBus: No subscribers registered for event class org.greenrobot.eventbus.h
06-12 19:00:32.134   949  1109 I create_screen: InstallationUpdatedTask: mOp = 2
06-12 19:00:32.142  1329  1385 D AppStoreModel: onDownloadProgress: pkgData = 神仙道3（赢电竞外设） percent = 26.0   index = -1
06-12 19:00:32.264  1329  2376 D LaunchDownloadThread: reportProgress: 
06-12 19:00:32.342  1329  2389 D LaunchDownloadThread: reportProgress: 
06-12 19:00:32.382  1329  2376 D LaunchDownloadThread: reportProgress: 
06-12 19:00:32.583  1329  1385 D e       : updateAppStatus: status = 192
06-12 19:00:32.816   949   949 I Launcher: Deferring update until onResume
06-12 19:00:32.817  1329  2389 D LaunchDownloadThread: reportProgress: 
06-12 19:00:32.828  1329  1385 D e       : updateAppStatus: status = 192
06-12 19:00:32.828  1329  1385 D EventBus: No subscribers registered for event class com.mumu.store.data.PkgData
06-12 19:00:32.828  1329  1385 D EventBus: No subscribers registered for event class org.greenrobot.eventbus.h
06-12 19:00:32.830   949  1109 I create_screen: InstallationUpdatedTask: mOp = 2
06-12 19:00:32.843  1329  1385 D AppStoreModel: onDownloadProgress: pkgData = 我叫MT：经典再现 percent = 9.0   index = -1
06-12 19:00:32.931  1329  2376 D LaunchDownloadThread: reportProgress: 
06-12 19:00:32.932  1329  1385 D e       : updateAppStatus: status = 192
06-12 19:00:33.151   949   949 I Launcher: Deferring update until onResume
06-12 19:00:33.162  1329  1385 D e       : updateAppStatus: status = 192
06-12 19:00:33.174  1329  2389 D LaunchDownloadThread: reportProgress: 
06-12 19:00:33.202  1329  2376 D LaunchDownloadThread: reportProgress: 
06-12 19:00:33.235  1329  1385 D e       : updateAppStatus: status = 192
06-12 19:00:33.310  1329  2389 D LaunchDownloadThread: reportProgress: 
06-12 19:00:33.335  1329  1385 D e       : updateAppStatus: status = 192
06-12 19:00:33.397  1329  2376 D LaunchDownloadThread: reportProgress: 
06-12 19:00:33.481  1329  1385 D e       : updateAppStatus: status = 192
06-12 19:00:33.510  1329  2389 D LaunchDownloadThread: reportProgress: 
06-12 19:00:33.555  1329  1385 D e       : updateAppStatus: status = 192
06-12 19:00:33.600  1329  1385 D e       : updateAppStatus: status = 192
06-12 19:00:33.648  1329  1385 D e       : updateAppStatus: status = 192
06-12 19:00:33.650  1329  1385 D e       : updateAppStatus: status = 192
06-12 19:00:33.829  1329  2396 W art     : Long monitor contention event with owner method=void g.a.a(g.a, long, boolean) from Proguard:4294967295 waiters=2 for 109ms
06-12 19:00:33.848  1329  2389 D LaunchDownloadThread: reportProgress: 
06-12 19:00:33.884  1329  2376 D LaunchDownloadThread: reportProgress: 
06-12 19:00:33.986  1329  2389 D LaunchDownloadThread: reportProgress: 
06-12 19:00:34.086  1329  2376 D LaunchDownloadThread: reportProgress: 
06-12 19:00:34.127  1329  1385 D e       : updateAppStatus: status = 192
06-12 19:00:34.145  1329  1385 D e       : updateAppStatus: status = 192
06-12 19:00:34.345  1329  1385 D e       : updateAppStatus: status = 192
06-12 19:00:34.350  1329  1385 D e       : updateAppStatus: status = 192
06-12 19:00:34.434  1329  2376 D LaunchDownloadThread: reportProgress: 
06-12 19:00:34.620   595  1048 D NetlinkSocketObserver: NeighborEvent{elapsedMs=3779696, 10.0.2.2, [525400123502], RTM_NEWNEIGH, NUD_STALE}
06-12 19:00:34.689  1329  1385 D e       : updateAppStatus: status = 192
06-12 19:00:34.725  1329  2389 D LaunchDownloadThread: reportProgress: 
06-12 19:00:34.741  1329  2376 D LaunchDownloadThread: reportProgress: 
06-12 19:00:34.793  1329  2376 D LaunchDownloadThread: reportProgress: 
06-12 19:00:34.931  1329  2389 D LaunchDownloadThread: reportProgress: 
06-12 19:00:35.008  1329  1385 D e       : updateAppStatus: status = 192
06-12 19:00:35.231  1329  2389 D LaunchDownloadThread: reportProgress: 
06-12 19:00:35.237  1329  1385 D e       : updateAppStatus: status = 192
06-12 19:00:35.269  1329  1385 D e       : updateAppStatus: status = 192
06-12 19:00:35.307  1329  1385 D e       : updateAppStatus: status = 192
06-12 19:00:35.396  1329  2376 D LaunchDownloadThread: reportProgress: 
06-12 19:00:35.534  1329  2389 D LaunchDownloadThread: reportProgress: 
06-12 19:00:35.579  1329  1385 D e       : updateAppStatus: status = 192
06-12 19:00:35.615  1329  2389 D LaunchDownloadThread: reportProgress: 
06-12 19:00:35.630  1329  2376 D LaunchDownloadThread: reportProgress: 
06-12 19:00:35.638  1329  1385 D e       : updateAppStatus: status = 192
06-12 19:00:35.656  1329  1385 D e       : updateAppStatus: status = 192
06-12 19:00:35.769  1329  1385 D e       : updateAppStatus: status = 192
06-12 19:00:35.778  1329  1385 D e       : updateAppStatus: status = 192
06-12 19:00:35.965  1329  2376 D LaunchDownloadThread: reportProgress: 
06-12 19:00:36.057  1329  1385 D e       : updateAppStatus: status = 192
06-12 19:00:36.276  1329  2389 D LaunchDownloadThread: reportProgress: 
06-12 19:00:36.290  1329  2376 D LaunchDownloadThread: reportProgress: 
06-12 19:00:36.363  1329  2376 D LaunchDownloadThread: reportProgress: 
06-12 19:00:36.369  1329  1385 D e       : updateAppStatus: status = 192
06-12 19:00:36.375  1329  1385 D e       : updateAppStatus: status = 192
06-12 19:00:36.584  1329  2389 D LaunchDownloadThread: reportProgress: 
06-12 19:00:36.702  1329  1385 D e       : updateAppStatus: status = 192
06-12 19:00:36.734  1329  1385 D e       : updateAppStatus: status = 192
06-12 19:00:36.736  1329  1385 D EventBus: No subscribers registered for event class com.mumu.store.data.PkgData
06-12 19:00:36.736  1329  1385 D EventBus: No subscribers registered for event class org.greenrobot.eventbus.h
06-12 19:00:36.742  1329  1385 D AppStoreModel: onDownloadProgress: pkgData = 神仙道3（赢电竞外设） percent = 27.0   index = -1
06-12 19:00:36.743   949  1109 I create_screen: InstallationUpdatedTask: mOp = 2
06-12 19:00:36.853  1329  2389 D LaunchDownloadThread: reportProgress: 
06-12 19:00:36.979  1329  1385 D e       : updateAppStatus: status = 192
06-12 19:00:36.984  1329  2376 D LaunchDownloadThread: reportProgress: 
06-12 19:00:37.033  1329  2389 D LaunchDownloadThread: reportProgress: 
06-12 19:00:37.066   949   949 I Launcher: Deferring update until onResume
06-12 19:00:37.091  1329  2376 D LaunchDownloadThread: reportProgress: 
06-12 19:00:37.114  1329  2389 D LaunchDownloadThread: reportProgress: 
06-12 19:00:37.128  1329  1385 D e       : updateAppStatus: status = 192
06-12 19:00:37.143  1329  1385 D e       : updateAppStatus: status = 192
06-12 19:00:37.197  1329  1385 D e       : updateAppStatus: status = 192
06-12 19:00:37.210  1329  1385 D e       : updateAppStatus: status = 192
06-12 19:00:37.467  1329  2376 D LaunchDownloadThread: reportProgress: 
06-12 19:00:37.768  1329  1385 D e       : updateAppStatus: status = 192
06-12 19:00:37.808  1329  2376 D LaunchDownloadThread: reportProgress: 
06-12 19:00:37.877  1329  2376 D LaunchDownloadThread: reportProgress: 
06-12 19:00:37.938  1329  1385 D e       : updateAppStatus: status = 192
06-12 19:00:38.011  1329  1385 D e       : updateAppStatus: status = 192
06-12 19:00:38.164  1329  2377 W art     : Long monitor contention event with owner method=void g.a.a(g.a, long, boolean) from Proguard:4294967295 waiters=7 for 146ms
06-12 19:00:38.186  2356  2407 D QQDtReportHelper: 848QQDT [supplementReportForSwitchAccount] startTimestamp is 0
06-12 19:00:38.440  1329  2376 D LaunchDownloadThread: reportProgress: 
06-12 19:00:38.451  1329  2389 W art     : Long monitor contention event with owner method=void java.lang.Thread.unpark$() from Thread.java:1162 waiters=1 for 179ms
06-12 19:00:38.463  1329  2389 D LaunchDownloadThread: reportProgress: 
06-12 19:00:38.701  1329  2376 D LaunchDownloadThread: reportProgress: 
06-12 19:00:38.785  1329  2389 D LaunchDownloadThread: reportProgress: 
06-12 19:00:38.799  1329  1385 D e       : updateAppStatus: status = 192
06-12 19:00:38.803  1329  1385 D e       : updateAppStatus: status = 192
06-12 19:00:38.848  1329  2389 D LaunchDownloadThread: reportProgress: 
06-12 19:00:38.866  1329  1385 D e       : updateAppStatus: status = 192
06-12 19:00:38.870  1329  1385 D e       : updateAppStatus: status = 192
06-12 19:00:39.016  1329  2376 D LaunchDownloadThread: reportProgress: 
06-12 19:00:39.044  1329  2389 D LaunchDownloadThread: reportProgress: 
06-12 19:00:39.150  1329  1385 D e       : updateAppStatus: status = 192
06-12 19:00:39.158  1329  1385 D e       : updateAppStatus: status = 192
06-12 19:00:39.160  1329  2389 D LaunchDownloadThread: reportProgress: 
06-12 19:00:39.162  1329  1385 D e       : updateAppStatus: status = 192
06-12 19:00:39.242  1329  1385 D e       : updateAppStatus: status = 192
06-12 19:00:39.242  1329  1385 D EventBus: No subscribers registered for event class com.mumu.store.data.PkgData
06-12 19:00:39.242  1329  1385 D EventBus: No subscribers registered for event class org.greenrobot.eventbus.h
06-12 19:00:39.244   949  1109 I create_screen: InstallationUpdatedTask: mOp = 2
06-12 19:00:39.250  1329  1385 D AppStoreModel: onDownloadProgress: pkgData = 神仙道3（赢电竞外设） percent = 28.0   index = -1
06-12 19:00:39.342  1329  2376 D LaunchDownloadThread: reportProgress: 
06-12 19:00:39.432   949   949 I Launcher: Deferring update until onResume
06-12 19:00:39.476  1329  2376 D LaunchDownloadThread: reportProgress: 
06-12 19:00:39.482  1329  1385 D e       : updateAppStatus: status = 192
06-12 19:00:39.638  1329  1385 D e       : updateAppStatus: status = 192
06-12 19:00:39.643   595  1048 D NetlinkSocketObserver: NeighborEvent{elapsedMs=3784723, 10.0.2.2, [525400123502], RTM_NEWNEIGH, NUD_REACHABLE}
06-12 19:00:39.765  1329  2389 D LaunchDownloadThread: reportProgress: 
06-12 19:00:40.001  1329  2376 D LaunchDownloadThread: reportProgress: 
06-12 19:00:40.016  1329  2389 D LaunchDownloadThread: reportProgress: 
06-12 19:00:40.041  1329  1385 D e       : updateAppStatus: status = 192
06-12 19:00:40.112  1329  2389 D LaunchDownloadThread: reportProgress: 
06-12 19:00:40.147  1329  1385 D e       : updateAppStatus: status = 192
06-12 19:00:40.186  1329  2376 D LaunchDownloadThread: reportProgress: 
06-12 19:00:40.193  1329  1385 D e       : updateAppStatus: status = 192
06-12 19:00:40.294  1329  2389 D LaunchDownloadThread: reportProgress: 
06-12 19:00:40.298  1329  1385 D e       : updateAppStatus: status = 192
06-12 19:00:40.361  1329  1385 D e       : updateAppStatus: status = 192
06-12 19:00:40.371  1329  1385 D e       : updateAppStatus: status = 192
06-12 19:00:40.415  1329  2389 D LaunchDownloadThread: reportProgress: 
06-12 19:00:40.470  1329  1385 D e       : updateAppStatus: status = 192
06-12 19:00:40.513  1329  2376 D LaunchDownloadThread: reportProgress: 
06-12 19:00:40.621  1329  1385 D e       : updateAppStatus: status = 192
06-12 19:00:40.864  1329  2376 D LaunchDownloadThread: reportProgress: 
06-12 19:00:40.969  1329  1385 D e       : updateAppStatus: status = 192
06-12 19:00:40.980  1329  2376 D LaunchDownloadThread: reportProgress: 
06-12 19:00:41.074  1329  1385 D e       : updateAppStatus: status = 192
06-12 19:00:41.301  1329  2389 D LaunchDownloadThread: reportProgress: 
06-12 19:00:41.523  1329  1385 D e       : updateAppStatus: status = 192
06-12 19:00:41.532  1329  2376 D LaunchDownloadThread: reportProgress: 
06-12 19:00:41.545  1329  2389 D LaunchDownloadThread: reportProgress: 
06-12 19:00:41.637  1329  1385 D e       : updateAppStatus: status = 192
06-12 19:00:41.637  1329  1385 D EventBus: No subscribers registered for event class com.mumu.store.data.PkgData
06-12 19:00:41.637  1329  1385 D EventBus: No subscribers registered for event class org.greenrobot.eventbus.h
06-12 19:00:41.641  1329  1385 D AppStoreModel: onDownloadProgress: pkgData = 我叫MT：经典再现 percent = 10.0   index = -1
06-12 19:00:41.642  1329  2389 D LaunchDownloadThread: reportProgress: 
06-12 19:00:41.646  1329  1385 D e       : updateAppStatus: status = 192
06-12 19:00:41.648   949  1109 I create_screen: InstallationUpdatedTask: mOp = 2
06-12 19:00:41.698  1329  2376 D LaunchDownloadThread: reportProgress: 
06-12 19:00:41.773   949   949 I Launcher: Deferring update until onResume
06-12 19:00:41.833  1329  2389 D LaunchDownloadThread: reportProgress: 
06-12 19:00:41.837  1329  1385 D e       : updateAppStatus: status = 192
06-12 19:00:41.866  1329  1385 D e       : updateAppStatus: status = 192
06-12 19:00:41.948  1329  2389 D LaunchDownloadThread: reportProgress: 
06-12 19:00:41.957  1329  1385 D e       : updateAppStatus: status = 192
06-12 19:00:41.958  1329  1385 D EventBus: No subscribers registered for event class com.mumu.store.data.PkgData
06-12 19:00:41.958  1329  1385 D EventBus: No subscribers registered for event class org.greenrobot.eventbus.h
06-12 19:00:41.963   949  1109 I create_screen: InstallationUpdatedTask: mOp = 2
06-12 19:00:41.966  1329  1385 D AppStoreModel: onDownloadProgress: pkgData = 神仙道3（赢电竞外设） percent = 29.0   index = -1
06-12 19:00:42.011  1329  2376 D LaunchDownloadThread: reportProgress: 
06-12 19:00:42.113  1329  1385 D e       : updateAppStatus: status = 192
06-12 19:00:42.205  1329  1385 D e       : updateAppStatus: status = 192
06-12 19:00:42.208   949   949 I Launcher: Deferring update until onResume
06-12 19:00:42.366  1329  2376 D LaunchDownloadThread: reportProgress: 
06-12 19:00:42.546  1329  1385 D e       : updateAppStatus: status = 192
06-12 19:00:42.552  1329  2376 D LaunchDownloadThread: reportProgress: 
06-12 19:00:42.671  1329  1385 D e       : updateAppStatus: status = 192
06-12 19:00:42.830  1329  2389 D LaunchDownloadThread: reportProgress: 
06-12 19:00:43.038  1329  1385 D e       : updateAppStatus: status = 192
06-12 19:00:43.044  1329  2389 D LaunchDownloadThread: reportProgress: 
06-12 19:00:43.051  1329  2376 D LaunchDownloadThread: reportProgress: 
06-12 19:00:43.077  1329  2389 D LaunchDownloadThread: reportProgress: 
06-12 19:00:43.118  1329  1385 D e       : updateAppStatus: status = 192
06-12 19:00:43.169  1329  1385 D e       : updateAppStatus: status = 192
06-12 19:00:43.183  1329  1385 D e       : updateAppStatus: status = 192
06-12 19:00:43.271  1329  2376 D LaunchDownloadThread: reportProgress: 
06-12 19:00:43.331  1329  2389 D LaunchDownloadThread: reportProgress: 
06-12 19:00:43.397  1329  1385 D e       : updateAppStatus: status = 192
06-12 19:00:43.450  1329  1385 D e       : updateAppStatus: status = 192
06-12 19:00:43.458  1329  2389 D LaunchDownloadThread: reportProgress: 
06-12 19:00:43.533  1329  2376 D LaunchDownloadThread: reportProgress: 
06-12 19:00:43.679  1329  1385 D e       : updateAppStatus: status = 192
06-12 19:00:43.680  1329  1385 D EventBus: No subscribers registered for event class com.mumu.store.data.PkgData
06-12 19:00:43.680  1329  1385 D EventBus: No subscribers registered for event class org.greenrobot.eventbus.h
06-12 19:00:43.684   949  1109 I create_screen: InstallationUpdatedTask: mOp = 2
06-12 19:00:43.691  1329  1385 D AppStoreModel: onDownloadProgress: pkgData = 神仙道3（赢电竞外设） percent = 30.0   index = -1
06-12 19:00:43.720  1329  1385 D e       : updateAppStatus: status = 192
06-12 19:00:43.879   949   949 I Launcher: Deferring update until onResume
06-12 19:00:43.897  1329  2376 D LaunchDownloadThread: reportProgress: 
06-12 19:00:44.028  1329  1385 D e       : updateAppStatus: status = 192
06-12 19:00:44.063  1329  2376 D LaunchDownloadThread: reportProgress: 
06-12 19:00:44.121   595   605 I art     : Background partial concurrent mark sweep GC freed 8927(441KB) AllocSpace objects, 3(76KB) LOS objects, 33% free, 9MB/14MB, paused 941us total 101.770ms
06-12 19:00:44.159  1329  1385 D e       : updateAppStatus: status = 192
06-12 19:00:44.344  1329  2389 D LaunchDownloadThread: reportProgress: 
06-12 19:00:44.446  1329  1385 D e       : updateAppStatus: status = 192
06-12 19:00:44.560  1329  2389 D LaunchDownloadThread: reportProgress: 
06-12 19:00:44.694  1329  2376 D LaunchDownloadThread: reportProgress: 
06-12 19:00:44.706  1329  2389 D LaunchDownloadThread: reportProgress: 
06-12 19:00:44.715  1329  1385 D e       : updateAppStatus: status = 192
06-12 19:00:44.789  1329  1385 D e       : updateAppStatus: status = 192
06-12 19:00:44.820  1329  1385 D e       : updateAppStatus: status = 192
06-12 19:00:44.829  1329  2376 D LaunchDownloadThread: reportProgress: 
06-12 19:00:44.846  1329  2389 D LaunchDownloadThread: reportProgress: 
06-12 19:00:44.930  1329  1385 D e       : updateAppStatus: status = 192
06-12 19:00:44.934  1329  1385 D e       : updateAppStatus: status = 192
06-12 19:00:44.991  1329  2389 D LaunchDownloadThread: reportProgress: 
06-12 19:00:45.031  1329  2376 D LaunchDownloadThread: reportProgress: 
06-12 19:00:45.085  1329  1385 D e       : updateAppStatus: status = 192
06-12 19:00:45.091  1329  1385 D e       : updateAppStatus: status = 192
06-12 19:00:45.404  1329  2376 D LaunchDownloadThread: reportProgress: 
06-12 19:00:45.528  1329  1385 D e       : updateAppStatus: status = 192
06-12 19:00:45.741  1329  2376 D LaunchDownloadThread: reportProgress: 
06-12 19:00:45.847  1329  1385 D e       : updateAppStatus: status = 192
06-12 19:00:45.872  1329  2389 D LaunchDownloadThread: reportProgress: 
06-12 19:00:46.057  1329  1385 D e       : updateAppStatus: status = 192
06-12 19:00:46.057  1329  1385 D EventBus: No subscribers registered for event class com.mumu.store.data.PkgData
06-12 19:00:46.057  1329  1385 D EventBus: No subscribers registered for event class org.greenrobot.eventbus.h
06-12 19:00:46.060  1329  1385 D AppStoreModel: onDownloadProgress: pkgData = 神仙道3（赢电竞外设） percent = 31.0   index = -1
06-12 19:00:46.061   949  1109 I create_screen: InstallationUpdatedTask: mOp = 2
06-12 19:00:46.101  1329  2389 D LaunchDownloadThread: reportProgress: 
06-12 19:00:46.197  1329  2376 D LaunchDownloadThread: reportProgress: 
06-12 19:00:46.244   949   949 I Launcher: Deferring update until onResume
06-12 19:00:46.258  1329  2389 D LaunchDownloadThread: reportProgress: 
06-12 19:00:46.276  1329  1385 D e       : updateAppStatus: status = 192
06-12 19:00:46.324  1329  1385 D e       : updateAppStatus: status = 192
06-12 19:00:46.330  1329  1385 D e       : updateAppStatus: status = 192
06-12 19:00:46.396  1329  2389 D LaunchDownloadThread: reportProgress: 
06-12 19:00:46.412  1329  2376 D LaunchDownloadThread: reportProgress: 
06-12 19:00:46.493  1329  1385 D e       : updateAppStatus: status = 192
06-12 19:00:46.495  1329  1385 D e       : updateAppStatus: status = 192
06-12 19:00:46.498  1329  2389 D LaunchDownloadThread: reportProgress: 
06-12 19:00:46.563  1329  2376 D LaunchDownloadThread: reportProgress: 
06-12 19:00:46.693  1329  1385 D e       : updateAppStatus: status = 192
06-12 19:00:46.702  1329  1385 D e       : updateAppStatus: status = 192
06-12 19:00:46.916  1329  2376 D LaunchDownloadThread: reportProgress: 
06-12 19:00:47.009  1329  1385 D e       : updateAppStatus: status = 192
06-12 19:00:47.086  1329  2376 D LaunchDownloadThread: reportProgress: 
06-12 19:00:47.202  1329  1385 D e       : updateAppStatus: status = 192
06-12 19:00:47.394  1329  2389 D LaunchDownloadThread: reportProgress: 
06-12 19:00:47.497  1329  1385 D e       : updateAppStatus: status = 192
06-12 19:00:47.602  1329  2389 D LaunchDownloadThread: reportProgress: 
06-12 19:00:47.714  1329  2389 D LaunchDownloadThread: reportProgress: 
06-12 19:00:47.806  1329  1385 D e       : updateAppStatus: status = 192
06-12 19:00:47.806  1329  1385 D EventBus: No subscribers registered for event class com.mumu.store.data.PkgData
06-12 19:00:47.807  1329  1385 D EventBus: No subscribers registered for event class org.greenrobot.eventbus.h
06-12 19:00:47.810  1329  1385 D AppStoreModel: onDownloadProgress: pkgData = 神仙道3（赢电竞外设） percent = 32.0   index = -1
06-12 19:00:47.810   949  1109 I create_screen: InstallationUpdatedTask: mOp = 2
06-12 19:00:47.875  1329  2376 D LaunchDownloadThread: reportProgress: 
06-12 19:00:47.939   949   949 I Launcher: Deferring update until onResume
06-12 19:00:47.954  1329  2389 D LaunchDownloadThread: reportProgress: 
06-12 19:00:47.969  1329  2376 D LaunchDownloadThread: reportProgress: 
06-12 19:00:47.980  1329  1385 D e       : updateAppStatus: status = 192
06-12 19:00:47.996  1329  1385 D e       : updateAppStatus: status = 192
06-12 19:00:48.010  1329  1385 D e       : updateAppStatus: status = 192
06-12 19:00:48.029  1329  2389 D LaunchDownloadThread: reportProgress: 
06-12 19:00:48.082  1329  1385 D e       : updateAppStatus: status = 192
06-12 19:00:48.107  1329  2376 D LaunchDownloadThread: reportProgress: 
06-12 19:00:48.125  1329  1385 D e       : updateAppStatus: status = 192
06-12 19:00:48.218  1329  1385 D e       : updateAppStatus: status = 192
06-12 19:00:48.218  1329  1385 D EventBus: No subscribers registered for event class com.mumu.store.data.PkgData
06-12 19:00:48.219  1329  1385 D EventBus: No subscribers registered for event class org.greenrobot.eventbus.h
06-12 19:00:48.220   949  1109 I create_screen: InstallationUpdatedTask: mOp = 2
06-12 19:00:48.246  1329  1385 D AppStoreModel: onDownloadProgress: pkgData = 我叫MT：经典再现 percent = 11.0   index = -1
06-12 19:00:48.505   949   949 I Launcher: Deferring update until onResume
06-12 19:00:48.538  1329  2376 D LaunchDownloadThread: reportProgress: 
06-12 19:00:48.643  1329  1385 D e       : updateAppStatus: status = 192
06-12 19:00:48.645  1329  2376 D LaunchDownloadThread: reportProgress: 
06-12 19:00:48.761  1329  1385 D e       : updateAppStatus: status = 192
06-12 19:00:48.900  1329  2389 D LaunchDownloadThread: reportProgress: 
06-12 19:00:49.011  1329  1385 D e       : updateAppStatus: status = 192
06-12 19:00:49.126  1329  2389 D LaunchDownloadThread: reportProgress: 
06-12 19:00:49.318  1329  1385 D e       : updateAppStatus: status = 192
06-12 19:00:49.331  1329  2389 D LaunchDownloadThread: reportProgress: 
06-12 19:00:49.355   595  1048 D NetlinkSocketObserver: NeighborEvent{elapsedMs=3794435, 10.0.2.2, [525400123502], RTM_NEWNEIGH, NUD_STALE}
06-12 19:00:49.362  1329  2376 D LaunchDownloadThread: reportProgress: 
06-12 19:00:49.445  1329  2376 D LaunchDownloadThread: reportProgress: 
06-12 19:00:49.468  1329  2389 D LaunchDownloadThread: reportProgress: 
06-12 19:00:49.494  1329  1385 D e       : updateAppStatus: status = 192
06-12 19:00:49.533  1329  1385 D e       : updateAppStatus: status = 192
06-12 19:00:49.564  1329  2389 D LaunchDownloadThread: reportProgress: 
06-12 19:00:49.568  1329  1385 D e       : updateAppStatus: status = 192
06-12 19:00:49.571  1329  1385 D e       : updateAppStatus: status = 192
06-12 19:00:49.571  1329  1385 D EventBus: No subscribers registered for event class com.mumu.store.data.PkgData
06-12 19:00:49.571  1329  1385 D EventBus: No subscribers registered for event class org.greenrobot.eventbus.h
06-12 19:00:49.576   949  1109 I create_screen: InstallationUpdatedTask: mOp = 2
06-12 19:00:49.589  1329  1385 D AppStoreModel: onDownloadProgress: pkgData = 神仙道3（赢电竞外设） percent = 33.0   index = -1
06-12 19:00:49.638  1329  2376 D LaunchDownloadThread: reportProgress: 
06-12 19:00:49.701   949   949 I Launcher: Deferring update until onResume
06-12 19:00:49.743  1329  1385 D e       : updateAppStatus: status = 192
06-12 19:00:49.774  1329  1385 D e       : updateAppStatus: status = 192
06-12 19:00:50.038  1329  2376 D LaunchDownloadThread: reportProgress: 
06-12 19:00:50.265  1329  2376 D LaunchDownloadThread: reportProgress: 
06-12 19:00:50.307  1329  1385 D e       : updateAppStatus: status = 192
06-12 19:00:50.357  1329  1385 D e       : updateAppStatus: status = 192
06-12 19:00:50.486  1329  2389 D LaunchDownloadThread: reportProgress: 
06-12 19:00:50.696  1329  1385 D e       : updateAppStatus: status = 192
06-12 19:00:50.724  1329  2389 D LaunchDownloadThread: reportProgress: 
06-12 19:00:50.874  1329  1385 D e       : updateAppStatus: status = 192
06-12 19:00:50.887  1329  2376 D LaunchDownloadThread: reportProgress: 
06-12 19:00:50.914  1329  2389 D LaunchDownloadThread: reportProgress: 
06-12 19:00:51.088  1329  1385 D e       : updateAppStatus: status = 192
06-12 19:00:51.100  1329  2389 D LaunchDownloadThread: reportProgress: 
06-12 19:00:51.117  1329  2376 D LaunchDownloadThread: reportProgress: 
06-12 19:00:51.140  1329  1385 D e       : updateAppStatus: status = 192
06-12 19:00:51.153  1329  2389 D LaunchDownloadThread: reportProgress: 
06-12 19:00:51.167  1329  2376 D LaunchDownloadThread: reportProgress: 
06-12 19:00:51.186  1329  1385 D e       : updateAppStatus: status = 192
06-12 19:00:51.207  1329  1385 D e       : updateAppStatus: status = 192
06-12 19:00:51.214  1329  1385 D e       : updateAppStatus: status = 192
06-12 19:00:51.217  1329  1385 D e       : updateAppStatus: status = 192
06-12 19:00:51.665  1329  2376 D LaunchDownloadThread: reportProgress: 
06-12 19:00:51.821  1329  1385 D e       : updateAppStatus: status = 192
06-12 19:00:51.845  1329  2376 D LaunchDownloadThread: reportProgress: 
06-12 19:00:51.939  1329  1385 D e       : updateAppStatus: status = 192
06-12 19:00:51.957  1329  2389 D LaunchDownloadThread: reportProgress: 
06-12 19:00:52.221  1329  2389 D LaunchDownloadThread: reportProgress: 
06-12 19:00:52.249  1329  1385 D e       : updateAppStatus: status = 192
06-12 19:00:52.279  1329  1385 D e       : updateAppStatus: status = 192
06-12 19:00:52.284  1329  1385 D EventBus: No subscribers registered for event class com.mumu.store.data.PkgData
06-12 19:00:52.284  1329  1385 D EventBus: No subscribers registered for event class org.greenrobot.eventbus.h
06-12 19:00:52.286   949  1109 I create_screen: InstallationUpdatedTask: mOp = 2
06-12 19:00:52.293  1329  1385 D AppStoreModel: onDownloadProgress: pkgData = 神仙道3（赢电竞外设） percent = 34.0   index = -1
06-12 19:00:52.409  1329  2376 D LaunchDownloadThread: reportProgress: 
06-12 19:00:52.524  1329  2389 D LaunchDownloadThread: reportProgress: 
06-12 19:00:52.534  1329  1385 D e       : updateAppStatus: status = 192
06-12 19:00:52.552  1329  2376 D LaunchDownloadThread: reportProgress: 
06-12 19:00:52.670  1329  2389 D LaunchDownloadThread: reportProgress: 
06-12 19:00:52.707  1329  1385 D e       : updateAppStatus: status = 192
06-12 19:00:52.718  1329  1385 D e       : updateAppStatus: status = 192
06-12 19:00:52.756   949   949 I Launcher: Deferring update until onResume
06-12 19:00:52.778  1329  2376 D LaunchDownloadThread: reportProgress: 
06-12 19:00:52.804   595   605 I art     : Background partial concurrent mark sweep GC freed 8710(403KB) AllocSpace objects, 0(0B) LOS objects, 33% free, 9MB/14MB, paused 1.040ms total 105.333ms
06-12 19:00:52.872  1329  1385 D e       : updateAppStatus: status = 192
06-12 19:00:52.874  1329  2389 D LaunchDownloadThread: reportProgress: 
06-12 19:00:52.880  1329  1385 D e       : updateAppStatus: status = 192
06-12 19:00:52.996  1329  1385 D e       : updateAppStatus: status = 192
06-12 19:00:53.198  1329  2376 D LaunchDownloadThread: reportProgress: 
06-12 19:00:53.384  1329  1385 D e       : updateAppStatus: status = 192
06-12 19:00:53.398  1329  2376 D LaunchDownloadThread: reportProgress: 
06-12 19:00:53.460  1329  2389 D LaunchDownloadThread: reportProgress: 
06-12 19:00:53.507  1329  1385 D e       : updateAppStatus: status = 192
06-12 19:00:53.510  1329  1385 D e       : updateAppStatus: status = 192
06-12 19:00:53.749  1329  2389 D LaunchDownloadThread: reportProgress: 
06-12 19:00:53.912  1329  2376 D LaunchDownloadThread: reportProgress: 
06-12 19:00:53.949  1329  1385 D e       : updateAppStatus: status = 192
06-12 19:00:53.966  1329  1385 D e       : updateAppStatus: status = 192
06-12 19:00:54.108  1329  2389 D LaunchDownloadThread: reportProgress: 
06-12 19:00:54.143  1329  2376 D LaunchDownloadThread: reportProgress: 
06-12 19:00:54.191  1329  2389 D LaunchDownloadThread: reportProgress: 
06-12 19:00:54.242  1329  1385 D e       : updateAppStatus: status = 192
06-12 19:00:54.256  1329  1385 D EventBus: No subscribers registered for event class com.mumu.store.data.PkgData
06-12 19:00:54.262  1329  2389 D LaunchDownloadThread: reportProgress: 
06-12 19:00:54.264  1329  1385 D EventBus: No subscribers registered for event class org.greenrobot.eventbus.h
06-12 19:00:54.269   949  1109 I create_screen: InstallationUpdatedTask: mOp = 2
06-12 19:00:54.282  1329  1385 D AppStoreModel: onDownloadProgress: pkgData = 神仙道3（赢电竞外设） percent = 35.0   index = -1
06-12 19:00:54.327  1329  2376 D LaunchDownloadThread: reportProgress: 
06-12 19:00:54.363   595  1048 D NetlinkSocketObserver: NeighborEvent{elapsedMs=3799443, 10.0.2.2, [525400123502], RTM_NEWNEIGH, NUD_REACHABLE}
06-12 19:00:54.418  1329  1385 D e       : updateAppStatus: status = 192
06-12 19:00:54.419  1329  1385 D EventBus: No subscribers registered for event class com.mumu.store.data.PkgData
06-12 19:00:54.419  1329  1385 D EventBus: No subscribers registered for event class org.greenrobot.eventbus.h
06-12 19:00:54.425  1329  1385 D AppStoreModel: onDownloadProgress: pkgData = 我叫MT：经典再现 percent = 12.0   index = -1
06-12 19:00:54.461  1329  1385 D e       : updateAppStatus: status = 192
06-12 19:00:54.511  1329  1385 D e       : updateAppStatus: status = 192
06-12 19:00:54.515  1329  1385 D e       : updateAppStatus: status = 192
06-12 19:00:54.556   949  1109 I create_screen: InstallationUpdatedTask: mOp = 2
06-12 19:00:54.560   949   949 I Launcher: Deferring update until onResume
06-12 19:00:54.725  1329  2376 D LaunchDownloadThread: reportProgress: 
06-12 19:00:54.732   949   949 I Launcher: Deferring update until onResume
06-12 19:00:54.794  1329  1385 D e       : updateAppStatus: status = 192
06-12 19:00:54.899  1329  2376 D LaunchDownloadThread: reportProgress: 
06-12 19:00:54.989  1329  2389 D LaunchDownloadThread: reportProgress: 
06-12 19:00:55.072  1329  1385 D e       : updateAppStatus: status = 192
06-12 19:00:55.133  1329  1385 D e       : updateAppStatus: status = 192
06-12 19:00:55.271  1329  2389 D LaunchDownloadThread: reportProgress: 
06-12 19:00:55.390  1329  1385 D e       : updateAppStatus: status = 192
06-12 19:00:55.469  1329  2376 D LaunchDownloadThread: reportProgress: 
06-12 19:00:55.539  1329  1385 D e       : updateAppStatus: status = 192
06-12 19:00:55.566  1329  2376 D LaunchDownloadThread: reportProgress: 
06-12 19:00:55.610  1329  2389 D LaunchDownloadThread: reportProgress: 
06-12 19:00:55.691  1329  2389 D LaunchDownloadThread: reportProgress: 
06-12 19:00:55.697  1329  1385 D e       : updateAppStatus: status = 192
06-12 19:00:55.734  1329  1385 D e       : updateAppStatus: status = 192
06-12 19:00:55.746  1329  1385 D e       : updateAppStatus: status = 192
06-12 19:00:55.798  1329  2389 D LaunchDownloadThread: reportProgress: 
06-12 19:00:55.850  1329  2376 D LaunchDownloadThread: reportProgress: 
06-12 19:00:55.974  1329  1385 D e       : updateAppStatus: status = 192
06-12 19:00:55.985  1329  1385 D e       : updateAppStatus: status = 192
06-12 19:00:56.162  2431  2564 D WorkerThreadMonitor: Kill MSF check result[ senderSize:0,sendInterval:161335,receiveInterval=22096,addCmdCount=55
06-12 19:00:56.371  1329  2376 D LaunchDownloadThread: reportProgress: 
06-12 19:00:56.451  1329  1385 D e       : updateAppStatus: status = 192
06-12 19:00:56.477  1329  2376 D LaunchDownloadThread: reportProgress: 
06-12 19:00:56.487  1329  2389 D LaunchDownloadThread: reportProgress: 
06-12 19:00:56.595  1329  1385 D e       : updateAppStatus: status = 192
06-12 19:00:56.632  1329  1385 D e       : updateAppStatus: status = 192
06-12 19:00:56.633  1329  1385 D EventBus: No subscribers registered for event class com.mumu.store.data.PkgData
06-12 19:00:56.633  1329  1385 D EventBus: No subscribers registered for event class org.greenrobot.eventbus.h
06-12 19:00:56.638   949  1109 I create_screen: InstallationUpdatedTask: mOp = 2
06-12 19:00:56.646  1329  1385 D AppStoreModel: onDownloadProgress: pkgData = 神仙道3（赢电竞外设） percent = 36.0   index = -1
06-12 19:00:56.798  1329  2389 D LaunchDownloadThread: reportProgress: 
06-12 19:00:56.900   949   949 I Launcher: Deferring update until onResume
06-12 19:00:56.962  1329  1385 D e       : updateAppStatus: status = 192
06-12 19:00:56.973  1329  2376 D LaunchDownloadThread: reportProgress: 
06-12 19:00:57.066  1329  1385 D e       : updateAppStatus: status = 192
06-12 19:00:57.116  1329  2376 D LaunchDownloadThread: reportProgress: 
06-12 19:00:57.157  1329  2389 D LaunchDownloadThread: reportProgress: 
06-12 19:00:57.267  1329  1385 D e       : updateAppStatus: status = 192
06-12 19:00:57.269  1329  2389 D LaunchDownloadThread: reportProgress: 
06-12 19:00:57.276  1329  1385 D e       : updateAppStatus: status = 192
06-12 19:00:57.350  1329  1385 D e       : updateAppStatus: status = 192
06-12 19:00:57.382  1329  2389 D LaunchDownloadThread: reportProgress: 
06-12 19:00:57.384  1329  2376 D LaunchDownloadThread: reportProgress: 
06-12 19:00:57.495  1329  1385 D e       : updateAppStatus: status = 192
06-12 19:00:57.528  1329  1385 D e       : updateAppStatus: status = 192
06-12 19:00:57.767  1329  2376 D LaunchDownloadThread: reportProgress: 
06-12 19:00:57.875  1329  1385 D e       : updateAppStatus: status = 192
06-12 19:00:58.001  1329  2389 D LaunchDownloadThread: reportProgress: 
06-12 19:00:58.026  1329  2376 D LaunchDownloadThread: reportProgress: 
06-12 19:00:58.145  1329  1385 D e       : updateAppStatus: status = 192
06-12 19:00:58.158  1329  1385 D e       : updateAppStatus: status = 192
06-12 19:00:58.314  1329  2389 D LaunchDownloadThread: reportProgress: 
06-12 19:00:58.390  1329  1385 D e       : updateAppStatus: status = 192
06-12 19:00:58.390  1329  1385 D EventBus: No subscribers registered for event class com.mumu.store.data.PkgData
06-12 19:00:58.390  1329  1385 D EventBus: No subscribers registered for event class org.greenrobot.eventbus.h
06-12 19:00:58.393   949  1109 I create_screen: InstallationUpdatedTask: mOp = 2
06-12 19:00:58.400  1329  1385 D AppStoreModel: onDownloadProgress: pkgData = 神仙道3（赢电竞外设） percent = 37.0   index = -1
06-12 19:00:58.564  1329  2376 D LaunchDownloadThread: reportProgress: 
06-12 19:00:58.590   949   949 I Launcher: Deferring update until onResume
06-12 19:00:58.600  1329  2376 D LaunchDownloadThread: reportProgress: 
06-12 19:00:58.606  1329  1385 D e       : updateAppStatus: status = 192
06-12 19:00:58.660  1329  2389 D LaunchDownloadThread: reportProgress: 
06-12 19:00:58.735  1329  2389 D LaunchDownloadThread: reportProgress: 
06-12 19:00:58.741  1329  1385 D e       : updateAppStatus: status = 192
06-12 19:00:58.767  1329  1385 D e       : updateAppStatus: status = 192
06-12 19:00:58.837  1329  1385 D e       : updateAppStatus: status = 192
06-12 19:00:58.856  1329  2389 D LaunchDownloadThread: reportProgress: 
06-12 19:00:58.877  1329  2376 D LaunchDownloadThread: reportProgress: 
06-12 19:00:59.013  1329  1385 D e       : updateAppStatus: status = 192
06-12 19:00:59.024  1329  1385 D e       : updateAppStatus: status = 192
06-12 19:00:59.156  2356  2400 D GuardManager.GuardStateScheduler: [process] filterRealForegroundProcMap: invoked.  realProcMap: {com.tencent.mobileqq=1686567406292}
06-12 19:00:59.272  1329  2376 D LaunchDownloadThread: reportProgress: 
06-12 19:00:59.461  1329  1385 D e       : updateAppStatus: status = 192
06-12 19:00:59.503  1329  2389 D LaunchDownloadThread: reportProgress: 
06-12 19:00:59.552  1329  2376 D LaunchDownloadThread: reportProgress: 
06-12 19:00:59.639  1329  1385 D e       : updateAppStatus: status = 192
06-12 19:00:59.654  1329  1385 D e       : updateAppStatus: status = 192
06-12 19:00:59.871  1329  2389 D LaunchDownloadThread: reportProgress: 
06-12 19:00:59.963  1329  1385 D e       : updateAppStatus: status = 192
06-12 19:01:00.103  1329  2376 D LaunchDownloadThread: reportProgress: 
06-12 19:01:00.165  1329  2389 D LaunchDownloadThread: reportProgress: 
06-12 19:01:00.182  1329  2376 D LaunchDownloadThread: reportProgress: 
06-12 19:01:00.206  1329  1385 D e       : updateAppStatus: status = 192
06-12 19:01:00.206  1329  1385 D EventBus: No subscribers registered for event class com.mumu.store.data.PkgData
