06-12 18:58:28.801  1329  2376 D LaunchDownloadThread: reportProgress: 
06-12 18:58:28.834  1329  2377 D LaunchDownloadThread: reportProgress: 
06-12 18:58:28.847  1329  1385 D e       : updateAppStatus: status = 192
06-12 18:58:28.878  1329  2376 D LaunchDownloadThread: reportProgress: 
06-12 18:58:28.932  1329  1385 D e       : updateAppStatus: status = 192
06-12 18:58:29.030  1329  1385 D e       : updateAppStatus: status = 192
06-12 18:58:29.033  1329  1385 D e       : updateAppStatus: status = 192
06-12 18:58:29.042  1329  1385 D e       : updateAppStatus: status = 192
06-12 18:58:29.187  1329  2376 D LaunchDownloadThread: reportProgress: 
06-12 18:58:29.281  1329  1385 D e       : updateAppStatus: status = 192
06-12 18:58:29.331  1329  2376 D LaunchDownloadThread: reportProgress: 
06-12 18:58:29.372  1329  2377 D LaunchDownloadThread: reportProgress: 
06-12 18:58:29.476  1329  1385 D e       : updateAppStatus: status = 192
06-12 18:58:29.489  1329  1385 D e       : updateAppStatus: status = 192
06-12 18:58:29.489  1329  1385 D EventBus: No subscribers registered for event class com.mumu.store.data.PkgData
06-12 18:58:29.489  1329  1385 D EventBus: No subscribers registered for event class org.greenrobot.eventbus.h
06-12 18:58:29.497   949  1109 I create_screen: InstallationUpdatedTask: mOp = 2
06-12 18:58:29.504  1329  1385 D AppStoreModel: onDownloadProgress: pkgData = 神仙道3（赢电竞外设） percent = 2.0   index = -1
06-12 18:58:29.771   949   949 I Launcher: Deferring update until onResume
06-12 18:58:30.233  1329  2376 D LaunchDownloadThread: reportProgress: 
06-12 18:58:30.280  1329  2377 D LaunchDownloadThread: reportProgress: 
06-12 18:58:30.304  1329  2376 D LaunchDownloadThread: reportProgress: 
06-12 18:58:30.387  1329  2377 D LaunchDownloadThread: reportProgress: 
06-12 18:58:30.399  1329  1385 D e       : updateAppStatus: status = 192
06-12 18:58:30.446  1329  2376 D LaunchDownloadThread: reportProgress: 
06-12 18:58:30.501  1329  1385 D e       : updateAppStatus: status = 192
06-12 18:58:30.512  1329  2377 D LaunchDownloadThread: reportProgress: 
06-12 18:58:30.632  1329  1385 D e       : updateAppStatus: status = 192
06-12 18:58:30.715  1329  1385 D e       : updateAppStatus: status = 192
06-12 18:58:30.727  1329  1385 D e       : updateAppStatus: status = 192
06-12 18:58:30.733  1329  1385 D e       : updateAppStatus: status = 192
06-12 18:58:30.779  1329  2376 D LaunchDownloadThread: reportProgress: 
06-12 18:58:30.922  1329  1385 D e       : updateAppStatus: status = 192
06-12 18:58:30.929  1329  2376 D LaunchDownloadThread: reportProgress: 
06-12 18:58:31.029  1329  2395 D ChunkThread: handleEndOfStream /data/mumu_store_apps/com.hermes.nvwa.yofun.mumu.apk 0 4419691 false "647468898c37849da655510fB1Q9:538072224"
06-12 18:58:31.030  1329  2377 D LaunchDownloadThread: reportProgress: 
06-12 18:58:31.037  1329  2395 W System.err: n(495)
06-12 18:58:31.037  1329  2395 W System.err: 	at fake.com.android.providers.downloads.e.h(Proguard:11)
06-12 18:58:31.037  1329  2395 W System.err: 	at fake.com.android.providers.downloads.e.c(Proguard:28)
06-12 18:58:31.047  1329  2395 W System.err: 	at fake.com.android.providers.downloads.a.c(Proguard:34)
06-12 18:58:31.047  1329  2395 W System.err: 	at fake.com.android.providers.downloads.e.c(Proguard:11)
06-12 18:58:31.047  1329  2395 W System.err: 	at fake.com.android.providers.downloads.a.d(Proguard:13)
06-12 18:58:31.047  1329  2395 W System.err: 	at fake.com.android.providers.downloads.a.run(Proguard:2)
06-12 18:58:31.047  1329  2395 W System.err: 	at fake.com.android.providers.downloads.e.run(Proguard:1)
06-12 18:58:31.047  1329  2395 W System.err: 	at java.util.concurrent.ThreadPoolExecutor.runWorker(ThreadPoolExecutor.java:1113)
06-12 18:58:31.047  1329  2395 W System.err: 	at java.util.concurrent.ThreadPoolExecutor$Worker.run(ThreadPoolExecutor.java:588)
06-12 18:58:31.047  1329  2395 W System.err: 	at java.lang.Thread.run(Thread.java:818)
06-12 18:58:31.047  1329  2395 W DownloadManager: Aborting request for download 14: closed socket before end of file
06-12 18:58:31.048  1329  2395 D ChunkThread: notifyDownloadCompleted: 
06-12 18:58:31.179  1329  1385 D e       : updateAppStatus: status = 192
06-12 18:58:31.188  1329  2395 D DownloadManager: Download 14 finished with mStatus WAITING_TO_RETRY
06-12 18:58:31.334  1329  1385 D e       : updateAppStatus: status = 192
06-12 18:58:31.432  1329  2377 D LaunchDownloadThread: reportProgress: 
06-12 18:58:31.538  1329  1385 D e       : updateAppStatus: status = 192
06-12 18:58:31.574  1329  1385 D e       : updateAppStatus: status = 192
06-12 18:58:31.610  1329  2387 D ChunkThread: handleEndOfStream /data/mumu_store_apps/com.nextjoy.wjmt.yofun.mumu.apk 324394695 3574521 false "6475651abecf8bad2f4791a47e7T:1621973471"
06-12 18:58:31.613  1329  2387 W System.err: n(495)
06-12 18:58:31.614  1329  2387 W System.err: 	at fake.com.android.providers.downloads.e.h(Proguard:11)
06-12 18:58:31.614  1329  2387 W System.err: 	at fake.com.android.providers.downloads.e.c(Proguard:28)
06-12 18:58:31.614  1329  2387 W System.err: 	at fake.com.android.providers.downloads.a.c(Proguard:34)
06-12 18:58:31.614  1329  2387 W System.err: 	at fake.com.android.providers.downloads.e.c(Proguard:11)
06-12 18:58:31.614  1329  2387 W System.err: 	at fake.com.android.providers.downloads.a.d(Proguard:13)
06-12 18:58:31.614  1329  2387 W System.err: 	at fake.com.android.providers.downloads.a.run(Proguard:2)
06-12 18:58:31.614  1329  2387 W System.err: 	at fake.com.android.providers.downloads.e.run(Proguard:1)
06-12 18:58:31.614  1329  2387 W System.err: 	at java.util.concurrent.ThreadPoolExecutor.runWorker(ThreadPoolExecutor.java:1113)
06-12 18:58:31.614  1329  2387 W System.err: 	at java.util.concurrent.ThreadPoolExecutor$Worker.run(ThreadPoolExecutor.java:588)
06-12 18:58:31.614  1329  2387 W System.err: 	at java.lang.Thread.run(Thread.java:818)
06-12 18:58:31.614  1329  2387 W DownloadManager: Aborting request for download 13: closed socket before end of file
06-12 18:58:31.615  1329  2387 D ChunkThread: notifyDownloadCompleted: 
06-12 18:58:31.615  1329  2387 D DownloadManager: Download 13 finished with mStatus WAITING_TO_RETRY
06-12 18:58:31.617  1329  2376 D LaunchDownloadThread: reportProgress: 
06-12 18:58:31.647  1329  1341 W art     : Suspending all threads took: 6.760ms
06-12 18:58:31.761  1329  1385 D e       : updateAppStatus: status = 192
06-12 18:58:31.795  1329  2377 D LaunchDownloadThread: reportProgress: 
06-12 18:58:31.836  1329  2376 D LaunchDownloadThread: reportProgress: 
06-12 18:58:31.843  1329  1385 D e       : updateAppStatus: status = 192
06-12 18:58:31.918  1329  2397 D ChunkThread: handleEndOfStream /data/mumu_store_apps/com.hermes.nvwa.yofun.mumu.apk 215228890 3236070 false "647468898c37849da655510fB1Q9:538072224"
06-12 18:58:31.919  1329  2397 W System.err: n(495)
06-12 18:58:31.919  1329  2397 W System.err: 	at fake.com.android.providers.downloads.e.h(Proguard:11)
06-12 18:58:31.919  1329  2397 W System.err: 	at fake.com.android.providers.downloads.e.c(Proguard:28)
06-12 18:58:31.919  1329  2397 W System.err: 	at fake.com.android.providers.downloads.a.c(Proguard:34)
06-12 18:58:31.919  1329  2397 W System.err: 	at fake.com.android.providers.downloads.e.c(Proguard:11)
06-12 18:58:31.919  1329  2397 W System.err: 	at fake.com.android.providers.downloads.a.d(Proguard:13)
06-12 18:58:31.919  1329  2397 W System.err: 	at fake.com.android.providers.downloads.a.run(Proguard:2)
06-12 18:58:31.919  1329  2397 W System.err: 	at fake.com.android.providers.downloads.e.run(Proguard:1)
06-12 18:58:31.919  1329  2397 W System.err: 	at java.util.concurrent.ThreadPoolExecutor.runWorker(ThreadPoolExecutor.java:1113)
06-12 18:58:31.919  1329  2397 W System.err: 	at java.util.concurrent.ThreadPoolExecutor$Worker.run(ThreadPoolExecutor.java:588)
06-12 18:58:31.919  1329  2397 W System.err: 	at java.lang.Thread.run(Thread.java:818)
06-12 18:58:31.919  1329  2397 W DownloadManager: Aborting request for download 14: closed socket before end of file
06-12 18:58:31.920  1329  2397 D ChunkThread: notifyDownloadCompleted: 
06-12 18:58:31.920  1329  2397 D DownloadManager: Download 14 finished with mStatus WAITING_TO_RETRY
06-12 18:58:31.921  1329  2377 D LaunchDownloadThread: reportProgress: 
06-12 18:58:31.929  1329  2376 D LaunchDownloadThread: reportProgress: 
06-12 18:58:31.986  1329  1385 D e       : updateAppStatus: status = 192
06-12 18:58:32.005  1329  2377 D LaunchDownloadThread: reportProgress: 
06-12 18:58:32.038  1329  1385 D e       : updateAppStatus: status = 192
06-12 18:58:32.038  1329  1385 D EventBus: No subscribers registered for event class com.mumu.store.data.PkgData
06-12 18:58:32.038  1329  1385 D EventBus: No subscribers registered for event class org.greenrobot.eventbus.h
06-12 18:58:32.043   949  1109 I create_screen: InstallationUpdatedTask: mOp = 2
06-12 18:58:32.047  1329  1385 D AppStoreModel: onDownloadProgress: pkgData = 我叫MT：经典再现 percent = 1.0   index = -1
06-12 18:58:32.324   949   949 I Launcher: Deferring update until onResume
06-12 18:58:32.335  1329  2376 D LaunchDownloadThread: reportProgress: 
06-12 18:58:32.362  1329  1385 D e       : updateAppStatus: status = 192
06-12 18:58:32.427  1329  1385 D e       : updateAppStatus: status = 192
06-12 18:58:32.454  1329  1385 D e       : updateAppStatus: status = 192
06-12 18:58:32.490  1329  1385 D e       : updateAppStatus: status = 192
06-12 18:58:32.497  1329  1385 D e       : updateAppStatus: status = 192
06-12 18:58:32.572  1329  2377 D LaunchDownloadThread: reportProgress: 
06-12 18:58:32.592  1329  2376 D LaunchDownloadThread: reportProgress: 
06-12 18:58:32.632  1329  1385 D e       : updateAppStatus: status = 192
06-12 18:58:32.717  1329  1385 D e       : updateAppStatus: status = 192
06-12 18:58:32.929  1329  2398 D ChunkThread: handleEndOfStream /data/mumu_store_apps/com.hermes.nvwa.yofun.mumu.apk 322843335 3910057 false "647468898c37849da655510fB1Q9:538072224"
06-12 18:58:32.930  1329  2398 W System.err: n(495)
06-12 18:58:32.930  1329  2398 W System.err: 	at fake.com.android.providers.downloads.e.h(Proguard:11)
06-12 18:58:32.930  1329  2398 W System.err: 	at fake.com.android.providers.downloads.e.c(Proguard:28)
06-12 18:58:32.930  1329  2398 W System.err: 	at fake.com.android.providers.downloads.a.c(Proguard:34)
06-12 18:58:32.930  1329  2398 W System.err: 	at fake.com.android.providers.downloads.e.c(Proguard:11)
06-12 18:58:32.930  1329  2398 W System.err: 	at fake.com.android.providers.downloads.a.d(Proguard:13)
06-12 18:58:32.930  1329  2398 W System.err: 	at fake.com.android.providers.downloads.a.run(Proguard:2)
06-12 18:58:32.930  1329  2398 W System.err: 	at fake.com.android.providers.downloads.e.run(Proguard:1)
06-12 18:58:32.930  1329  2398 W System.err: 	at java.util.concurrent.ThreadPoolExecutor.runWorker(ThreadPoolExecutor.java:1113)
06-12 18:58:32.930  1329  2398 W System.err: 	at java.util.concurrent.ThreadPoolExecutor$Worker.run(ThreadPoolExecutor.java:588)
06-12 18:58:32.930  1329  2398 W System.err: 	at java.lang.Thread.run(Thread.java:818)
06-12 18:58:32.930  1329  2398 W DownloadManager: Aborting request for download 14: closed socket before end of file
06-12 18:58:32.930  1329  2377 D LaunchDownloadThread: reportProgress: 
06-12 18:58:32.945  1329  2398 D ChunkThread: notifyDownloadCompleted: 
06-12 18:58:32.945  1329  2398 D DownloadManager: Download 14 finished with mStatus WAITING_TO_RETRY
06-12 18:58:33.038  1329  1385 D e       : updateAppStatus: status = 192
06-12 18:58:33.038  1329  1385 D EventBus: No subscribers registered for event class com.mumu.store.data.PkgData
06-12 18:58:33.038  1329  1385 D EventBus: No subscribers registered for event class org.greenrobot.eventbus.h
06-12 18:58:33.041   949  1109 I create_screen: InstallationUpdatedTask: mOp = 2
06-12 18:58:33.051  1329  1385 D AppStoreModel: onDownloadProgress: pkgData = 神仙道3（赢电竞外设） percent = 3.0   index = -1
06-12 18:58:33.099  1329  1385 D e       : updateAppStatus: status = 192
06-12 18:58:33.352   595   605 I art     : Background partial concurrent mark sweep GC freed 10940(481KB) AllocSpace objects, 0(0B) LOS objects, 33% free, 9MB/14MB, paused 942us total 187.910ms
06-12 18:58:33.508   949   949 I Launcher: Deferring update until onResume
06-12 18:58:33.529  1329  2396 D ChunkThread: handleEndOfStream /data/mumu_store_apps/com.hermes.nvwa.yofun.mumu.apk 107614445 4262563 false "647468898c37849da655510fB1Q9:538072224"
06-12 18:58:33.530  1329  2396 W System.err: n(495)
06-12 18:58:33.530  1329  2396 W System.err: 	at fake.com.android.providers.downloads.e.h(Proguard:11)
06-12 18:58:33.530  1329  2396 W System.err: 	at fake.com.android.providers.downloads.e.c(Proguard:28)
06-12 18:58:33.530  1329  2396 W System.err: 	at fake.com.android.providers.downloads.a.c(Proguard:34)
06-12 18:58:33.530  1329  2396 W System.err: 	at fake.com.android.providers.downloads.e.c(Proguard:11)
06-12 18:58:33.530  1329  2396 W System.err: 	at fake.com.android.providers.downloads.a.d(Proguard:13)
06-12 18:58:33.530  1329  2396 W System.err: 	at fake.com.android.providers.downloads.a.run(Proguard:2)
06-12 18:58:33.530  1329  2396 W System.err: 	at fake.com.android.providers.downloads.e.run(Proguard:1)
06-12 18:58:33.530  1329  2396 W System.err: 	at java.util.concurrent.ThreadPoolExecutor.runWorker(ThreadPoolExecutor.java:1113)
06-12 18:58:33.530  1329  2396 W System.err: 	at java.util.concurrent.ThreadPoolExecutor$Worker.run(ThreadPoolExecutor.java:588)
06-12 18:58:33.530  1329  2396 W System.err: 	at java.lang.Thread.run(Thread.java:818)
06-12 18:58:33.530  1329  2396 W DownloadManager: Aborting request for download 14: closed socket before end of file
06-12 18:58:33.530  1329  2377 D LaunchDownloadThread: reportProgress: 
06-12 18:58:33.533  1329  2396 D ChunkThread: notifyDownloadCompleted: 
06-12 18:58:33.534  1329  2396 D DownloadManager: Download 14 finished with mStatus WAITING_TO_RETRY
06-12 18:58:33.606  1329  1385 D e       : updateAppStatus: status = 192
06-12 18:58:33.614  1329  2376 D LaunchDownloadThread: reportProgress: 
06-12 18:58:33.637  1329  1385 D e       : updateAppStatus: status = 192
06-12 18:58:33.734  1329  2376 D LaunchDownloadThread: reportProgress: 
06-12 18:58:33.786  1329  1385 D e       : updateAppStatus: status = 192
06-12 18:58:33.818  1329  2376 D LaunchDownloadThread: reportProgress: 
06-12 18:58:33.827  1329  2377 D LaunchDownloadThread: notifyDownloadCompleted 14 /data/mumu_store_apps/com.hermes.nvwa.yofun.mumu.apk 194 194
06-12 18:58:33.827  1329  2377 D DownloadManager: Download 14 finished with mStatus SUCCESS
06-12 18:58:33.854  1329  1385 D e       : updateAppStatus: status = 192
06-12 18:58:33.864  1329  1385 D e       : updateAppStatus: status = 194
06-12 18:58:33.886  1329  2389 D ChunkThread: handleEndOfStream /data/mumu_store_apps/com.nextjoy.wjmt.yofun.mumu.apk 973184085 3908523 false "6475651abecf8bad2f4791a47e7T:1621973471"
06-12 18:58:33.886  1329  2389 W System.err: n(495)
06-12 18:58:33.886  1329  2389 W System.err: 	at fake.com.android.providers.downloads.e.h(Proguard:11)
06-12 18:58:33.886  1329  2389 W System.err: 	at fake.com.android.providers.downloads.e.c(Proguard:28)
06-12 18:58:33.886  1329  2389 W System.err: 	at fake.com.android.providers.downloads.a.c(Proguard:34)
06-12 18:58:33.886  1329  2389 W System.err: 	at fake.com.android.providers.downloads.e.c(Proguard:11)
06-12 18:58:33.886  1329  2389 W System.err: 	at fake.com.android.providers.downloads.a.d(Proguard:13)
06-12 18:58:33.886  1329  2389 W System.err: 	at fake.com.android.providers.downloads.a.run(Proguard:2)
06-12 18:58:33.886  1329  2389 W System.err: 	at fake.com.android.providers.downloads.e.run(Proguard:1)
06-12 18:58:33.886  1329  2389 W System.err: 	at java.util.concurrent.ThreadPoolExecutor.runWorker(ThreadPoolExecutor.java:1113)
06-12 18:58:33.886  1329  2389 W System.err: 	at java.util.concurrent.ThreadPoolExecutor$Worker.run(ThreadPoolExecutor.java:588)
06-12 18:58:33.886  1329  2389 W System.err: 	at java.lang.Thread.run(Thread.java:818)
06-12 18:58:33.886  1329  2389 W DownloadManager: Aborting request for download 13: closed socket before end of file
06-12 18:58:33.887  1329  2376 D LaunchDownloadThread: reportProgress: 
06-12 18:58:33.916  1329  1385 D e       : updateAppStatus: status = 192
06-12 18:58:33.917  1329  2363 D DownloadInfo: startDownloadIfReady true false
06-12 18:58:33.920  1329  2389 D ChunkThread: notifyDownloadCompleted: 
06-12 18:58:33.921  1329  2389 D DownloadManager: Download 13 finished with mStatus WAITING_TO_RETRY
06-12 18:58:33.931  1329  1385 D e       : updateAppStatus: status = 192
06-12 18:58:33.939  1329  2389 D LaunchDownloadThread: initState: 
06-12 18:58:33.949  1329  2389 I DownloadManager: Download 14 starting
06-12 18:58:33.950  1329  2389 D LaunchDownloadThread: executeDownload: 
06-12 18:58:33.969  1329  2377 I DownloadManager: Download 14 starting
06-12 18:58:33.971  1329  2377 D DownloadManager: executeDownload: 
06-12 18:58:33.995  1329  2398 I DownloadManager: Download 14 starting
06-12 18:58:33.997  1329  2398 D DownloadManager: executeDownload: 
06-12 18:58:34.001  1329  2387 I DownloadManager: Download 14 starting
06-12 18:58:34.001  1329  2387 D DownloadManager: executeDownload: 
06-12 18:58:34.021  1329  2397 I DownloadManager: Download 14 starting
06-12 18:58:34.022  1329  2397 D DownloadManager: executeDownload: 
06-12 18:58:34.087  1329  2396 I DownloadManager: Download 14 starting
06-12 18:58:34.088  1329  2396 D DownloadManager: executeDownload: 
06-12 18:58:34.116  1329  1385 D e       : updateAppStatus: status = 192
06-12 18:58:34.136  1329  2387 I DownloadManager: executeDownload responseCode 206
06-12 18:58:34.316  1329  2376 D LaunchDownloadThread: reportProgress: 
06-12 18:58:34.390  1329  1385 D e       : updateAppStatus: status = 192
06-12 18:58:34.839  2356  2400 D GuardManager.GuardStateScheduler: [process] filterRealForegroundProcMap: invoked.  realProcMap: {com.tencent.mobileqq=1686567406292}
06-12 18:58:34.840  1329  2388 W art     : Long monitor contention event with owner method=void g.a.a(g.a, long, boolean) from Proguard:4294967295 waiters=1 for 434ms
06-12 18:58:34.846  1329  2386 W art     : Long monitor contention event with owner method=void g.a.a(g.a, long, boolean) from Proguard:4294967295 waiters=2 for 440ms
06-12 18:58:34.849  1329  2377 W art     : Long monitor contention event with owner method=void g.a.a(g.a, long, boolean) from Proguard:4294967295 waiters=3 for 442ms
06-12 18:58:34.850  1329  2377 I DownloadManager: executeDownload responseCode 206
06-12 18:58:34.850  1329  2387 W art     : Long monitor contention event with owner method=void g.a.a(g.a, long, boolean) from Proguard:4294967295 waiters=4 for 443ms
06-12 18:58:34.853  1329  2397 I DownloadManager: executeDownload responseCode 206
06-12 18:58:34.853  1329  2398 W art     : Long monitor contention event with owner method=void g.a.a(g.a, long, boolean) from Proguard:4294967295 waiters=6 for 114ms
06-12 18:58:34.859  1329  2389 D LaunchDownloadThread: reportProgress: 
06-12 18:58:35.218  1329  1385 D e       : updateAppStatus: status = 192
06-12 18:58:35.224  1329  2376 D LaunchDownloadThread: reportProgress: 
06-12 18:58:35.287  1329  2396 I DownloadManager: executeDownload responseCode 206
06-12 18:58:35.291  1329  2386 D ChunkThread: handleEndOfStream /data/mumu_store_apps/com.nextjoy.wjmt.yofun.mumu.apk 0 6311410 false "6475651abecf8bad2f4791a47e7T:1621973471"
06-12 18:58:35.292  1329  2386 W System.err: n(495)
06-12 18:58:35.292  1329  2386 W System.err: 	at fake.com.android.providers.downloads.e.h(Proguard:11)
06-12 18:58:35.292  1329  2386 W System.err: 	at fake.com.android.providers.downloads.e.c(Proguard:28)
06-12 18:58:35.292  1329  2386 W System.err: 	at fake.com.android.providers.downloads.a.c(Proguard:34)
06-12 18:58:35.292  1329  2386 W System.err: 	at fake.com.android.providers.downloads.e.c(Proguard:11)
06-12 18:58:35.292  1329  2386 W System.err: 	at fake.com.android.providers.downloads.a.d(Proguard:13)
06-12 18:58:35.292  1329  2386 W System.err: 	at fake.com.android.providers.downloads.a.run(Proguard:2)
06-12 18:58:35.292  1329  2386 W System.err: 	at fake.com.android.providers.downloads.e.run(Proguard:1)
06-12 18:58:35.292  1329  2386 W System.err: 	at java.util.concurrent.ThreadPoolExecutor.runWorker(ThreadPoolExecutor.java:1113)
06-12 18:58:35.292  1329  2386 W System.err: 	at java.util.concurrent.ThreadPoolExecutor$Worker.run(ThreadPoolExecutor.java:588)
06-12 18:58:35.292  1329  2386 W System.err: 	at java.lang.Thread.run(Thread.java:818)
06-12 18:58:35.292  1329  2386 W DownloadManager: Aborting request for download 13: closed socket before end of file
06-12 18:58:35.422  1329  2386 D ChunkThread: notifyDownloadCompleted: 
06-12 18:58:35.424  1329  2398 I DownloadManager: executeDownload responseCode 206
06-12 18:58:35.428  1329  2386 D DownloadManager: Download 13 finished with mStatus WAITING_TO_RETRY
06-12 18:58:35.728  1329  2389 D LaunchDownloadThread: reportProgress: 
06-12 18:58:35.798  1329  2376 D LaunchDownloadThread: reportProgress: 
06-12 18:58:35.806  1329  1385 D e       : updateAppStatus: status = 192
06-12 18:58:35.845  1329  2389 D LaunchDownloadThread: reportProgress: 
06-12 18:58:35.852  1329  1385 D e       : updateAppStatus: status = 192
06-12 18:58:35.888  1329  2376 D LaunchDownloadThread: reportProgress: 
06-12 18:58:35.918  1329  1385 D e       : updateAppStatus: status = 192
06-12 18:58:35.934  1329  2389 D LaunchDownloadThread: reportProgress: 
06-12 18:58:36.007  1329  1385 D e       : updateAppStatus: status = 192
06-12 18:58:36.097  1329  1385 D e       : updateAppStatus: status = 192
06-12 18:58:36.102  1329  1385 D e       : updateAppStatus: status = 192
06-12 18:58:36.104  1329  1385 D e       : updateAppStatus: status = 192
06-12 18:58:36.106  1329  1385 D e       : updateAppStatus: status = 192
06-12 18:58:36.118  1329  2389 D LaunchDownloadThread: reportProgress: 
06-12 18:58:36.251  1329  1385 D e       : updateAppStatus: status = 192
06-12 18:58:36.302  1329  2388 D ChunkThread: handleEndOfStream /data/mumu_store_apps/com.nextjoy.wjmt.yofun.mumu.apk 648789390 4586646 false "6475651abecf8bad2f4791a47e7T:1621973471"
06-12 18:58:36.302  1329  2388 W System.err: n(495)
06-12 18:58:36.302  1329  2388 W System.err: 	at fake.com.android.providers.downloads.e.h(Proguard:11)
06-12 18:58:36.302  1329  2388 W System.err: 	at fake.com.android.providers.downloads.e.c(Proguard:28)
06-12 18:58:36.302  1329  2388 W System.err: 	at fake.com.android.providers.downloads.a.c(Proguard:34)
06-12 18:58:36.302  1329  2388 W System.err: 	at fake.com.android.providers.downloads.e.c(Proguard:11)
06-12 18:58:36.302  1329  2388 W System.err: 	at fake.com.android.providers.downloads.a.d(Proguard:13)
06-12 18:58:36.302  1329  2388 W System.err: 	at fake.com.android.providers.downloads.a.run(Proguard:2)
06-12 18:58:36.302  1329  2388 W System.err: 	at fake.com.android.providers.downloads.e.run(Proguard:1)
06-12 18:58:36.302  1329  2388 W System.err: 	at java.util.concurrent.ThreadPoolExecutor.runWorker(ThreadPoolExecutor.java:1113)
06-12 18:58:36.302  1329  2388 W System.err: 	at java.util.concurrent.ThreadPoolExecutor$Worker.run(ThreadPoolExecutor.java:588)
06-12 18:58:36.302  1329  2388 W System.err: 	at java.lang.Thread.run(Thread.java:818)
06-12 18:58:36.302  1329  2388 W DownloadManager: Aborting request for download 13: closed socket before end of file
06-12 18:58:36.303  1329  2376 D LaunchDownloadThread: reportProgress: 
06-12 18:58:36.305  1329  2388 D ChunkThread: notifyDownloadCompleted: 
06-12 18:58:36.305  1329  2388 D DownloadManager: Download 13 finished with mStatus WAITING_TO_RETRY
06-12 18:58:36.366  1329  2389 D LaunchDownloadThread: reportProgress: 
06-12 18:58:36.984  1329  2376 D LaunchDownloadThread: reportProgress: 
06-12 18:58:37.005  1329  1385 D e       : updateAppStatus: status = 192
06-12 18:58:37.018  1329  2389 D LaunchDownloadThread: reportProgress: 
06-12 18:58:37.042  1329  1385 D e       : updateAppStatus: status = 192
06-12 18:58:37.092  1329  2389 D LaunchDownloadThread: reportProgress: 
06-12 18:58:37.199  1329  1385 D e       : updateAppStatus: status = 192
06-12 18:58:37.355  1329  1385 D e       : updateAppStatus: status = 192
06-12 18:58:37.385  1329  2389 D LaunchDownloadThread: reportProgress: 
06-12 18:58:37.387  1329  1385 D e       : updateAppStatus: status = 192
06-12 18:58:37.427  1329  1385 D e       : updateAppStatus: status = 192
06-12 18:58:37.442  1329  1385 D e       : updateAppStatus: status = 192
06-12 18:58:37.447  1329  2389 D LaunchDownloadThread: reportProgress: 
06-12 18:58:37.520  1329  1385 D e       : updateAppStatus: status = 192
06-12 18:58:37.605  1329  2376 D LaunchDownloadThread: reportProgress: 
06-12 18:58:37.624  1329  2390 D ChunkThread: handleEndOfStream /data/mumu_store_apps/com.nextjoy.wjmt.yofun.mumu.apk 1297578780 5673188 false "6475651abecf8bad2f4791a47e7T:1621973471"
06-12 18:58:37.624  1329  2390 W System.err: n(495)
06-12 18:58:37.625  1329  2390 W System.err: 	at fake.com.android.providers.downloads.e.h(Proguard:11)
06-12 18:58:37.625  1329  2390 W System.err: 	at fake.com.android.providers.downloads.e.c(Proguard:28)
06-12 18:58:37.625  1329  2390 W System.err: 	at fake.com.android.providers.downloads.a.c(Proguard:34)
06-12 18:58:37.625  1329  2390 W System.err: 	at fake.com.android.providers.downloads.e.c(Proguard:11)
06-12 18:58:37.625  1329  2390 W System.err: 	at fake.com.android.providers.downloads.a.d(Proguard:13)
06-12 18:58:37.625  1329  2390 W System.err: 	at fake.com.android.providers.downloads.a.run(Proguard:2)
06-12 18:58:37.625  1329  2390 W System.err: 	at fake.com.android.providers.downloads.e.run(Proguard:1)
06-12 18:58:37.625  1329  2390 W System.err: 	at java.util.concurrent.ThreadPoolExecutor.runWorker(ThreadPoolExecutor.java:1113)
06-12 18:58:37.625  1329  2390 W System.err: 	at java.util.concurrent.ThreadPoolExecutor$Worker.run(ThreadPoolExecutor.java:588)
06-12 18:58:37.625  1329  2390 W System.err: 	at java.lang.Thread.run(Thread.java:818)
06-12 18:58:37.625  1329  2390 W DownloadManager: Aborting request for download 13: closed socket before end of file
06-12 18:58:37.625  1329  2390 D ChunkThread: notifyDownloadCompleted: 
06-12 18:58:37.626  1329  2390 D DownloadManager: Download 13 finished with mStatus WAITING_TO_RETRY
06-12 18:58:37.735  1329  1385 D e       : updateAppStatus: status = 192
06-12 18:58:37.753  1329  1385 D e       : updateAppStatus: status = 192
06-12 18:58:37.887  1329  2389 D LaunchDownloadThread: reportProgress: 
06-12 18:58:38.072  1329  2376 D LaunchDownloadThread: notifyDownloadCompleted 13 /data/mumu_store_apps/com.nextjoy.wjmt.yofun.mumu.apk 190 190
06-12 18:58:38.073  1329  2376 D DownloadManager: Download 13 finished with mStatus SUCCESS
06-12 18:58:38.091  2356  2418 D QQDtReportHelper: 848QQDT [supplementReportForSwitchAccount] startTimestamp is 0
06-12 18:58:38.119  1329  1385 D e       : updateAppStatus: status = 190
06-12 18:58:38.119  1329  1385 D AppStoreModel: onDownloadPending: pkgData = PkgData{mId=9, mChannelName='MuMu', mChannelIcon='https://mumu-dl.fp.ps.netease.com/file/5b515a4b6f04940acb02418eNcAq2glp', mPkgName='com.nextjoy.wjmt.yofun.mumu', mVersionCode=1050000, mVersionName='1.5.0.0', mDownloadUrl='https://mumu-apk.fp.ps.netease.com/file/6475651abecf8bad2f4791a39S5zlWPH04', mSize=1621973471, mMd5='1699cc856f16cdcd9a6efd1ad52195ae', mGifts=[com.mumu.store.data.Gift@1383, com.mumu.store.data.Gift@1382, com.mumu.store.data.Gift@1381], mCoupons=null, mUpdateTips=null, defaultChnl=false, mQrcode='https://store-api.mumu.163.com/api/game/qrcode?url=https%3A//store-api.mumu.163.com/api/pkg/downlink/105556.apk', mForceUpdateVersion=1050000, mRemindUpdateVersion=0, mAutoDownloadTime=0, mDownloadBackupUrlLists=[], mAppId=23665, mAppData=id: 23665 name: 我叫MT：经典再现 , mState=DownloadingState(5), mTempStateValue=0, mUpgradeable=false, mInstalled=false, mLocalPkgVersion=-1, mDownloadId=13, mPercent=1, mFilePath='null', mLocalIcon=null, mDownloadStartTime=1686567394068, mDownloadCostTime=0, mInstallStartTime=0, mRedownloadCount=0, mCurrentBackUpDownloadUrlIndex=-1, mChannelType=0}
06-12 18:58:38.119  1329  1385 W System.err: PkgData{mId=9, mChannelName='MuMu', mChannelIcon='https://mumu-dl.fp.ps.netease.com/file/5b515a4b6f04940acb02418eNcAq2glp', mPkgName='com.nextjoy.wjmt.yofun.mumu', mVersionCode=1050000, mVersionName='1.5.0.0', mDownloadUrl='https://mumu-apk.fp.ps.netease.com/file/6475651abecf8bad2f4791a39S5zlWPH04', mSize=1621973471, mMd5='1699cc856f16cdcd9a6efd1ad52195ae', mGifts=[com.mumu.store.data.Gift@1383, com.mumu.store.data.Gift@1382, com.mumu.store.data.Gift@1381], mCoupons=null, mUpdateTips=null, defaultChnl=false, mQrcode='https://store-api.mumu.163.com/api/game/qrcode?url=https%3A//store-api.mumu.163.com/api/pkg/downlink/105556.apk', mForceUpdateVersion=1050000, mRemindUpdateVersion=0, mAutoDownloadTime=0, mDownloadBackupUrlLists=[], mAppId=23665, mAppData=id: 23665 name: 我叫MT：经典再现 , mState=DownloadingState(5), mTempStateValue=0, mUpgradeable=false, mInstalled=false, mLocalPkgVersion=-1, mDownloadId=13, mPercent=1, mFilePath='null', mLocalIcon=null, mDownloadStartTime=1686567394068, mDownloadCostTime=0, mInstallStartTime=0, mRedownloadCount=0, mCurrentBackUpDownloadUrlIndex=-1, mChannelType=0} is in DownloadingState(5), can't handle msg:3
06-12 18:58:38.119  1329  1385 W System.err: 	at com.mumu.store.core.statemachine.a.a(Proguard:4)
06-12 18:58:38.119  1329  1385 W System.err: 	at com.mumu.store.o.d$f.b(Proguard:2)
06-12 18:58:38.119  1329  1385 W System.err: 	at com.mumu.store.p.b.b(Proguard:1)
06-12 18:58:38.119  1329  1385 W System.err: 	at com.mumu.store.p.e.b(Proguard:2)
06-12 18:58:38.119  1329  1385 W System.err: 	at com.mumu.store.p.e.g(Proguard:12)
06-12 18:58:38.119  1329  1385 W System.err: 	at com.mumu.store.p.e.a(Proguard:5)
06-12 18:58:38.119  1329  1385 W System.err: 	at com.mumu.store.p.e.onChange(Proguard:2)
06-12 18:58:38.119  1329  1385 W System.err: 	at android.database.ContentObserver.onChange(ContentObserver.java:130)
06-12 18:58:38.119  1329  1385 W System.err: 	at android.database.ContentObserver.onChange(ContentObserver.java:145)
06-12 18:58:38.119  1329  1385 W System.err: 	at android.database.ContentObserver$NotificationRunnable.run(ContentObserver.java:216)
06-12 18:58:38.119  1329  1385 W System.err: 	at android.os.Handler.handleCallback(Handler.java:739)
06-12 18:58:38.119  1329  1385 W System.err: 	at android.os.Handler.dispatchMessage(Handler.java:95)
06-12 18:58:38.119  1329  1385 W System.err: 	at android.os.Looper.loop(Looper.java:148)
06-12 18:58:38.119  1329  1385 W System.err: 	at android.os.HandlerThread.run(HandlerThread.java:61)
06-12 18:58:38.238  1329  2363 D DownloadInfo: startDownloadIfReady true false
06-12 18:58:38.318  1329  1385 D e       : updateAppStatus: status = 192
06-12 18:58:38.322  1329  1385 D e       : updateAppStatus: status = 192
06-12 18:58:38.322  1329  1385 D AppStoreModel: onDownloadProgress: pkgData = 我叫MT：经典再现 percent = 1.0   index = -1
06-12 18:58:38.350  1329  2376 D LaunchDownloadThread: initState: 
06-12 18:58:38.352  1329  2376 I DownloadManager: Download 13 starting
06-12 18:58:38.353  1329  2376 D LaunchDownloadThread: executeDownload: 
06-12 18:58:38.392  1329  2395 I DownloadManager: Download 13 starting
06-12 18:58:38.392  1329  2395 D DownloadManager: executeDownload: 
06-12 18:58:38.397  1329  2390 I DownloadManager: Download 13 starting
06-12 18:58:38.397  1329  2390 D DownloadManager: executeDownload: 
06-12 18:58:38.407  1329  2748 I DownloadManager: Download 13 starting
06-12 18:58:38.415  1329  2386 I DownloadManager: Download 13 starting
06-12 18:58:38.415  1329  2386 D DownloadManager: executeDownload: 
06-12 18:58:38.418  1329  2748 D DownloadManager: executeDownload: 
06-12 18:58:38.514  1329  1341 W art     : Suspending all threads took: 8.137ms
06-12 18:58:38.520  1329  2388 I DownloadManager: Download 13 starting
06-12 18:58:38.522  1329  2388 D DownloadManager: executeDownload: 
06-12 18:58:38.523  1329  2389 D LaunchDownloadThread: reportProgress: 
06-12 18:58:39.284  1329  2351 W art     : Long monitor contention event with owner method=void g.a.a(g.a, long, boolean) from Proguard:4294967295 waiters=1 for 764ms
06-12 18:58:39.284  1329  2387 W art     : Long monitor contention event with owner method=void g.a.a(g.a, long, boolean) from Proguard:4294967295 waiters=2 for 763ms
06-12 18:58:39.285  1329  2398 W art     : Long monitor contention event with owner method=void g.a.a(g.a, long, boolean) from Proguard:4294967295 waiters=3 for 763ms
06-12 18:58:39.285  1329  2397 W art     : Long monitor contention event with owner method=void g.a.a(g.a, long, boolean) from Proguard:4294967295 waiters=4 for 763ms
06-12 18:58:39.286  1329  2396 W art     : Long monitor contention event with owner method=void g.a.a(g.a, long, boolean) from Proguard:4294967295 waiters=5 for 749ms
06-12 18:58:39.286  1329  2395 W art     : Long monitor contention event with owner method=void g.a.a(g.a, long, boolean) from Proguard:4294967295 waiters=6 for 482ms
06-12 18:58:39.286  1329  2395 I DownloadManager: executeDownload responseCode 206
06-12 18:58:39.292  1329  2376 D LaunchDownloadThread: reportProgress: 
06-12 18:58:39.323  1329  2389 D LaunchDownloadThread: reportProgress: 
06-12 18:58:39.386  1329  2390 I DownloadManager: executeDownload responseCode 206
06-12 18:58:39.417  1329  2388 I DownloadManager: executeDownload responseCode 206
06-12 18:58:39.879  1329  2748 I DownloadManager: executeDownload responseCode 206
06-12 18:58:40.002  1329  1385 D e       : updateAppStatus: status = 192
06-12 18:58:41.944  1329  2376 D LaunchDownloadThread: reportProgress: 
06-12 18:58:41.975  1329  2389 D LaunchDownloadThread: reportProgress: 
06-12 18:58:41.993  1329  1385 D e       : updateAppStatus: status = 192
06-12 18:58:42.008  1329  2386 I DownloadManager: executeDownload responseCode 206
06-12 18:58:42.022  1329  1385 D e       : updateAppStatus: status = 192
06-12 18:58:42.031  1329  2389 D LaunchDownloadThread: reportProgress: 
06-12 18:58:42.086  1329  2376 D LaunchDownloadThread: reportProgress: 
06-12 18:58:42.105  1329  1385 D e       : updateAppStatus: status = 192
06-12 18:58:42.130  1329  1385 D e       : updateAppStatus: status = 192
06-12 18:58:42.137  1329  2389 D LaunchDownloadThread: reportProgress: 
06-12 18:58:42.676  1329  2376 D LaunchDownloadThread: reportProgress: 
06-12 18:58:42.694  1329  1385 D e       : updateAppStatus: status = 192
06-12 18:58:42.855  1329  2389 D LaunchDownloadThread: reportProgress: 
06-12 18:58:42.856  1329  1385 W art     : Long monitor contention event with owner method=android.database.sqlite.SQLiteConnection android.database.sqlite.SQLiteConnectionPool.waitForConnection(java.lang.String, int, android.os.CancellationSignal) from SQLiteConnectionPool.java:598 waiters=1 for 119ms
06-12 18:58:42.934  1329  1385 D e       : updateAppStatus: status = 192
06-12 18:58:42.948  1329  2376 D LaunchDownloadThread: reportProgress: 
06-12 18:58:42.960  1329  1385 D e       : updateAppStatus: status = 192
06-12 18:58:42.970  1329  2389 D LaunchDownloadThread: reportProgress: 
06-12 18:58:43.002  1329  1385 D e       : updateAppStatus: status = 192
06-12 18:58:43.013  1329  2376 D LaunchDownloadThread: reportProgress: 
06-12 18:58:43.024  1329  2389 D LaunchDownloadThread: reportProgress: 
06-12 18:58:43.029  1329  1385 D e       : updateAppStatus: status = 192
06-12 18:58:43.061  1329  2376 D LaunchDownloadThread: reportProgress: 
06-12 18:58:43.077  1329  1385 D e       : updateAppStatus: status = 192
06-12 18:58:43.096  1329  2389 D LaunchDownloadThread: reportProgress: 
06-12 18:58:43.102  1329  1385 D e       : updateAppStatus: status = 192
06-12 18:58:43.128  1329  2376 D LaunchDownloadThread: reportProgress: 
06-12 18:58:43.136  1329  1385 D e       : updateAppStatus: status = 192
06-12 18:58:43.147  1329  1385 D e       : updateAppStatus: status = 192
06-12 18:58:43.418  1329  1385 D e       : updateAppStatus: status = 192
06-12 18:58:43.509  1329  1385 D e       : updateAppStatus: status = 192
06-12 18:58:43.524  1329  2376 D LaunchDownloadThread: reportProgress: 
06-12 18:58:43.534  1329  2389 D LaunchDownloadThread: reportProgress: 
06-12 18:58:43.687  1329  1385 D e       : updateAppStatus: status = 192
06-12 18:58:43.717  1329  2376 D LaunchDownloadThread: reportProgress: 
06-12 18:58:43.736  1329  2389 D LaunchDownloadThread: reportProgress: 
06-12 18:58:43.772  1329  1385 D e       : updateAppStatus: status = 192
06-12 18:58:43.784  1329  2376 D LaunchDownloadThread: reportProgress: 
06-12 18:58:43.889  1329  1385 D e       : updateAppStatus: status = 192
06-12 18:58:43.894  1329  2389 D LaunchDownloadThread: reportProgress: 
06-12 18:58:43.937  1329  2376 D LaunchDownloadThread: reportProgress: 
06-12 18:58:44.005  1329  1385 D e       : updateAppStatus: status = 192
06-12 18:58:44.538  1329  2389 D LaunchDownloadThread: reportProgress: 
06-12 18:58:44.589  1329  1385 D e       : updateAppStatus: status = 192
06-12 18:58:44.589  1329  1385 D EventBus: No subscribers registered for event class com.mumu.store.data.PkgData
06-12 18:58:44.589  1329  1385 D EventBus: No subscribers registered for event class org.greenrobot.eventbus.h
06-12 18:58:44.595   949  1109 I create_screen: InstallationUpdatedTask: mOp = 2
06-12 18:58:44.602  1329  1385 D AppStoreModel: onDownloadProgress: pkgData = 神仙道3（赢电竞外设） percent = 4.0   index = -1
06-12 18:58:44.773  1329  2376 D LaunchDownloadThread: reportProgress: 
06-12 18:58:44.782  1329  1385 D e       : updateAppStatus: status = 192
06-12 18:58:44.808  1329  2389 D LaunchDownloadThread: reportProgress: 
06-12 18:58:44.824   949   949 I Launcher: Deferring update until onResume
06-12 18:58:44.826  1329  2376 D LaunchDownloadThread: reportProgress: 
06-12 18:58:44.856  1329  1385 D e       : updateAppStatus: status = 192
06-12 18:58:45.060  1329  1385 D e       : updateAppStatus: status = 192
06-12 18:58:45.062  1329  1385 D e       : updateAppStatus: status = 192
06-12 18:58:45.089  1329  2376 D LaunchDownloadThread: reportProgress: 
06-12 18:58:45.105  1329  1385 D e       : updateAppStatus: status = 192
06-12 18:58:45.110  1329  1385 D e       : updateAppStatus: status = 192
06-12 18:58:45.131  1329  2389 D LaunchDownloadThread: reportProgress: 
06-12 18:58:45.398  1329  2376 D LaunchDownloadThread: reportProgress: 
06-12 18:58:45.405  1329  1385 D e       : updateAppStatus: status = 192
06-12 18:58:45.423  1329  1385 D e       : updateAppStatus: status = 192
06-12 18:58:45.524  1329  2389 D LaunchDownloadThread: reportProgress: 
06-12 18:58:45.537  1329  2376 D LaunchDownloadThread: reportProgress: 
06-12 18:58:45.679  1329  1385 D e       : updateAppStatus: status = 192
06-12 18:58:46.136  1329  1385 D e       : updateAppStatus: status = 192
06-12 18:58:46.145  1329  1385 D e       : updateAppStatus: status = 192
06-12 18:58:46.161  1329  1385 D e       : updateAppStatus: status = 192
06-12 18:58:46.271  1329  2389 D LaunchDownloadThread: reportProgress: 
06-12 18:58:46.329  1329  2376 D LaunchDownloadThread: reportProgress: 
06-12 18:58:46.359  1329  2389 D LaunchDownloadThread: reportProgress: 
06-12 18:58:46.403  1329  1385 D e       : updateAppStatus: status = 192
06-12 18:58:46.424  1329  2376 D LaunchDownloadThread: reportProgress: 
06-12 18:58:46.484  1329  2389 D LaunchDownloadThread: reportProgress: 
06-12 18:58:46.539  1329  1385 D e       : updateAppStatus: status = 192
06-12 18:58:46.609  1329  2376 D LaunchDownloadThread: reportProgress: 
06-12 18:58:46.621  1329  1385 D e       : updateAppStatus: status = 192
06-12 18:58:46.677  1329  2389 D LaunchDownloadThread: reportProgress: 
06-12 18:58:46.868  1329  1385 D e       : updateAppStatus: status = 192
06-12 18:58:46.930  1329  1385 D e       : updateAppStatus: status = 192
06-12 18:58:46.939  1329  1385 D e       : updateAppStatus: status = 192
06-12 18:58:47.000  1329  2376 D LaunchDownloadThread: reportProgress: 
06-12 18:58:47.045  1329  2389 D LaunchDownloadThread: reportProgress: 
06-12 18:58:47.079  1329  1385 D e       : updateAppStatus: status = 192
06-12 18:58:47.095  1329  2376 D LaunchDownloadThread: reportProgress: 
06-12 18:58:47.128  1329  1385 D e       : updateAppStatus: status = 192
06-12 18:58:47.306  1329  2389 D LaunchDownloadThread: reportProgress: 
06-12 18:58:47.422  1329  1385 D e       : updateAppStatus: status = 192
06-12 18:58:47.526  1329  1385 D e       : updateAppStatus: status = 192
06-12 18:58:47.532  1329  1385 D e       : updateAppStatus: status = 192
06-12 18:58:47.924  1329  2376 D LaunchDownloadThread: reportProgress: 
06-12 18:58:47.927  1329  2389 D LaunchDownloadThread: reportProgress: 
06-12 18:58:48.029  1329  2376 D LaunchDownloadThread: reportProgress: 
06-12 18:58:48.171  1329  2389 D LaunchDownloadThread: reportProgress: 
06-12 18:58:48.221  1329  1385 D e       : updateAppStatus: status = 192
06-12 18:58:48.307  1329  2376 D LaunchDownloadThread: reportProgress: 
06-12 18:58:48.311  1329  1385 D e       : updateAppStatus: status = 192
06-12 18:58:48.337  1329  2389 D LaunchDownloadThread: reportProgress: 
06-12 18:58:48.388  1329  1385 D e       : updateAppStatus: status = 192
06-12 18:58:48.421  1329  1385 D e       : updateAppStatus: status = 192
06-12 18:58:48.463  1329  1385 D e       : updateAppStatus: status = 192
06-12 18:58:48.530  1329  2389 D LaunchDownloadThread: reportProgress: 
06-12 18:58:48.546  1329  1385 D e       : updateAppStatus: status = 192
06-12 18:58:48.725  1329  2376 D LaunchDownloadThread: reportProgress: 
06-12 18:58:48.770  1329  2376 D LaunchDownloadThread: reportProgress: 
06-12 18:58:48.938  1329  1385 D e       : updateAppStatus: status = 192
06-12 18:58:48.990  1329  1385 D e       : updateAppStatus: status = 192
06-12 18:58:48.994  1329  1385 D e       : updateAppStatus: status = 192
06-12 18:58:49.292  1329  2389 D LaunchDownloadThread: reportProgress: 
06-12 18:58:49.405  1329  2376 D LaunchDownloadThread: reportProgress: 
06-12 18:58:49.419  1329  2389 D LaunchDownloadThread: reportProgress: 
06-12 18:58:49.475  1329  1385 D e       : updateAppStatus: status = 192
06-12 18:58:49.490  1329  2376 D LaunchDownloadThread: reportProgress: 
06-12 18:58:49.520  1329  2389 D LaunchDownloadThread: reportProgress: 
06-12 18:58:49.540  1329  1385 D e       : updateAppStatus: status = 192
06-12 18:58:49.630  1329  1385 D e       : updateAppStatus: status = 192
06-12 18:58:49.647  1329  1385 D e       : updateAppStatus: status = 192
06-12 18:58:49.859  1329  1385 D e       : updateAppStatus: status = 192
06-12 18:58:49.878  1329  2389 D LaunchDownloadThread: reportProgress: 
06-12 18:58:49.924  1329  2376 D LaunchDownloadThread: reportProgress: 
06-12 18:58:50.082  1329  2389 D LaunchDownloadThread: reportProgress: 
06-12 18:58:50.087  1329  1385 D e       : updateAppStatus: status = 192
06-12 18:58:50.093  1329  1385 D e       : updateAppStatus: status = 192
06-12 18:58:50.220  1329  2376 D LaunchDownloadThread: reportProgress: 
06-12 18:58:50.308   595  1048 D NetlinkSocketObserver: NeighborEvent{elapsedMs=3675388, 10.0.2.2, [525400123502], RTM_NEWNEIGH, NUD_STALE}
06-12 18:58:50.311  1329  1385 D e       : updateAppStatus: status = 192
06-12 18:58:50.374  1329  1385 D e       : updateAppStatus: status = 192
06-12 18:58:50.384  1329  2376 D LaunchDownloadThread: reportProgress: 
06-12 18:58:50.489  1329  2389 D LaunchDownloadThread: reportProgress: 
06-12 18:58:50.545  1329  1385 D e       : updateAppStatus: status = 192
06-12 18:58:50.593  1329  1385 D e       : updateAppStatus: status = 192
06-12 18:58:50.934  1329  2376 D LaunchDownloadThread: reportProgress: 
06-12 18:58:51.107  1329  2389 D LaunchDownloadThread: reportProgress: 
06-12 18:58:51.180  1329  2376 D LaunchDownloadThread: reportProgress: 
06-12 18:58:51.217  1329  1385 D e       : updateAppStatus: status = 192
06-12 18:58:51.233  1329  2389 D LaunchDownloadThread: reportProgress: 
06-12 18:58:51.280  1329  1385 D e       : updateAppStatus: status = 192
06-12 18:58:51.280  1329  1385 D EventBus: No subscribers registered for event class com.mumu.store.data.PkgData
06-12 18:58:51.280  1329  1385 D EventBus: No subscribers registered for event class org.greenrobot.eventbus.h
06-12 18:58:51.290   949  1109 I create_screen: InstallationUpdatedTask: mOp = 2
06-12 18:58:51.297  1329  1385 D AppStoreModel: onDownloadProgress: pkgData = 神仙道3（赢电竞外设） percent = 5.0   index = -1
06-12 18:58:51.374  1329  2389 D LaunchDownloadThread: reportProgress: 
06-12 18:58:51.408  1329  2376 D LaunchDownloadThread: reportProgress: 
06-12 18:58:51.644  1329  1385 D e       : updateAppStatus: status = 192
06-12 18:58:51.807  1329  2389 D LaunchDownloadThread: reportProgress: 
06-12 18:58:51.843  1329  1385 D e       : updateAppStatus: status = 192
06-12 18:58:51.857   949   949 I Launcher: Deferring update until onResume
06-12 18:58:51.876  1329  2376 D LaunchDownloadThread: reportProgress: 
06-12 18:58:51.928  1329  1385 D e       : updateAppStatus: status = 192
06-12 18:58:51.977  1329  1385 D e       : updateAppStatus: status = 192
06-12 18:58:52.061  1329  2389 D LaunchDownloadThread: reportProgress: 
06-12 18:58:52.077  1329  2376 D LaunchDownloadThread: reportProgress: 
06-12 18:58:52.141  1329  1385 D e       : updateAppStatus: status = 192
06-12 18:58:52.352  1329  1385 D e       : updateAppStatus: status = 192
06-12 18:58:52.424  1329  1385 D e       : updateAppStatus: status = 192
06-12 18:58:52.492  1329  2376 D LaunchDownloadThread: reportProgress: 
06-12 18:58:52.561  1329  1385 D e       : updateAppStatus: status = 192
06-12 18:58:52.623  1329  2389 D LaunchDownloadThread: reportProgress: 
06-12 18:58:52.665  1329  1385 D e       : updateAppStatus: status = 192
06-12 18:58:52.722  1329  2376 D LaunchDownloadThread: reportProgress: 
06-12 18:58:52.778  1329  2389 D LaunchDownloadThread: reportProgress: 
06-12 18:58:52.825  1329  1385 D e       : updateAppStatus: status = 192
06-12 18:58:52.832  1329  1385 D e       : updateAppStatus: status = 192
06-12 18:58:52.972  1329  2376 D LaunchDownloadThread: reportProgress: 
06-12 18:58:53.005  1329  2389 D LaunchDownloadThread: reportProgress: 
06-12 18:58:53.029  1329  1385 D e       : updateAppStatus: status = 192
06-12 18:58:53.175  1329  2748 W art     : Long monitor contention event with owner method=void g.a.a(g.a, long, boolean) from Proguard:4294967295 waiters=2 for 122ms
06-12 18:58:53.176  1329  2390 W art     : Long monitor contention event with owner method=void g.a.a(g.a, long, boolean) from Proguard:4294967295 waiters=4 for 123ms
06-12 18:58:53.330  1329  2389 D LaunchDownloadThread: reportProgress: 
06-12 18:58:53.376  1329  1385 D e       : updateAppStatus: status = 192
06-12 18:58:53.408  1329  2376 D LaunchDownloadThread: reportProgress: 
06-12 18:58:53.425  1329  1385 D e       : updateAppStatus: status = 192
06-12 18:58:53.628  1329  2376 D LaunchDownloadThread: reportProgress: 
06-12 18:58:53.737  1329  1385 D e       : updateAppStatus: status = 192
06-12 18:58:53.749   595   605 I art     : Background partial concurrent mark sweep GC freed 7983(375KB) AllocSpace objects, 0(0B) LOS objects, 33% free, 9MB/14MB, paused 1.127ms total 134.064ms
06-12 18:58:53.779  1329  2389 D LaunchDownloadThread: reportProgress: 
06-12 18:58:53.884  1329  1385 D e       : updateAppStatus: status = 192
06-12 18:58:53.929  1329  1385 D e       : updateAppStatus: status = 192
06-12 18:58:53.948  1329  1385 D e       : updateAppStatus: status = 192
06-12 18:58:54.008  1329  2376 D LaunchDownloadThread: reportProgress: 
06-12 18:58:54.141  1329  1385 D e       : updateAppStatus: status = 192
06-12 18:58:54.240  1329  2389 D LaunchDownloadThread: reportProgress: 
06-12 18:58:54.259  1329  2376 D LaunchDownloadThread: reportProgress: 
06-12 18:58:54.281  1329  2389 D LaunchDownloadThread: reportProgress: 
06-12 18:58:54.298  1329  1385 D e       : updateAppStatus: status = 192
06-12 18:58:54.358  1329  1385 D e       : updateAppStatus: status = 192
06-12 18:58:54.363  1329  1385 D e       : updateAppStatus: status = 192
06-12 18:58:54.363  1329  1385 D EventBus: No subscribers registered for event class com.mumu.store.data.PkgData
06-12 18:58:54.363  1329  1385 D EventBus: No subscribers registered for event class org.greenrobot.eventbus.h
06-12 18:58:54.365   949  1109 I create_screen: InstallationUpdatedTask: mOp = 2
06-12 18:58:54.381  1329  1385 D AppStoreModel: onDownloadProgress: pkgData = 我叫MT：经典再现 percent = 2.0   index = -1
06-12 18:58:54.569  1329  2376 D LaunchDownloadThread: reportProgress: 
06-12 18:58:54.607  1329  2389 D LaunchDownloadThread: reportProgress: 
